Archive member included to satisfy reference by file (symbol)

/opt/st/stm32cubeide_1.11.2/plugins/com.st.stm32cube.ide.mcu.externaltools.gnu-tools-for-stm32.10.3-2021.10.linux64_1.0.100.202210260954/tools/bin/../lib/gcc/arm-none-eabi/10.3.1/../../../../arm-none-eabi/lib/thumb/v7e-m+fp/hard/libc_nano.a(lib_a-errno.o)
                              ./Core/Src/syscalls.o (__errno)
/opt/st/stm32cubeide_1.11.2/plugins/com.st.stm32cube.ide.mcu.externaltools.gnu-tools-for-stm32.10.3-2021.10.linux64_1.0.100.202210260954/tools/bin/../lib/gcc/arm-none-eabi/10.3.1/../../../../arm-none-eabi/lib/thumb/v7e-m+fp/hard/libc_nano.a(lib_a-exit.o)
                              /opt/st/stm32cubeide_1.11.2/plugins/com.st.stm32cube.ide.mcu.externaltools.gnu-tools-for-stm32.10.3-2021.10.linux64_1.0.100.202210260954/tools/bin/../lib/gcc/arm-none-eabi/10.3.1/../../../../arm-none-eabi/lib/thumb/v7e-m+fp/hard/crt0.o (exit)
/opt/st/stm32cubeide_1.11.2/plugins/com.st.stm32cube.ide.mcu.externaltools.gnu-tools-for-stm32.10.3-2021.10.linux64_1.0.100.202210260954/tools/bin/../lib/gcc/arm-none-eabi/10.3.1/../../../../arm-none-eabi/lib/thumb/v7e-m+fp/hard/libc_nano.a(lib_a-impure.o)
                              /opt/st/stm32cubeide_1.11.2/plugins/com.st.stm32cube.ide.mcu.externaltools.gnu-tools-for-stm32.10.3-2021.10.linux64_1.0.100.202210260954/tools/bin/../lib/gcc/arm-none-eabi/10.3.1/../../../../arm-none-eabi/lib/thumb/v7e-m+fp/hard/libc_nano.a(lib_a-exit.o) (_global_impure_ptr)
/opt/st/stm32cubeide_1.11.2/plugins/com.st.stm32cube.ide.mcu.externaltools.gnu-tools-for-stm32.10.3-2021.10.linux64_1.0.100.202210260954/tools/bin/../lib/gcc/arm-none-eabi/10.3.1/../../../../arm-none-eabi/lib/thumb/v7e-m+fp/hard/libc_nano.a(lib_a-init.o)
                              /opt/st/stm32cubeide_1.11.2/plugins/com.st.stm32cube.ide.mcu.externaltools.gnu-tools-for-stm32.10.3-2021.10.linux64_1.0.100.202210260954/tools/bin/../lib/gcc/arm-none-eabi/10.3.1/../../../../arm-none-eabi/lib/thumb/v7e-m+fp/hard/crt0.o (__libc_init_array)
/opt/st/stm32cubeide_1.11.2/plugins/com.st.stm32cube.ide.mcu.externaltools.gnu-tools-for-stm32.10.3-2021.10.linux64_1.0.100.202210260954/tools/bin/../lib/gcc/arm-none-eabi/10.3.1/../../../../arm-none-eabi/lib/thumb/v7e-m+fp/hard/libc_nano.a(lib_a-memcpy-stub.o)
                              ./Core/Src/GPS_Receiver.o (memcpy)
/opt/st/stm32cubeide_1.11.2/plugins/com.st.stm32cube.ide.mcu.externaltools.gnu-tools-for-stm32.10.3-2021.10.linux64_1.0.100.202210260954/tools/bin/../lib/gcc/arm-none-eabi/10.3.1/../../../../arm-none-eabi/lib/thumb/v7e-m+fp/hard/libc_nano.a(lib_a-memset.o)
                              /opt/st/stm32cubeide_1.11.2/plugins/com.st.stm32cube.ide.mcu.externaltools.gnu-tools-for-stm32.10.3-2021.10.linux64_1.0.100.202210260954/tools/bin/../lib/gcc/arm-none-eabi/10.3.1/../../../../arm-none-eabi/lib/thumb/v7e-m+fp/hard/crt0.o (memset)
/opt/st/stm32cubeide_1.11.2/plugins/com.st.stm32cube.ide.mcu.externaltools.gnu-tools-for-stm32.10.3-2021.10.linux64_1.0.100.202210260954/tools/bin/../lib/gcc/arm-none-eabi/10.3.1/../../../../arm-none-eabi/lib/thumb/v7e-m+fp/hard/libc_nano.a(lib_a-nano-vfprintf_float.o)
                              (_printf_float)
/opt/st/stm32cubeide_1.11.2/plugins/com.st.stm32cube.ide.mcu.externaltools.gnu-tools-for-stm32.10.3-2021.10.linux64_1.0.100.202210260954/tools/bin/../lib/gcc/arm-none-eabi/10.3.1/../../../../arm-none-eabi/lib/thumb/v7e-m+fp/hard/libc_nano.a(lib_a-nano-vfprintf_i.o)
                              /opt/st/stm32cubeide_1.11.2/plugins/com.st.stm32cube.ide.mcu.externaltools.gnu-tools-for-stm32.10.3-2021.10.linux64_1.0.100.202210260954/tools/bin/../lib/gcc/arm-none-eabi/10.3.1/../../../../arm-none-eabi/lib/thumb/v7e-m+fp/hard/libc_nano.a(lib_a-nano-vfprintf_float.o) (_printf_common)
/opt/st/stm32cubeide_1.11.2/plugins/com.st.stm32cube.ide.mcu.externaltools.gnu-tools-for-stm32.10.3-2021.10.linux64_1.0.100.202210260954/tools/bin/../lib/gcc/arm-none-eabi/10.3.1/../../../../arm-none-eabi/lib/thumb/v7e-m+fp/hard/libc_nano.a(lib_a-printf.o)
                              ./Core/Src/ICM20602.o (printf)
/opt/st/stm32cubeide_1.11.2/plugins/com.st.stm32cube.ide.mcu.externaltools.gnu-tools-for-stm32.10.3-2021.10.linux64_1.0.100.202210260954/tools/bin/../lib/gcc/arm-none-eabi/10.3.1/../../../../arm-none-eabi/lib/thumb/v7e-m+fp/hard/libc_nano.a(lib_a-strlen.o)
                              /opt/st/stm32cubeide_1.11.2/plugins/com.st.stm32cube.ide.mcu.externaltools.gnu-tools-for-stm32.10.3-2021.10.linux64_1.0.100.202210260954/tools/bin/../lib/gcc/arm-none-eabi/10.3.1/../../../../arm-none-eabi/lib/thumb/v7e-m+fp/hard/libc_nano.a(lib_a-nano-vfprintf_float.o) (strlen)
/opt/st/stm32cubeide_1.11.2/plugins/com.st.stm32cube.ide.mcu.externaltools.gnu-tools-for-stm32.10.3-2021.10.linux64_1.0.100.202210260954/tools/bin/../lib/gcc/arm-none-eabi/10.3.1/../../../../arm-none-eabi/lib/thumb/v7e-m+fp/hard/libc_nano.a(lib_a-dtoa.o)
[...]
Memory Configuration

Name             Origin             Length             Attributes
CCMRAM           0x0000000010000000 0x0000000000010000 xrw
RAM              0x0000000020000000 0x0000000000020000 xrw
FLASH            0x0000000008000000 0x0000000000100000 xr
*default*        0x0000000000000000 0xffffffffffffffff

Linker script and memory map

LOAD /opt/st/stm32cubeide_1.11.2/plugins/com.st.stm32cube.ide.mcu.externaltools.gnu-tools-for-stm32.10.3-2021.10.linux64_1.0.100.202210260954/tools/bin/../lib/gcc/arm-none-eabi/10.3.1/thumb/v7e-m+fp/hard/crti.o
LOAD /opt/st/stm32cubeide_1.11.2/plugins/com.st.stm32cube.ide.mcu.externaltools.gnu-tools-for-stm32.10.3-2021.10.linux64_1.0.100.202210260954/tools/bin/../lib/gcc/arm-none-eabi/10.3.1/thumb/v7e-m+fp/hard/crtbegin.o
LOAD /opt/st/stm32cubeide_1.11.2/plugins/com.st.stm32cube.ide.mcu.externaltools.gnu-tools-for-stm32.10.3-2021.10.linux64_1.0.100.202210260954/tools/bin/../lib/gcc/arm-none-eabi/10.3.1/../../../../arm-none-eabi/lib/thumb/v7e-m+fp/hard/crt0.o
LOAD ./Core/Src/GPS_Receiver.o
LOAD ./Core/Src/ICM20602.o
LOAD ./Core/Src/Quaternion.o
LOAD ./Core/Src/SBUS_Receiver.o
LOAD ./Core/Src/dma.o
LOAD ./Core/Src/gpio.o
LOAD ./Core/Src/main.o
LOAD ./Core/Src/spi.o
LOAD ./Core/Src/stm32f4xx_it.o
LOAD ./Core/Src/syscalls.o
LOAD ./Core/Src/sysmem.o
LOAD ./Core/Src/system_stm32f4xx.o
LOAD ./Core/Src/tim.o
LOAD ./Core/Src/usart.o
LOAD ./Core/Startup/startup_stm32f405rgtx.o
LOAD ./Drivers/STM32F4xx_HAL_Driver/Src/stm32f4xx_ll_dma.o
LOAD ./Drivers/STM32F4xx_HAL_Driver/Src/stm32f4xx_ll_exti.o
LOAD ./Drivers/STM32F4xx_HAL_Driver/Src/stm32f4xx_ll_gpio.o
LOAD ./Drivers/STM32F4xx_HAL_Driver/Src/stm32f4xx_ll_rcc.o
LOAD ./Drivers/STM32F4xx_HAL_Driver/Src/stm32f4xx_ll_spi.o
LOAD ./Drivers/STM32F4xx_HAL_Driver/Src/stm32f4xx_ll_tim.o
LOAD ./Drivers/STM32F4xx_HAL_Driver/Src/stm32f4xx_ll_usart.o
LOAD ./Drivers/STM32F4xx_HAL_Driver/Src/stm32f4xx_ll_utils.o
START GROUP
LOAD /opt/st/stm32cubeide_1.11.2/plugins/com.st.stm32cube.ide.mcu.externaltools.gnu-tools-for-stm32.10.3-2021.10.linux64_1.0.100.202210260954/tools/bin/../lib/gcc/arm-none-eabi/10.3.1/../../../../arm-none-eabi/lib/thumb/v7e-m+fp/hard/libc_nano.a
LOAD /opt/st/stm32cubeide_1.11.2/plugins/com.st.stm32cube.ide.mcu.externaltools.gnu-tools-for-stm32.10.3-2021.10.linux64_1.0.100.202210260954/tools/bin/../lib/gcc/arm-none-eabi/10.3.1/../../../../arm-none-eabi/lib/thumb/v7e-m+fp/hard/libm.a
END GROUP
START GROUP
LOAD /opt/st/stm32cubeide_1.11.2/plugins/com.st.stm32cube.ide.mcu.externaltools.gnu-tools-for-stm32.10.3-2021.10.linux64_1.0.100.202210260954/tools/bin/../lib/gcc/arm-none-eabi/10.3.1/thumb/v7e-m+fp/hard/libgcc.a
LOAD /opt/st/stm32cubeide_1.11.2/plugins/com.st.stm32cube.ide.mcu.externaltools.gnu-tools-for-stm32.10.3-2021.10.linux64_1.0.100.202210260954/tools/bin/../lib/gcc/arm-none-eabi/10.3.1/../../../../arm-none-eabi/lib/thumb/v7e-m+fp/hard/libc_nano.a
END GROUP
START GROUP
LOAD /opt/st/stm32cubeide_1.11.2/plugins/com.st.stm32cube.ide.mcu.externaltools.gnu-tools-for-stm32.10.3-2021.10.linux64_1.0.100.202210260954/tools/bin/../lib/gcc/arm-none-eabi/10.3.1/thumb/v7e-m+fp/hard/libgcc.a
LOAD /opt/st/stm32cubeide_1.11.2/plugins/com.st.stm32cube.ide.mcu.externaltools.gnu-tools-for-stm32.10.3-2021.10.linux64_1.0.100.202210260954/tools/bin/../lib/gcc/arm-none-eabi/10.3.1/../../../../arm-none-eabi/lib/thumb/v7e-m+fp/hard/libc_nano.a
LOAD /opt/st/stm32cubeide_1.11.2/plugins/com.st.stm32cube.ide.mcu.externaltools.gnu-tools-for-stm32.10.3-2021.10.linux64_1.0.100.202210260954/tools/bin/../lib/gcc/arm-none-eabi/10.3.1/../../../../arm-none-eabi/lib/thumb/v7e-m+fp/hard/libnosys.a
END GROUP
START GROUP
LOAD /opt/st/stm32cubeide_1.11.2/plugins/com.st.stm32cube.ide.mcu.externaltools.gnu-tools-for-stm32.10.3-2021.10.linux64_1.0.100.202210260954/tools/bin/../lib/gcc/arm-none-eabi/10.3.1/thumb/v7e-m+fp/hard/libgcc.a
LOAD /opt/st/stm32cubeide_1.11.2/plugins/com.st.stm32cube.ide.mcu.externaltools.gnu-tools-for-stm32.10.3-2021.10.linux64_1.0.100.202210260954/tools/bin/../lib/gcc/arm-none-eabi/10.3.1/../../../../arm-none-eabi/lib/thumb/v7e-m+fp/hard/libc_nano.a
LOAD /opt/st/stm32cubeide_1.11.2/plugins/com.st.stm32cube.ide.mcu.externaltools.gnu-tools-for-stm32.10.3-2021.10.linux64_1.0.100.202210260954/tools/bin/../lib/gcc/arm-none-eabi/10.3.1/../../../../arm-none-eabi/lib/thumb/v7e-m+fp/hard/libnosys.a
END GROUP
LOAD /opt/st/stm32cubeide_1.11.2/plugins/com.st.stm32cube.ide.mcu.externaltools.gnu-tools-for-stm32.10.3-2021.10.linux64_1.0.100.202210260954/tools/bin/../lib/gcc/arm-none-eabi/10.3.1/thumb/v7e-m+fp/hard/crtend.o
LOAD /opt/st/stm32cubeide_1.11.2/plugins/com.st.stm32cube.ide.mcu.externaltools.gnu-tools-for-stm32.10.3-2021.10.linux64_1.0.100.202210260954/tools/bin/../lib/gcc/arm-none-eabi/10.3.1/thumb/v7e-m+fp/hard/crtn.o
                0x0000000020020000                _estack = (ORIGIN (RAM) + LENGTH (RAM))
                0x0000000000000200                _Min_Heap_Size = 0x200
                0x0000000000000400                _Min_Stack_Size = 0x400

.isr_vector     0x0000000008000000      0x188
                0x0000000008000000                . = ALIGN (0x4)
 *(.isr_vector)
 .isr_vector    0x0000000008000000      0x188 ./Core/Startup/startup_stm32f405rgtx.o
                0x0000000008000000                g_pfnVectors
                0x0000000008000188                . = ALIGN (0x4)

.text           0x0000000008000190     0x8814
                0x0000000008000190                . = ALIGN (0x4)
 *(.text)
 .text          0x0000000008000190       0x40 /opt/st/stm32cubeide_1.11.2/plugins/com.st.stm32cube.ide.mcu.externaltools.gnu-tools-for-stm32.10.3-2021.10.linux64_1.0.100.202210260954/tools/bin/../lib/gcc/arm-none-eabi/10.3.1/thumb/v7e-m+fp/hard/crtbegin.o
 .text          0x00000000080001d0       0x10 /opt/st/stm32cubeide_1.11.2/plugins/com.st.stm32cube.ide.mcu.externaltools.gnu-tools-for-stm32.10.3-2021.10.linux64_1.0.100.202210260954/tools/bin/../lib/gcc/arm-none-eabi/10.3.1/../../../../arm-none-eabi/lib/thumb/v7e-m+fp/hard/libc_nano.a(lib_a-strlen.o)
                0x00000000080001d0                strlen
 .text          0x00000000080001e0       0xa0 /opt/st/stm32cubeide_1.11.2/plugins/com.st.stm32cube.ide.mcu.externaltools.gnu-tools-for-stm32.10.3-2021.10.linux64_1.0.100.202210260954/tools/bin/../lib/gcc/arm-none-eabi/10.3.1/../../../../arm-none-eabi/lib/thumb/v7e-m+fp/hard/libc_nano.a(lib_a-memchr.o)
                0x00000000080001e0                memchr
 .text          0x0000000008000280      0x378 /opt/st/stm32cubeide_1.11.2/plugins/com.st.stm32cube.ide.mcu.externaltools.gnu-tools-for-stm32.10.3-2021.10.linux64_1.0.100.202210260954/tools/bin/../lib/gcc/arm-none-eabi/10.3.1/thumb/v7e-m+fp/hard/libgcc.a(_arm_addsubdf3.o)
                0x0000000008000280                __aeabi_drsub
                0x0000000008000288                __aeabi_dsub
                0x0000000008000288                __subdf3
                0x000000000800028c                __adddf3
                0x000000000800028c                __aeabi_dadd
                0x0000000008000504                __aeabi_ui2d
                0x0000000008000504                __floatunsidf
                0x0000000008000524                __floatsidf
                0x0000000008000524                __aeabi_i2d
                0x0000000008000548                __extendsfdf2
                0x0000000008000548                __aeabi_f2d
                0x000000000800058c                __aeabi_ul2d
                0x000000000800058c                __floatundidf
                0x000000000800059c                __floatdidf
                0x000000000800059c                __aeabi_l2d
 .text          0x00000000080005f8      0x424 /opt/st/stm32cubeide_1.11.2/plugins/com.st.stm32cube.ide.mcu.externaltools.gnu-tools-for-stm32.10.3-2021.10.linux64_1.0.100.202210260954/tools/bin/../lib/gcc/arm-none-eabi/10.3.1/thumb/v7e-m+fp/hard/libgcc.a(_arm_muldivdf3.o)
                0x00000000080005f8                __aeabi_dmul
                0x00000000080005f8                __muldf3
                0x000000000800084c                __aeabi_ddiv
                0x000000000800084c                __divdf3
 .text          0x0000000008000a1c      0x110 /opt/st/stm32cubeide_1.11.2/plugins/com.st.stm32cube.ide.mcu.externaltools.gnu-tools-for-stm32.10.3-2021.10.linux64_1.0.100.202210260954/tools/bin/../lib/gcc/arm-none-eabi/10.3.1/thumb/v7e-m+fp/hard/libgcc.a(_arm_cmpdf2.o)
                0x0000000008000a1c                __gtdf2
                0x0000000008000a1c                __gedf2
                0x0000000008000a24                __ltdf2
                0x0000000008000a24                __ledf2
                0x0000000008000a2c                __cmpdf2
                0x0000000008000a2c                __eqdf2
                0x0000000008000a2c                __nedf2
                0x0000000008000aa8                __aeabi_cdrcmple
                0x0000000008000ab8                __aeabi_cdcmple
                0x0000000008000ab8                __aeabi_cdcmpeq
                0x0000000008000ac8                __aeabi_dcmpeq
                0x0000000008000adc                __aeabi_dcmplt
                0x0000000008000af0                __aeabi_dcmple
                0x0000000008000b04                __aeabi_dcmpge
                0x0000000008000b18                __aeabi_dcmpgt
 .text          0x0000000008000b2c       0x2c /opt/st/stm32cubeide_1.11.2/plugins/com.st.stm32cube.ide.mcu.externaltools.gnu-tools-for-stm32.10.3-2021.10.linux64_1.0.100.202210260954/tools/bin/../lib/gcc/arm-none-eabi/10.3.1/thumb/v7e-m+fp/hard/libgcc.a(_arm_unorddf2.o)
                0x0000000008000b2c                __aeabi_dcmpun
                0x0000000008000b2c                __unorddf2
 .text          0x0000000008000b58       0x50 /opt/st/stm32cubeide_1.11.2/plugins/com.st.stm32cube.ide.mcu.externaltools.gnu-tools-for-stm32.10.3-2021.10.linux64_1.0.100.202210260954/tools/bin/../lib/gcc/arm-none-eabi/10.3.1/thumb/v7e-m+fp/hard/libgcc.a(_arm_fixdfsi.o)
                0x0000000008000b58                __fixdfsi
                0x0000000008000b58                __aeabi_d2iz
 .text          0x0000000008000ba8       0xa0 /opt/st/stm32cubeide_1.11.2/plugins/com.st.stm32cube.ide.mcu.externaltools.gnu-tools-for-stm32.10.3-2021.10.linux64_1.0.100.202210260954/tools/bin/../lib/gcc/arm-none-eabi/10.3.1/thumb/v7e-m+fp/hard/libgcc.a(_arm_truncdfsf2.o)
                0x0000000008000ba8                __aeabi_d2f
                0x0000000008000ba8                __truncdfsf2
 .text          0x0000000008000c48       0x30 /opt/st/stm32cubeide_1.11.2/plugins/com.st.stm32cube.ide.mcu.externaltools.gnu-tools-for-stm32.10.3-2021.10.linux64_1.0.100.202210260954/tools/bin/../lib/gcc/arm-none-eabi/10.3.1/thumb/v7e-m+fp/hard/libgcc.a(_aeabi_uldivmod.o)
                0x0000000008000c48                __aeabi_uldivmod
 .text          0x0000000008000c78      0x2d0 /opt/st/stm32cubeide_1.11.2/plugins/com.st.stm32cube.ide.mcu.externaltools.gnu-tools-for-stm32.10.3-2021.10.linux64_1.0.100.202210260954/tools/bin/../lib/gcc/arm-none-eabi/10.3.1/thumb/v7e-m+fp/hard/libgcc.a(_udivmoddi4.o)
                0x0000000008000c78                __udivmoddi4
 .text          0x0000000008000f48        0x4 /opt/st/stm32cubeide_1.11.2/plugins/com.st.stm32cube.ide.mcu.externaltools.gnu-tools-for-stm32.10.3-2021.10.linux64_1.0.100.202210260954/tools/bin/../lib/gcc/arm-none-eabi/10.3.1/thumb/v7e-m+fp/hard/libgcc.a(_dvmd_tls.o)
                0x0000000008000f48                __aeabi_ldiv0
                0x0000000008000f48                __aeabi_idiv0
 *(.text*)
 .text.LL_DMA_SetDataLength
                0x0000000008000f4c       0x48 ./Core/Src/GPS_Receiver.o
 .text.LL_DMA_SetMemoryAddress
                0x0000000008000f94       0x30 ./Core/Src/GPS_Receiver.o
 .text.LL_DMA_SetPeriphAddress
                0x0000000008000fc4       0x30 ./Core/Src/GPS_Receiver.o
 .text.LL_DMA_EnableIT_TC
                0x0000000008000ff4       0x40 ./Core/Src/GPS_Receiver.o
 .text.LL_USART_EnableDMAReq_RX
                0x0000000008001034       0x46 ./Core/Src/GPS_Receiver.o
 .text.LL_USART_DMA_GetRegAddr
                0x000000000800107a       0x18 ./Core/Src/GPS_Receiver.o
 .text.GPS_DMA_init
                0x0000000008001092       0x4e ./Core/Src/GPS_Receiver.o
                0x0000000008001092                GPS_DMA_init
 .text.GPS_Parsing
                0x00000000080010e0       0xd6 ./Core/Src/GPS_Receiver.o
                0x00000000080010e0                GPS_Parsing
 *fill*         0x00000000080011b6        0x2 
 .text.LL_AHB1_GRP1_EnableClock
                0x00000000080011b8       0x30 ./Core/Src/ICM20602.o
 .text.LL_APB2_GRP1_EnableClock
                0x00000000080011e8       0x30 ./Core/Src/ICM20602.o
 .text.LL_SPI_Enable
                0x0000000008001218       0x20 ./Core/Src/ICM20602.o
 .text.LL_SPI_SetStandard
                0x0000000008001238       0x26 ./Core/Src/ICM20602.o
 .text.LL_SPI_IsActiveFlag_RXNE
                0x000000000800125e       0x26 ./Core/Src/ICM20602.o
 .text.LL_SPI_IsActiveFlag_TXE
                0x0000000008001284       0x26 ./Core/Src/ICM20602.o
 .text.LL_SPI_ReceiveData8
                0x00000000080012aa       0x1c ./Core/Src/ICM20602.o
 .text.LL_SPI_TransmitData8
                0x00000000080012c6       0x24 ./Core/Src/ICM20602.o
 .text.LL_GPIO_IsInputPinSet
                0x00000000080012ea       0x2a ./Core/Src/ICM20602.o
 .text.LL_GPIO_SetOutputPin
                0x0000000008001314       0x1c ./Core/Src/ICM20602.o
 .text.LL_GPIO_ResetOutputPin
                0x0000000008001330       0x1e ./Core/Src/ICM20602.o
 *fill*         0x000000000800134e        0x2 
 .text.ICM20602_GPIO_SPI_Initialization
                0x0000000008001350       0xf8 ./Core/Src/ICM20602.o
                0x0000000008001350                ICM20602_GPIO_SPI_Initialization
 .text.SPI1_SendByte
                0x0000000008001448       0x44 ./Core/Src/ICM20602.o
                0x0000000008001448                SPI1_SendByte
 .text.ICM20602_Readbyte
                0x000000000800148c       0x40 ./Core/Src/ICM20602.o
                0x000000000800148c                ICM20602_Readbyte
 .text.ICM20602_Readbytes
                0x00000000080014cc       0x5c ./Core/Src/ICM20602.o
                0x00000000080014cc                ICM20602_Readbytes
 .text.ICM20602_Writebyte
                0x0000000008001528       0x44 ./Core/Src/ICM20602.o
                0x0000000008001528                ICM20602_Writebyte
 .text.ICM20602_Initialization
                0x000000000800156c      0x110 ./Core/Src/ICM20602.o
                0x000000000800156c                ICM20602_Initialization
 .text.ICM20602_Get6AxisRawData
                0x000000000800167c       0x94 ./Core/Src/ICM20602.o
                0x000000000800167c                ICM20602_Get6AxisRawData
 .text.ICM20602_DataReady
                0x0000000008001710       0x18 ./Core/Src/ICM20602.o
                0x0000000008001710                ICM20602_DataReady
 .text.GetRPY   0x0000000008001728      0x1e8 ./Core/Src/Quaternion.o
                0x0000000008001728                GetRPY
 .text.Quaternion_Update
                0x0000000008001910      0x1ac ./Core/Src/Quaternion.o
                0x0000000008001910                Quaternion_Update
 .text.MahonyAHRSupdateIMU
                0x0000000008001abc      0x59c ./Core/Src/Quaternion.o
                0x0000000008001abc                MahonyAHRSupdateIMU
 .text.SBUS_Parsing
                0x0000000008002058      0x380 ./Core/Src/SBUS_Receiver.o
                0x0000000008002058                SBUS_Parsing
 .text.__NVIC_GetPriorityGrouping
                0x00000000080023d8       0x1c ./Core/Src/dma.o
 .text.__NVIC_EnableIRQ
                0x00000000080023f4       0x3c ./Core/Src/dma.o
 .text.__NVIC_SetPriority
                0x0000000008002430       0x54 ./Core/Src/dma.o
 .text.NVIC_EncodePriority
                0x0000000008002484       0x66 ./Core/Src/dma.o
 *fill*         0x00000000080024ea        0x2 
 .text.LL_AHB1_GRP1_EnableClock
                0x00000000080024ec       0x30 ./Core/Src/dma.o
 .text.MX_DMA_Init
                0x000000000800251c       0x30 ./Core/Src/dma.o
                0x000000000800251c                MX_DMA_Init
 .text.__NVIC_GetPriorityGrouping
                0x000000000800254c       0x1c ./Core/Src/gpio.o
 .text.__NVIC_EnableIRQ
                0x0000000008002568       0x3c ./Core/Src/gpio.o
 .text.__NVIC_SetPriority
                0x00000000080025a4       0x54 ./Core/Src/gpio.o
 .text.NVIC_EncodePriority
                0x00000000080025f8       0x66 ./Core/Src/gpio.o
 *fill*         0x000000000800265e        0x2 
 .text.LL_AHB1_GRP1_EnableClock
                0x0000000008002660       0x30 ./Core/Src/gpio.o
 .text.LL_SYSCFG_SetEXTISource
                0x0000000008002690       0x5c ./Core/Src/gpio.o
 .text.LL_GPIO_SetPinMode
                0x00000000080026ec       0x5e ./Core/Src/gpio.o
 .text.LL_GPIO_SetPinPull
                0x000000000800274a       0x5e ./Core/Src/gpio.o
 .text.LL_GPIO_ResetOutputPin
                0x00000000080027a8       0x1e ./Core/Src/gpio.o
 *fill*         0x00000000080027c6        0x2 
 .text.MX_GPIO_Init
                0x00000000080027c8       0xf4 ./Core/Src/gpio.o
                0x00000000080027c8                MX_GPIO_Init
 .text.__NVIC_SetPriorityGrouping
                0x00000000080028bc       0x48 ./Core/Src/main.o
 .text.__NVIC_GetPriorityGrouping
                0x0000000008002904       0x1c ./Core/Src/main.o
 .text.__NVIC_SetPriority
                0x0000000008002920       0x54 ./Core/Src/main.o
 .text.NVIC_EncodePriority
                0x0000000008002974       0x66 ./Core/Src/main.o
 *fill*         0x00000000080029da        0x2 
 .text.LL_DMA_EnableStream
                0x00000000080029dc       0x40 ./Core/Src/main.o
 .text.LL_DMA_DisableStream
                0x0000000008002a1c       0x40 ./Core/Src/main.o
 .text.LL_DMA_ClearFlag_TC1
                0x0000000008002a5c       0x1c ./Core/Src/main.o
 .text.LL_RCC_HSE_Enable
                0x0000000008002a78       0x20 ./Core/Src/main.o
 .text.LL_RCC_HSE_IsReady
                0x0000000008002a98       0x28 ./Core/Src/main.o
 .text.LL_RCC_SetSysClkSource
                0x0000000008002ac0       0x28 ./Core/Src/main.o
 .text.LL_RCC_GetSysClkSource
                0x0000000008002ae8       0x1c ./Core/Src/main.o
 .text.LL_RCC_SetAHBPrescaler
                0x0000000008002b04       0x28 ./Core/Src/main.o
 .text.LL_RCC_SetAPB1Prescaler
                0x0000000008002b2c       0x28 ./Core/Src/main.o
 .text.LL_RCC_SetAPB2Prescaler
                0x0000000008002b54       0x28 ./Core/Src/main.o
 .text.LL_RCC_PLL_Enable
                0x0000000008002b7c       0x20 ./Core/Src/main.o
 .text.LL_RCC_PLL_IsReady
                0x0000000008002b9c       0x28 ./Core/Src/main.o
 .text.LL_RCC_PLL_ConfigDomain_SYS
                0x0000000008002bc4       0x4c ./Core/Src/main.o
 .text.LL_APB1_GRP1_EnableClock
                0x0000000008002c10       0x30 ./Core/Src/main.o
 .text.LL_APB2_GRP1_EnableClock
                0x0000000008002c40       0x30 ./Core/Src/main.o
 .text.LL_FLASH_SetLatency
                0x0000000008002c70       0x28 ./Core/Src/main.o
 .text.LL_FLASH_GetLatency
                0x0000000008002c98       0x1c ./Core/Src/main.o
 .text.LL_InitTick
                0x0000000008002cb4       0x34 ./Core/Src/main.o
 .text.LL_PWR_SetRegulVoltageScaling
                0x0000000008002ce8       0x28 ./Core/Src/main.o
 .text.LL_TIM_EnableCounter
                0x0000000008002d10       0x20 ./Core/Src/main.o
 .text.LL_TIM_CC_EnableChannel
                0x0000000008002d30       0x22 ./Core/Src/main.o
 .text.LL_TIM_CC_DisableChannel
                0x0000000008002d52       0x24 ./Core/Src/main.o
 .text.LL_USART_EnableIT_IDLE
                0x0000000008002d76       0x46 ./Core/Src/main.o
 .text.LL_USART_EnableIT_RXNE
                0x0000000008002dbc       0x46 ./Core/Src/main.o
 .text.LL_USART_ReceiveData8
                0x0000000008002e02       0x1a ./Core/Src/main.o
 .text.main     0x0000000008002e1c      0x204 ./Core/Src/main.o
                0x0000000008002e1c                main
 .text.SystemClock_Config
                0x0000000008003020       0x88 ./Core/Src/main.o
                0x0000000008003020                SystemClock_Config
 .text.usDelay  0x00000000080030a8       0x50 ./Core/Src/main.o
                0x00000000080030a8                usDelay
 .text.__NVIC_GetPriorityGrouping
                0x00000000080030f8       0x1c ./Core/Src/spi.o
 .text.__NVIC_EnableIRQ
                0x0000000008003114       0x3c ./Core/Src/spi.o
 .text.__NVIC_SetPriority
                0x0000000008003150       0x54 ./Core/Src/spi.o
 .text.NVIC_EncodePriority
                0x00000000080031a4       0x66 ./Core/Src/spi.o
 *fill*         0x000000000800320a        0x2 
 .text.LL_AHB1_GRP1_EnableClock
                0x000000000800320c       0x30 ./Core/Src/spi.o
 .text.LL_APB2_GRP1_EnableClock
                0x000000000800323c       0x30 ./Core/Src/spi.o
 .text.LL_SPI_SetStandard
                0x000000000800326c       0x26 ./Core/Src/spi.o
 *fill*         0x0000000008003292        0x2 
 .text.MX_SPI1_Init
                0x0000000008003294       0xc4 ./Core/Src/spi.o
                0x0000000008003294                MX_SPI1_Init
 .text.LL_DMA_IsActiveFlag_TC1
                0x0000000008003358       0x28 ./Core/Src/stm32f4xx_it.o
 .text.LL_DMA_ClearFlag_TC1
                0x0000000008003380       0x1c ./Core/Src/stm32f4xx_it.o
 .text.LL_DMA_IsEnabledIT_TC
                0x000000000800339c       0x38 ./Core/Src/stm32f4xx_it.o
 .text.LL_EXTI_IsActiveFlag_0_31
                0x00000000080033d4       0x2c ./Core/Src/stm32f4xx_it.o
 .text.LL_EXTI_ClearFlag_0_31
                0x0000000008003400       0x20 ./Core/Src/stm32f4xx_it.o
 .text.LL_USART_IsActiveFlag_IDLE
                0x0000000008003420       0x26 ./Core/Src/stm32f4xx_it.o
 .text.LL_USART_IsActiveFlag_RXNE
                0x0000000008003446       0x26 ./Core/Src/stm32f4xx_it.o
 .text.LL_USART_ClearFlag_IDLE
                0x000000000800346c       0x24 ./Core/Src/stm32f4xx_it.o
 .text.LL_USART_ClearFlag_RXNE
                0x0000000008003490       0x1c ./Core/Src/stm32f4xx_it.o
 .text.LL_USART_IsEnabledIT_IDLE
                0x00000000080034ac       0x26 ./Core/Src/stm32f4xx_it.o
 .text.LL_USART_IsEnabledIT_RXNE
                0x00000000080034d2       0x26 ./Core/Src/stm32f4xx_it.o
 .text.LL_USART_ReceiveData8
                0x00000000080034f8       0x1a ./Core/Src/stm32f4xx_it.o
 .text.NMI_Handler
                0x0000000008003512        0x6 ./Core/Src/stm32f4xx_it.o
                0x0000000008003512                NMI_Handler
 .text.HardFault_Handler
                0x0000000008003518        0x6 ./Core/Src/stm32f4xx_it.o
                0x0000000008003518                HardFault_Handler
 .text.MemManage_Handler
                0x000000000800351e        0x6 ./Core/Src/stm32f4xx_it.o
                0x000000000800351e                MemManage_Handler
 .text.BusFault_Handler
                0x0000000008003524        0x6 ./Core/Src/stm32f4xx_it.o
                0x0000000008003524                BusFault_Handler
 .text.UsageFault_Handler
                0x000000000800352a        0x6 ./Core/Src/stm32f4xx_it.o
                0x000000000800352a                UsageFault_Handler
 .text.SVC_Handler
                0x0000000008003530        0xe ./Core/Src/stm32f4xx_it.o
                0x0000000008003530                SVC_Handler
 .text.DebugMon_Handler
                0x000000000800353e        0xe ./Core/Src/stm32f4xx_it.o
                0x000000000800353e                DebugMon_Handler
 .text.PendSV_Handler
                0x000000000800354c        0xe ./Core/Src/stm32f4xx_it.o
                0x000000000800354c                PendSV_Handler
 *fill*         0x000000000800355a        0x2 
 .text.SysTick_Handler
                0x000000000800355c       0x24 ./Core/Src/stm32f4xx_it.o
                0x000000000800355c                SysTick_Handler
 .text.EXTI4_IRQHandler
                0x0000000008003580       0x1a ./Core/Src/stm32f4xx_it.o
                0x0000000008003580                EXTI4_IRQHandler
 *fill*         0x000000000800359a        0x2 
 .text.DMA1_Stream1_IRQHandler
                0x000000000800359c       0x38 ./Core/Src/stm32f4xx_it.o
                0x000000000800359c                DMA1_Stream1_IRQHandler
 .text.SPI1_IRQHandler
                0x00000000080035d4        0xe ./Core/Src/stm32f4xx_it.o
                0x00000000080035d4                SPI1_IRQHandler
 *fill*         0x00000000080035e2        0x2 
 .text.USART1_IRQHandler
                0x00000000080035e4       0x5c ./Core/Src/stm32f4xx_it.o
                0x00000000080035e4                USART1_IRQHandler
 .text.USART3_IRQHandler
                0x0000000008003640       0x34 ./Core/Src/stm32f4xx_it.o
                0x0000000008003640                USART3_IRQHandler
 .text.USART6_IRQHandler
                0x0000000008003674       0x3c ./Core/Src/stm32f4xx_it.o
                0x0000000008003674                USART6_IRQHandler
 .text._getpid  0x00000000080036b0       0x10 ./Core/Src/syscalls.o
                0x00000000080036b0                _getpid
 .text._kill    0x00000000080036c0       0x20 ./Core/Src/syscalls.o
                0x00000000080036c0                _kill
 .text._exit    0x00000000080036e0       0x14 ./Core/Src/syscalls.o
                0x00000000080036e0                _exit
 .text._read    0x00000000080036f4       0x3a ./Core/Src/syscalls.o
                0x00000000080036f4                _read
 .text._close   0x000000000800372e       0x18 ./Core/Src/syscalls.o
                0x000000000800372e                _close
 .text._fstat   0x0000000008003746       0x20 ./Core/Src/syscalls.o
                0x0000000008003746                _fstat
 .text._isatty  0x0000000008003766       0x16 ./Core/Src/syscalls.o
                0x0000000008003766                _isatty
 .text._lseek   0x000000000800377c       0x1a ./Core/Src/syscalls.o
                0x000000000800377c                _lseek
 *fill*         0x0000000008003796        0x2 
 .text._sbrk    0x0000000008003798       0x6c ./Core/Src/sysmem.o
                0x0000000008003798                _sbrk
 .text.SystemInit
                0x0000000008003804       0x24 ./Core/Src/system_stm32f4xx.o
                0x0000000008003804                SystemInit
 .text.LL_AHB1_GRP1_EnableClock
                0x0000000008003828       0x30 ./Core/Src/tim.o
 .text.LL_APB1_GRP1_EnableClock
                0x0000000008003858       0x30 ./Core/Src/tim.o
 .text.LL_TIM_EnableARRPreload
                0x0000000008003888       0x20 ./Core/Src/tim.o
 .text.LL_TIM_OC_EnableFast
                0x00000000080038a8       0x88 ./Core/Src/tim.o
 .text.LL_TIM_OC_EnablePreload
                0x0000000008003930       0x88 ./Core/Src/tim.o
 .text.LL_TIM_SetClockSource
                0x00000000080039b8       0x2a ./Core/Src/tim.o
 .text.LL_TIM_SetTriggerOutput
                0x00000000080039e2       0x26 ./Core/Src/tim.o
 .text.LL_TIM_DisableMasterSlaveMode
                0x0000000008003a08       0x20 ./Core/Src/tim.o
 .text.MX_TIM3_Init
                0x0000000008003a28       0xe0 ./Core/Src/tim.o
                0x0000000008003a28                MX_TIM3_Init
 .text.__NVIC_GetPriorityGrouping
                0x0000000008003b08       0x1c ./Core/Src/usart.o
 .text.__NVIC_EnableIRQ
                0x0000000008003b24       0x3c ./Core/Src/usart.o
 .text.__NVIC_SetPriority
                0x0000000008003b60       0x54 ./Core/Src/usart.o
 .text.NVIC_EncodePriority
                0x0000000008003bb4       0x66 ./Core/Src/usart.o
 *fill*         0x0000000008003c1a        0x2 
 .text.LL_DMA_SetDataTransferDirection
                0x0000000008003c1c       0x48 ./Core/Src/usart.o
 .text.LL_DMA_SetMode
                0x0000000008003c64       0x48 ./Core/Src/usart.o
 .text.LL_DMA_SetPeriphIncMode
                0x0000000008003cac       0x48 ./Core/Src/usart.o
 .text.LL_DMA_SetMemoryIncMode
                0x0000000008003cf4       0x48 ./Core/Src/usart.o
 .text.LL_DMA_SetPeriphSize
                0x0000000008003d3c       0x48 ./Core/Src/usart.o
 .text.LL_DMA_SetMemorySize
                0x0000000008003d84       0x48 ./Core/Src/usart.o
 .text.LL_DMA_SetStreamPriorityLevel
                0x0000000008003dcc       0x48 ./Core/Src/usart.o
 .text.LL_DMA_SetChannelSelection
                0x0000000008003e14       0x48 ./Core/Src/usart.o
 .text.LL_DMA_DisableFifoMode
                0x0000000008003e5c       0x40 ./Core/Src/usart.o
 .text.LL_AHB1_GRP1_EnableClock
                0x0000000008003e9c       0x30 ./Core/Src/usart.o
 .text.LL_APB1_GRP1_EnableClock
                0x0000000008003ecc       0x30 ./Core/Src/usart.o
 .text.LL_APB2_GRP1_EnableClock
                0x0000000008003efc       0x30 ./Core/Src/usart.o
 .text.LL_USART_Enable
                0x0000000008003f2c       0x20 ./Core/Src/usart.o
 .text.LL_USART_ConfigAsyncMode
                0x0000000008003f4c       0x2c ./Core/Src/usart.o
 .text.LL_USART_ConfigHalfDuplexMode
                0x0000000008003f78       0x38 ./Core/Src/usart.o
 .text.LL_USART_IsActiveFlag_TXE
                0x0000000008003fb0       0x26 ./Core/Src/usart.o
 .text.LL_USART_TransmitData8
                0x0000000008003fd6       0x1e ./Core/Src/usart.o
 .text.MX_USART1_UART_Init
                0x0000000008003ff4       0xc0 ./Core/Src/usart.o
                0x0000000008003ff4                MX_USART1_UART_Init
 .text.MX_USART3_UART_Init
                0x00000000080040b4      0x124 ./Core/Src/usart.o
                0x00000000080040b4                MX_USART3_UART_Init
 .text.MX_USART6_UART_Init
                0x00000000080041d8       0xc0 ./Core/Src/usart.o
                0x00000000080041d8                MX_USART6_UART_Init
 .text._write   0x0000000008004298       0x4c ./Core/Src/usart.o
                0x0000000008004298                _write
 .text.Reset_Handler
                0x00000000080042e4       0x50 ./Core/Startup/startup_stm32f405rgtx.o
                0x00000000080042e4                Reset_Handler
 .text.Default_Handler
                0x0000000008004334        0x2 ./Core/Startup/startup_stm32f405rgtx.o
                0x0000000008004334                RTC_Alarm_IRQHandler
                0x0000000008004334                HASH_RNG_IRQHandler
                0x0000000008004334                EXTI2_IRQHandler
                0x0000000008004334                TIM8_CC_IRQHandler
                0x0000000008004334                TIM1_CC_IRQHandler
                0x0000000008004334                DMA2_Stream5_IRQHandler
                0x0000000008004334                DMA1_Stream5_IRQHandler
                0x0000000008004334                PVD_IRQHandler
                0x0000000008004334                SDIO_IRQHandler
                0x0000000008004334                TAMP_STAMP_IRQHandler
                0x0000000008004334                CAN2_RX1_IRQHandler
                0x0000000008004334                EXTI3_IRQHandler
                0x0000000008004334                TIM8_TRG_COM_TIM14_IRQHandler
                0x0000000008004334                TIM1_UP_TIM10_IRQHandler
                0x0000000008004334                TIM8_UP_TIM13_IRQHandler
                0x0000000008004334                I2C3_ER_IRQHandler
                0x0000000008004334                EXTI0_IRQHandler
                0x0000000008004334                I2C2_EV_IRQHandler
                0x0000000008004334                DMA1_Stream2_IRQHandler
                0x0000000008004334                CAN1_RX0_IRQHandler
                0x0000000008004334                FPU_IRQHandler
                0x0000000008004334                OTG_HS_WKUP_IRQHandler
                0x0000000008004334                CAN2_SCE_IRQHandler
                0x0000000008004334                DMA2_Stream2_IRQHandler
                0x0000000008004334                TIM6_DAC_IRQHandler
                0x0000000008004334                TIM1_BRK_TIM9_IRQHandler
                0x0000000008004334                CAN2_RX0_IRQHandler
                0x0000000008004334                DMA2_Stream3_IRQHandler
                0x0000000008004334                CAN1_RX1_IRQHandler
                0x0000000008004334                UART5_IRQHandler
                0x0000000008004334                DMA2_Stream0_IRQHandler
                0x0000000008004334                TIM4_IRQHandler
                0x0000000008004334                I2C1_EV_IRQHandler
                0x0000000008004334                DMA1_Stream6_IRQHandler
                0x0000000008004334                UART4_IRQHandler
                0x0000000008004334                TIM3_IRQHandler
                0x0000000008004334                RCC_IRQHandler
                0x0000000008004334                TIM8_BRK_TIM12_IRQHandler
                0x0000000008004334                Default_Handler
                0x0000000008004334                EXTI15_10_IRQHandler
                0x0000000008004334                ADC_IRQHandler
                0x0000000008004334                DMA1_Stream7_IRQHandler
                0x0000000008004334                TIM7_IRQHandler
                0x0000000008004334                CAN2_TX_IRQHandler
                0x0000000008004334                TIM5_IRQHandler
                0x0000000008004334                DMA2_Stream7_IRQHandler
                0x0000000008004334                I2C3_EV_IRQHandler
                0x0000000008004334                EXTI9_5_IRQHandler
                0x0000000008004334                RTC_WKUP_IRQHandler
                0x0000000008004334                SPI2_IRQHandler
                0x0000000008004334                OTG_HS_EP1_IN_IRQHandler
                0x0000000008004334                DMA1_Stream0_IRQHandler
                0x0000000008004334                CAN1_TX_IRQHandler
                0x0000000008004334                FSMC_IRQHandler
                0x0000000008004334                OTG_HS_EP1_OUT_IRQHandler
                0x0000000008004334                WWDG_IRQHandler
                0x0000000008004334                TIM2_IRQHandler
                0x0000000008004334                OTG_FS_WKUP_IRQHandler
                0x0000000008004334                TIM1_TRG_COM_TIM11_IRQHandler
                0x0000000008004334                OTG_HS_IRQHandler
                0x0000000008004334                EXTI1_IRQHandler
                0x0000000008004334                USART2_IRQHandler
                0x0000000008004334                I2C2_ER_IRQHandler
                0x0000000008004334                DMA2_Stream1_IRQHandler
                0x0000000008004334                CAN1_SCE_IRQHandler
                0x0000000008004334                FLASH_IRQHandler
                0x0000000008004334                DMA2_Stream4_IRQHandler
                0x0000000008004334                OTG_FS_IRQHandler
                0x0000000008004334                SPI3_IRQHandler
                0x0000000008004334                DMA1_Stream4_IRQHandler
                0x0000000008004334                I2C1_ER_IRQHandler
                0x0000000008004334                DMA2_Stream6_IRQHandler
                0x0000000008004334                DMA1_Stream3_IRQHandler
 *fill*         0x0000000008004336        0x2 
 .text.LL_EXTI_EnableIT_0_31
                0x0000000008004338       0x24 ./Drivers/STM32F4xx_HAL_Driver/Src/stm32f4xx_ll_exti.o
 .text.LL_EXTI_DisableIT_0_31
                0x000000000800435c       0x28 ./Drivers/STM32F4xx_HAL_Driver/Src/stm32f4xx_ll_exti.o
 .text.LL_EXTI_EnableEvent_0_31
                0x0000000008004384       0x24 ./Drivers/STM32F4xx_HAL_Driver/Src/stm32f4xx_ll_exti.o
 .text.LL_EXTI_DisableEvent_0_31
                0x00000000080043a8       0x28 ./Drivers/STM32F4xx_HAL_Driver/Src/stm32f4xx_ll_exti.o
 .text.LL_EXTI_EnableRisingTrig_0_31
                0x00000000080043d0       0x24 ./Drivers/STM32F4xx_HAL_Driver/Src/stm32f4xx_ll_exti.o
 .text.LL_EXTI_DisableRisingTrig_0_31
                0x00000000080043f4       0x28 ./Drivers/STM32F4xx_HAL_Driver/Src/stm32f4xx_ll_exti.o
 .text.LL_EXTI_EnableFallingTrig_0_31
                0x000000000800441c       0x24 ./Drivers/STM32F4xx_HAL_Driver/Src/stm32f4xx_ll_exti.o
 .text.LL_EXTI_DisableFallingTrig_0_31
                0x0000000008004440       0x28 ./Drivers/STM32F4xx_HAL_Driver/Src/stm32f4xx_ll_exti.o
 .text.LL_EXTI_Init
                0x0000000008004468      0x102 ./Drivers/STM32F4xx_HAL_Driver/Src/stm32f4xx_ll_exti.o
                0x0000000008004468                LL_EXTI_Init
 .text.LL_GPIO_SetPinMode
                0x000000000800456a       0x5e ./Drivers/STM32F4xx_HAL_Driver/Src/stm32f4xx_ll_gpio.o
 .text.LL_GPIO_SetPinOutputType
                0x00000000080045c8       0x30 ./Drivers/STM32F4xx_HAL_Driver/Src/stm32f4xx_ll_gpio.o
 .text.LL_GPIO_SetPinSpeed
                0x00000000080045f8       0x5e ./Drivers/STM32F4xx_HAL_Driver/Src/stm32f4xx_ll_gpio.o
 .text.LL_GPIO_SetPinPull
                0x0000000008004656       0x5e ./Drivers/STM32F4xx_HAL_Driver/Src/stm32f4xx_ll_gpio.o
 .text.LL_GPIO_SetAFPin_0_7
                0x00000000080046b4       0x5e ./Drivers/STM32F4xx_HAL_Driver/Src/stm32f4xx_ll_gpio.o
 .text.LL_GPIO_SetAFPin_8_15
                0x0000000008004712       0x62 ./Drivers/STM32F4xx_HAL_Driver/Src/stm32f4xx_ll_gpio.o
 .text.LL_GPIO_Init
                0x0000000008004774       0xe6 ./Drivers/STM32F4xx_HAL_Driver/Src/stm32f4xx_ll_gpio.o
                0x0000000008004774                LL_GPIO_Init
 *fill*         0x000000000800485a        0x2 
 .text.LL_RCC_GetSysClkSource
                0x000000000800485c       0x1c ./Drivers/STM32F4xx_HAL_Driver/Src/stm32f4xx_ll_rcc.o
 .text.LL_RCC_GetAHBPrescaler
                0x0000000008004878       0x1c ./Drivers/STM32F4xx_HAL_Driver/Src/stm32f4xx_ll_rcc.o
 .text.LL_RCC_GetAPB1Prescaler
                0x0000000008004894       0x1c ./Drivers/STM32F4xx_HAL_Driver/Src/stm32f4xx_ll_rcc.o
 .text.LL_RCC_GetAPB2Prescaler
                0x00000000080048b0       0x1c ./Drivers/STM32F4xx_HAL_Driver/Src/stm32f4xx_ll_rcc.o
 .text.LL_RCC_PLL_GetMainSource
                0x00000000080048cc       0x1c ./Drivers/STM32F4xx_HAL_Driver/Src/stm32f4xx_ll_rcc.o
 .text.LL_RCC_PLL_GetN
                0x00000000080048e8       0x1c ./Drivers/STM32F4xx_HAL_Driver/Src/stm32f4xx_ll_rcc.o
 .text.LL_RCC_PLL_GetP
                0x0000000008004904       0x1c ./Drivers/STM32F4xx_HAL_Driver/Src/stm32f4xx_ll_rcc.o
 .text.LL_RCC_PLL_GetDivider
                0x0000000008004920       0x1c ./Drivers/STM32F4xx_HAL_Driver/Src/stm32f4xx_ll_rcc.o
 .text.LL_RCC_GetSystemClocksFreq
                0x000000000800493c       0x4a ./Drivers/STM32F4xx_HAL_Driver/Src/stm32f4xx_ll_rcc.o
                0x000000000800493c                LL_RCC_GetSystemClocksFreq
 *fill*         0x0000000008004986        0x2 
 .text.RCC_GetSystemClockFreq
                0x0000000008004988       0x50 ./Drivers/STM32F4xx_HAL_Driver/Src/stm32f4xx_ll_rcc.o
                0x0000000008004988                RCC_GetSystemClockFreq
 .text.RCC_GetHCLKClockFreq
                0x00000000080049d8       0x2c ./Drivers/STM32F4xx_HAL_Driver/Src/stm32f4xx_ll_rcc.o
                0x00000000080049d8                RCC_GetHCLKClockFreq
 .text.RCC_GetPCLK1ClockFreq
                0x0000000008004a04       0x28 ./Drivers/STM32F4xx_HAL_Driver/Src/stm32f4xx_ll_rcc.o
                0x0000000008004a04                RCC_GetPCLK1ClockFreq
 .text.RCC_GetPCLK2ClockFreq
                0x0000000008004a2c       0x28 ./Drivers/STM32F4xx_HAL_Driver/Src/stm32f4xx_ll_rcc.o
                0x0000000008004a2c                RCC_GetPCLK2ClockFreq
 .text.RCC_PLL_GetFreqDomain_SYS
                0x0000000008004a54       0x7c ./Drivers/STM32F4xx_HAL_Driver/Src/stm32f4xx_ll_rcc.o
                0x0000000008004a54                RCC_PLL_GetFreqDomain_SYS
 .text.LL_SPI_IsEnabled
                0x0000000008004ad0       0x26 ./Drivers/STM32F4xx_HAL_Driver/Src/stm32f4xx_ll_spi.o
 .text.LL_SPI_SetCRCPolynomial
                0x0000000008004af6       0x20 ./Drivers/STM32F4xx_HAL_Driver/Src/stm32f4xx_ll_spi.o
 .text.LL_SPI_Init
                0x0000000008004b16       0xa4 ./Drivers/STM32F4xx_HAL_Driver/Src/stm32f4xx_ll_spi.o
                0x0000000008004b16                LL_SPI_Init
 .text.LL_TIM_SetPrescaler
                0x0000000008004bba       0x1c ./Drivers/STM32F4xx_HAL_Driver/Src/stm32f4xx_ll_tim.o
 .text.LL_TIM_SetAutoReload
                0x0000000008004bd6       0x1c ./Drivers/STM32F4xx_HAL_Driver/Src/stm32f4xx_ll_tim.o
 .text.LL_TIM_SetRepetitionCounter
                0x0000000008004bf2       0x1c ./Drivers/STM32F4xx_HAL_Driver/Src/stm32f4xx_ll_tim.o
 .text.LL_TIM_OC_SetCompareCH1
                0x0000000008004c0e       0x1c ./Drivers/STM32F4xx_HAL_Driver/Src/stm32f4xx_ll_tim.o
 .text.LL_TIM_OC_SetCompareCH2
                0x0000000008004c2a       0x1c ./Drivers/STM32F4xx_HAL_Driver/Src/stm32f4xx_ll_tim.o
 .text.LL_TIM_OC_SetCompareCH3
                0x0000000008004c46       0x1c ./Drivers/STM32F4xx_HAL_Driver/Src/stm32f4xx_ll_tim.o
 .text.LL_TIM_OC_SetCompareCH4
                0x0000000008004c62       0x1c ./Drivers/STM32F4xx_HAL_Driver/Src/stm32f4xx_ll_tim.o
 .text.LL_TIM_GenerateEvent_UPDATE
                0x0000000008004c7e       0x20 ./Drivers/STM32F4xx_HAL_Driver/Src/stm32f4xx_ll_tim.o
 *fill*         0x0000000008004c9e        0x2 
 .text.LL_TIM_Init
                0x0000000008004ca0      0x134 ./Drivers/STM32F4xx_HAL_Driver/Src/stm32f4xx_ll_tim.o
                0x0000000008004ca0                LL_TIM_Init
 .text.LL_TIM_OC_Init
                0x0000000008004dd4       0x82 ./Drivers/STM32F4xx_HAL_Driver/Src/stm32f4xx_ll_tim.o
                0x0000000008004dd4                LL_TIM_OC_Init
 *fill*         0x0000000008004e56        0x2 
 .text.OC1Config
                0x0000000008004e58       0xd8 ./Drivers/STM32F4xx_HAL_Driver/Src/stm32f4xx_ll_tim.o
 .text.OC2Config
                0x0000000008004f30       0xe0 ./Drivers/STM32F4xx_HAL_Driver/Src/stm32f4xx_ll_tim.o
 .text.OC3Config
                0x0000000008005010       0xe0 ./Drivers/STM32F4xx_HAL_Driver/Src/stm32f4xx_ll_tim.o
 .text.OC4Config
                0x00000000080050f0       0xb0 ./Drivers/STM32F4xx_HAL_Driver/Src/stm32f4xx_ll_tim.o
 .text.LL_USART_IsEnabled
                0x00000000080051a0       0x28 ./Drivers/STM32F4xx_HAL_Driver/Src/stm32f4xx_ll_usart.o
 .text.LL_USART_SetStopBitsLength
                0x00000000080051c8       0x26 ./Drivers/STM32F4xx_HAL_Driver/Src/stm32f4xx_ll_usart.o
 .text.LL_USART_SetHWFlowCtrl
                0x00000000080051ee       0x26 ./Drivers/STM32F4xx_HAL_Driver/Src/stm32f4xx_ll_usart.o
 .text.LL_USART_SetBaudRate
                0x0000000008005214      0x458 ./Drivers/STM32F4xx_HAL_Driver/Src/stm32f4xx_ll_usart.o
 .text.LL_USART_Init
                0x000000000800566c      0x100 ./Drivers/STM32F4xx_HAL_Driver/Src/stm32f4xx_ll_usart.o
                0x000000000800566c                LL_USART_Init
 .text.LL_InitTick
                0x000000000800576c       0x34 ./Drivers/STM32F4xx_HAL_Driver/Src/stm32f4xx_ll_utils.o
 .text.LL_Init1msTick
                0x00000000080057a0       0x1a ./Drivers/STM32F4xx_HAL_Driver/Src/stm32f4xx_ll_utils.o
                0x00000000080057a0                LL_Init1msTick
 *fill*         0x00000000080057ba        0x2 
 .text.LL_SetSystemCoreClock
                0x00000000080057bc       0x20 ./Drivers/STM32F4xx_HAL_Driver/Src/stm32f4xx_ll_utils.o
                0x00000000080057bc                LL_SetSystemCoreClock
 .text.__errno  0x00000000080057dc        0xc /opt/st/stm32cubeide_1.11.2/plugins/com.st.stm32cube.ide.mcu.externaltools.gnu-tools-for-stm32.10.3-2021.10.linux64_1.0.100.202210260954/tools/bin/../lib/gcc/arm-none-eabi/10.3.1/../../../../arm-none-eabi/lib/thumb/v7e-m+fp/hard/libc_nano.a(lib_a-errno.o)
                0x00000000080057dc                __errno
 .text.__libc_init_array
                0x00000000080057e8       0x48 /opt/st/stm32cubeide_1.11.2/plugins/com.st.stm32cube.ide.mcu.externaltools.gnu-tools-for-stm32.10.3-2021.10.linux64_1.0.100.202210260954/tools/bin/../lib/gcc/arm-none-eabi/10.3.1/../../../../arm-none-eabi/lib/thumb/v7e-m+fp/hard/libc_nano.a(lib_a-init.o)
                0x00000000080057e8                __libc_init_array
 .text.memcpy   0x0000000008005830       0x1c /opt/st/stm32cubeide_1.11.2/plugins/com.st.stm32cube.ide.mcu.externaltools.gnu-tools-for-stm32.10.3-2021.10.linux64_1.0.100.202210260954/tools/bin/../lib/gcc/arm-none-eabi/10.3.1/../../../../arm-none-eabi/lib/thumb/v7e-m+fp/hard/libc_nano.a(lib_a-memcpy-stub.o)
                0x0000000008005830                memcpy
 .text.memset   0x000000000800584c       0x10 /opt/st/stm32cubeide_1.11.2/plugins/com.st.stm32cube.ide.mcu.externaltools.gnu-tools-for-stm32.10.3-2021.10.linux64_1.0.100.202210260954/tools/bin/../lib/gcc/arm-none-eabi/10.3.1/../../../../arm-none-eabi/lib/thumb/v7e-m+fp/hard/libc_nano.a(lib_a-memset.o)
                0x000000000800584c                memset
 .text.__cvt    0x000000000800585c       0xc4 /opt/st/stm32cubeide_1.11.2/plugins/com.st.stm32cube.ide.mcu.externaltools.gnu-tools-for-stm32.10.3-2021.10.linux64_1.0.100.202210260954/tools/bin/../lib/gcc/arm-none-eabi/10.3.1/../../../../arm-none-eabi/lib/thumb/v7e-m+fp/hard/libc_nano.a(lib_a-nano-vfprintf_float.o)
                0x000000000800585c                __cvt
 .text.__exponent
                0x0000000008005920       0x7c /opt/st/stm32cubeide_1.11.2/plugins/com.st.stm32cube.ide.mcu.externaltools.gnu-tools-for-stm32.10.3-2021.10.linux64_1.0.100.202210260954/tools/bin/../lib/gcc/arm-none-eabi/10.3.1/../../../../arm-none-eabi/lib/thumb/v7e-m+fp/hard/libc_nano.a(lib_a-nano-vfprintf_float.o)
                0x0000000008005920                __exponent
 .text._printf_float
                0x000000000800599c      0x46c /opt/st/stm32cubeide_1.11.2/plugins/com.st.stm32cube.ide.mcu.externaltools.gnu-tools-for-stm32.10.3-2021.10.linux64_1.0.100.202210260954/tools/bin/../lib/gcc/arm-none-eabi/10.3.1/../../../../arm-none-eabi/lib/thumb/v7e-m+fp/hard/libc_nano.a(lib_a-nano-vfprintf_float.o)
                0x000000000800599c                _printf_float
 .text._printf_common
                0x0000000008005e08       0xda /opt/st/stm32cubeide_1.11.2/plugins/com.st.stm32cube.ide.mcu.externaltools.gnu-tools-for-stm32.10.3-2021.10.linux64_1.0.100.202210260954/tools/bin/../lib/gcc/arm-none-eabi/10.3.1/../../../../arm-none-eabi/lib/thumb/v7e-m+fp/hard/libc_nano.a(lib_a-nano-vfprintf_i.o)
                0x0000000008005e08                _printf_common
 *fill*         0x0000000008005ee2        0x2 
 .text._printf_i
                0x0000000008005ee4      0x24c /opt/st/stm32cubeide_1.11.2/plugins/com.st.stm32cube.ide.mcu.externaltools.gnu-tools-for-stm32.10.3-2021.10.linux64_1.0.100.202210260954/tools/bin/../lib/gcc/arm-none-eabi/10.3.1/../../../../arm-none-eabi/lib/thumb/v7e-m+fp/hard/libc_nano.a(lib_a-nano-vfprintf_i.o)
                0x0000000008005ee4                _printf_i
 .text.printf   0x0000000008006130       0x30 /opt/st/stm32cubeide_1.11.2/plugins/com.st.stm32cube.ide.mcu.externaltools.gnu-tools-for-stm32.10.3-2021.10.linux64_1.0.100.202210260954/tools/bin/../lib/gcc/arm-none-eabi/10.3.1/../../../../arm-none-eabi/lib/thumb/v7e-m+fp/hard/libc_nano.a(lib_a-printf.o)
                0x0000000008006130                printf
                0x0000000008006130                iprintf
 .text.quorem   0x0000000008006160      0x116 /opt/st/stm32cubeide_1.11.2/plugins/com.st.stm32cube.ide.mcu.externaltools.gnu-tools-for-stm32.10.3-2021.10.linux64_1.0.100.202210260954/tools/bin/../lib/gcc/arm-none-eabi/10.3.1/../../../../arm-none-eabi/lib/thumb/v7e-m+fp/hard/libc_nano.a(lib_a-dtoa.o)
 *fill*         0x0000000008006276        0x2 
 .text._dtoa_r  0x0000000008006278      0xbdc /opt/st/stm32cubeide_1.11.2/plugins/com.st.stm32cube.ide.mcu.externaltools.gnu-tools-for-stm32.10.3-2021.10.linux64_1.0.100.202210260954/tools/bin/../lib/gcc/arm-none-eabi/10.3.1/../../../../arm-none-eabi/lib/thumb/v7e-m+fp/hard/libc_nano.a(lib_a-dtoa.o)
                0x0000000008006278                _dtoa_r
 .text.std      0x0000000008006e54       0x48 /opt/st/stm32cubeide_1.11.2/plugins/com.st.stm32cube.ide.mcu.externaltools.gnu-tools-for-stm32.10.3-2021.10.linux64_1.0.100.202210260954/tools/bin/../lib/gcc/arm-none-eabi/10.3.1/../../../../arm-none-eabi/lib/thumb/v7e-m+fp/hard/libc_nano.a(lib_a-findfp.o)
 .text._cleanup_r
                0x0000000008006e9c        0xc /opt/st/stm32cubeide_1.11.2/plugins/com.st.stm32cube.ide.mcu.externaltools.gnu-tools-for-stm32.10.3-2021.10.linux64_1.0.100.202210260954/tools/bin/../lib/gcc/arm-none-eabi/10.3.1/../../../../arm-none-eabi/lib/thumb/v7e-m+fp/hard/libc_nano.a(lib_a-findfp.o)
                0x0000000008006e9c                _cleanup_r
 .text.__sfmoreglue
                0x0000000008006ea8       0x2c /opt/st/stm32cubeide_1.11.2/plugins/com.st.stm32cube.ide.mcu.externaltools.gnu-tools-for-stm32.10.3-2021.10.linux64_1.0.100.202210260954/tools/bin/../lib/gcc/arm-none-eabi/10.3.1/../../../../arm-none-eabi/lib/thumb/v7e-m+fp/hard/libc_nano.a(lib_a-findfp.o)
                0x0000000008006ea8                __sfmoreglue
 .text.__sfp_lock_acquire
                0x0000000008006ed4        0xc /opt/st/stm32cubeide_1.11.2/plugins/com.st.stm32cube.ide.mcu.externaltools.gnu-tools-for-stm32.10.3-2021.10.linux64_1.0.100.202210260954/tools/bin/../lib/gcc/arm-none-eabi/10.3.1/../../../../arm-none-eabi/lib/thumb/v7e-m+fp/hard/libc_nano.a(lib_a-findfp.o)
                0x0000000008006ed4                __sfp_lock_acquire
 .text.__sfp_lock_release
                0x0000000008006ee0        0xc /opt/st/stm32cubeide_1.11.2/plugins/com.st.stm32cube.ide.mcu.externaltools.gnu-tools-for-stm32.10.3-2021.10.linux64_1.0.100.202210260954/tools/bin/../lib/gcc/arm-none-eabi/10.3.1/../../../../arm-none-eabi/lib/thumb/v7e-m+fp/hard/libc_nano.a(lib_a-findfp.o)
                0x0000000008006ee0                __sfp_lock_release
 .text.__sinit_lock_acquire
                0x0000000008006eec        0xc /opt/st/stm32cubeide_1.11.2/plugins/com.st.stm32cube.ide.mcu.externaltools.gnu-tools-for-stm32.10.3-2021.10.linux64_1.0.100.202210260954/tools/bin/../lib/gcc/arm-none-eabi/10.3.1/../../../../arm-none-eabi/lib/thumb/v7e-m+fp/hard/libc_nano.a(lib_a-findfp.o)
                0x0000000008006eec                __sinit_lock_acquire
 .text.__sinit_lock_release
                0x0000000008006ef8        0xc /opt/st/stm32cubeide_1.11.2/plugins/com.st.stm32cube.ide.mcu.externaltools.gnu-tools-for-stm32.10.3-2021.10.linux64_1.0.100.202210260954/tools/bin/../lib/gcc/arm-none-eabi/10.3.1/../../../../arm-none-eabi/lib/thumb/v7e-m+fp/hard/libc_nano.a(lib_a-findfp.o)
                0x0000000008006ef8                __sinit_lock_release
 .text.__sinit  0x0000000008006f04       0x70 /opt/st/stm32cubeide_1.11.2/plugins/com.st.stm32cube.ide.mcu.externaltools.gnu-tools-for-stm32.10.3-2021.10.linux64_1.0.100.202210260954/tools/bin/../lib/gcc/arm-none-eabi/10.3.1/../../../../arm-none-eabi/lib/thumb/v7e-m+fp/hard/libc_nano.a(lib_a-findfp.o)
                0x0000000008006f04                __sinit
 .text.__sfp    0x0000000008006f74       0x8c /opt/st/stm32cubeide_1.11.2/plugins/com.st.stm32cube.ide.mcu.externaltools.gnu-tools-for-stm32.10.3-2021.10.linux64_1.0.100.202210260954/tools/bin/../lib/gcc/arm-none-eabi/10.3.1/../../../../arm-none-eabi/lib/thumb/v7e-m+fp/hard/libc_nano.a(lib_a-findfp.o)
                0x0000000008006f74                __sfp
 .text._fwalk_reent
                0x0000000008007000       0x3e /opt/st/stm32cubeide_1.11.2/plugins/com.st.stm32cube.ide.mcu.externaltools.gnu-tools-for-stm32.10.3-2021.10.linux64_1.0.100.202210260954/tools/bin/../lib/gcc/arm-none-eabi/10.3.1/../../../../arm-none-eabi/lib/thumb/v7e-m+fp/hard/libc_nano.a(lib_a-fwalk.o)
                0x0000000008007000                _fwalk_reent
 *fill*         0x000000000800703e        0x2 
 .text._localeconv_r
                0x0000000008007040        0x8 /opt/st/stm32cubeide_1.11.2/plugins/com.st.stm32cube.ide.mcu.externaltools.gnu-tools-for-stm32.10.3-2021.10.linux64_1.0.100.202210260954/tools/bin/../lib/gcc/arm-none-eabi/10.3.1/../../../../arm-none-eabi/lib/thumb/v7e-m+fp/hard/libc_nano.a(lib_a-localeconv.o)
                0x0000000008007040                _localeconv_r
 .text.__retarget_lock_init_recursive
                0x0000000008007048        0x2 /opt/st/stm32cubeide_1.11.2/plugins/com.st.stm32cube.ide.mcu.externaltools.gnu-tools-for-stm32.10.3-2021.10.linux64_1.0.100.202210260954/tools/bin/../lib/gcc/arm-none-eabi/10.3.1/../../../../arm-none-eabi/lib/thumb/v7e-m+fp/hard/libc_nano.a(lib_a-lock.o)
                0x0000000008007048                __retarget_lock_init_recursive
 .text.__retarget_lock_acquire_recursive
                0x000000000800704a        0x2 /opt/st/stm32cubeide_1.11.2/plugins/com.st.stm32cube.ide.mcu.externaltools.gnu-tools-for-stm32.10.3-2021.10.linux64_1.0.100.202210260954/tools/bin/../lib/gcc/arm-none-eabi/10.3.1/../../../../arm-none-eabi/lib/thumb/v7e-m+fp/hard/libc_nano.a(lib_a-lock.o)
                0x000000000800704a                __retarget_lock_acquire_recursive
 .text.__retarget_lock_release_recursive
                0x000000000800704c        0x2 /opt/st/stm32cubeide_1.11.2/plugins/com.st.stm32cube.ide.mcu.externaltools.gnu-tools-for-stm32.10.3-2021.10.linux64_1.0.100.202210260954/tools/bin/../lib/gcc/arm-none-eabi/10.3.1/../../../../arm-none-eabi/lib/thumb/v7e-m+fp/hard/libc_nano.a(lib_a-lock.o)
                0x000000000800704c                __retarget_lock_release_recursive
 *fill*         0x000000000800704e        0x2 
 .text.malloc   0x0000000008007050       0x10 /opt/st/stm32cubeide_1.11.2/plugins/com.st.stm32cube.ide.mcu.externaltools.gnu-tools-for-stm32.10.3-2021.10.linux64_1.0.100.202210260954/tools/bin/../lib/gcc/arm-none-eabi/10.3.1/../../../../arm-none-eabi/lib/thumb/v7e-m+fp/hard/libc_nano.a(lib_a-malloc.o)
                0x0000000008007050                malloc
 .text._Balloc  0x0000000008007060       0x80 /opt/st/stm32cubeide_1.11.2/plugins/com.st.stm32cube.ide.mcu.externaltools.gnu-tools-for-stm32.10.3-2021.10.linux64_1.0.100.202210260954/tools/bin/../lib/gcc/arm-none-eabi/10.3.1/../../../../arm-none-eabi/lib/thumb/v7e-m+fp/hard/libc_nano.a(lib_a-mprec.o)
                0x0000000008007060                _Balloc
 .text._Bfree   0x00000000080070e0       0x44 /opt/st/stm32cubeide_1.11.2/plugins/com.st.stm32cube.ide.mcu.externaltools.gnu-tools-for-stm32.10.3-2021.10.linux64_1.0.100.202210260954/tools/bin/../lib/gcc/arm-none-eabi/10.3.1/../../../../arm-none-eabi/lib/thumb/v7e-m+fp/hard/libc_nano.a(lib_a-mprec.o)
                0x00000000080070e0                _Bfree
 .text.__multadd
                0x0000000008007124       0x8c /opt/st/stm32cubeide_1.11.2/plugins/com.st.stm32cube.ide.mcu.externaltools.gnu-tools-for-stm32.10.3-2021.10.linux64_1.0.100.202210260954/tools/bin/../lib/gcc/arm-none-eabi/10.3.1/../../../../arm-none-eabi/lib/thumb/v7e-m+fp/hard/libc_nano.a(lib_a-mprec.o)
                0x0000000008007124                __multadd
 .text.__hi0bits
                0x00000000080071b0       0x40 /opt/st/stm32cubeide_1.11.2/plugins/com.st.stm32cube.ide.mcu.externaltools.gnu-tools-for-stm32.10.3-2021.10.linux64_1.0.100.202210260954/tools/bin/../lib/gcc/arm-none-eabi/10.3.1/../../../../arm-none-eabi/lib/thumb/v7e-m+fp/hard/libc_nano.a(lib_a-mprec.o)
                0x00000000080071b0                __hi0bits
 .text.__lo0bits
                0x00000000080071f0       0x5e /opt/st/stm32cubeide_1.11.2/plugins/com.st.stm32cube.ide.mcu.externaltools.gnu-tools-for-stm32.10.3-2021.10.linux64_1.0.100.202210260954/tools/bin/../lib/gcc/arm-none-eabi/10.3.1/../../../../arm-none-eabi/lib/thumb/v7e-m+fp/hard/libc_nano.a(lib_a-mprec.o)
                0x00000000080071f0                __lo0bits
 *fill*         0x000000000800724e        0x2 
 .text.__i2b    0x0000000008007250       0x2c /opt/st/stm32cubeide_1.11.2/plugins/com.st.stm32cube.ide.mcu.externaltools.gnu-tools-for-stm32.10.3-2021.10.linux64_1.0.100.202210260954/tools/bin/../lib/gcc/arm-none-eabi/10.3.1/../../../../arm-none-eabi/lib/thumb/v7e-m+fp/hard/libc_nano.a(lib_a-mprec.o)
                0x0000000008007250                __i2b
 .text.__multiply
                0x000000000800727c      0x154 /opt/st/stm32cubeide_1.11.2/plugins/com.st.stm32cube.ide.mcu.externaltools.gnu-tools-for-stm32.10.3-2021.10.linux64_1.0.100.202210260954/tools/bin/../lib/gcc/arm-none-eabi/10.3.1/../../../../arm-none-eabi/lib/thumb/v7e-m+fp/hard/libc_nano.a(lib_a-mprec.o)
                0x000000000800727c                __multiply
 .text.__pow5mult
                0x00000000080073d0       0xb4 /opt/st/stm32cubeide_1.11.2/plugins/com.st.stm32cube.ide.mcu.externaltools.gnu-tools-for-stm32.10.3-2021.10.linux64_1.0.100.202210260954/tools/bin/../lib/gcc/arm-none-eabi/10.3.1/../../../../arm-none-eabi/lib/thumb/v7e-m+fp/hard/libc_nano.a(lib_a-mprec.o)
                0x00000000080073d0                __pow5mult
 .text.__lshift
                0x0000000008007484       0xe0 /opt/st/stm32cubeide_1.11.2/plugins/com.st.stm32cube.ide.mcu.externaltools.gnu-tools-for-stm32.10.3-2021.10.linux64_1.0.100.202210260954/tools/bin/../lib/gcc/arm-none-eabi/10.3.1/../../../../arm-none-eabi/lib/thumb/v7e-m+fp/hard/libc_nano.a(lib_a-mprec.o)
                0x0000000008007484                __lshift
 .text.__mcmp   0x0000000008007564       0x38 /opt/st/stm32cubeide_1.11.2/plugins/com.st.stm32cube.ide.mcu.externaltools.gnu-tools-for-stm32.10.3-2021.10.linux64_1.0.100.202210260954/tools/bin/../lib/gcc/arm-none-eabi/10.3.1/../../../../arm-none-eabi/lib/thumb/v7e-m+fp/hard/libc_nano.a(lib_a-mprec.o)
                0x0000000008007564                __mcmp
 .text.__mdiff  0x000000000800759c      0x114 /opt/st/stm32cubeide_1.11.2/plugins/com.st.stm32cube.ide.mcu.externaltools.gnu-tools-for-stm32.10.3-2021.10.linux64_1.0.100.202210260954/tools/bin/../lib/gcc/arm-none-eabi/10.3.1/../../../../arm-none-eabi/lib/thumb/v7e-m+fp/hard/libc_nano.a(lib_a-mprec.o)
                0x000000000800759c                __mdiff
 .text.__d2b    0x00000000080076b0       0xb8 /opt/st/stm32cubeide_1.11.2/plugins/com.st.stm32cube.ide.mcu.externaltools.gnu-tools-for-stm32.10.3-2021.10.linux64_1.0.100.202210260954/tools/bin/../lib/gcc/arm-none-eabi/10.3.1/../../../../arm-none-eabi/lib/thumb/v7e-m+fp/hard/libc_nano.a(lib_a-mprec.o)
                0x00000000080076b0                __d2b
 .text._calloc_r
                0x0000000008007768       0x2c /opt/st/stm32cubeide_1.11.2/plugins/com.st.stm32cube.ide.mcu.externaltools.gnu-tools-for-stm32.10.3-2021.10.linux64_1.0.100.202210260954/tools/bin/../lib/gcc/arm-none-eabi/10.3.1/../../../../arm-none-eabi/lib/thumb/v7e-m+fp/hard/libc_nano.a(lib_a-nano-callocr.o)
                0x0000000008007768                _calloc_r
 .text._free_r  0x0000000008007794       0x98 /opt/st/stm32cubeide_1.11.2/plugins/com.st.stm32cube.ide.mcu.externaltools.gnu-tools-for-stm32.10.3-2021.10.linux64_1.0.100.202210260954/tools/bin/../lib/gcc/arm-none-eabi/10.3.1/../../../../arm-none-eabi/lib/thumb/v7e-m+fp/hard/libc_nano.a(lib_a-nano-freer.o)
                0x0000000008007794                _free_r
 .text.sbrk_aligned
                0x000000000800782c       0x40 /opt/st/stm32cubeide_1.11.2/plugins/com.st.stm32cube.ide.mcu.externaltools.gnu-tools-for-stm32.10.3-2021.10.linux64_1.0.100.202210260954/tools/bin/../lib/gcc/arm-none-eabi/10.3.1/../../../../arm-none-eabi/lib/thumb/v7e-m+fp/hard/libc_nano.a(lib_a-nano-mallocr.o)
 .text._malloc_r
                0x000000000800786c       0xe8 /opt/st/stm32cubeide_1.11.2/plugins/com.st.stm32cube.ide.mcu.externaltools.gnu-tools-for-stm32.10.3-2021.10.linux64_1.0.100.202210260954/tools/bin/../lib/gcc/arm-none-eabi/10.3.1/../../../../arm-none-eabi/lib/thumb/v7e-m+fp/hard/libc_nano.a(lib_a-nano-mallocr.o)
                0x000000000800786c                _malloc_r
 .text.__sfputc_r
                0x0000000008007954       0x2e /opt/st/stm32cubeide_1.11.2/plugins/com.st.stm32cube.ide.mcu.externaltools.gnu-tools-for-stm32.10.3-2021.10.linux64_1.0.100.202210260954/tools/bin/../lib/gcc/arm-none-eabi/10.3.1/../../../../arm-none-eabi/lib/thumb/v7e-m+fp/hard/libc_nano.a(lib_a-nano-vfprintf.o)
 .text.__sfputs_r
                0x0000000008007982       0x24 /opt/st/stm32cubeide_1.11.2/plugins/com.st.stm32cube.ide.mcu.externaltools.gnu-tools-for-stm32.10.3-2021.10.linux64_1.0.100.202210260954/tools/bin/../lib/gcc/arm-none-eabi/10.3.1/../../../../arm-none-eabi/lib/thumb/v7e-m+fp/hard/libc_nano.a(lib_a-nano-vfprintf.o)
                0x0000000008007982                __sfputs_r
 *fill*         0x00000000080079a6        0x2 
 .text._vfprintf_r
                0x00000000080079a8      0x260 /opt/st/stm32cubeide_1.11.2/plugins/com.st.stm32cube.ide.mcu.externaltools.gnu-tools-for-stm32.10.3-2021.10.linux64_1.0.100.202210260954/tools/bin/../lib/gcc/arm-none-eabi/10.3.1/../../../../arm-none-eabi/lib/thumb/v7e-m+fp/hard/libc_nano.a(lib_a-nano-vfprintf.o)
                0x00000000080079a8                _vfiprintf_r
                0x00000000080079a8                _vfprintf_r
 .text._sbrk_r  0x0000000008007c08       0x20 /opt/st/stm32cubeide_1.11.2/plugins/com.st.stm32cube.ide.mcu.externaltools.gnu-tools-for-stm32.10.3-2021.10.linux64_1.0.100.202210260954/tools/bin/../lib/gcc/arm-none-eabi/10.3.1/../../../../arm-none-eabi/lib/thumb/v7e-m+fp/hard/libc_nano.a(lib_a-sbrkr.o)
                0x0000000008007c08                _sbrk_r
 .text.__sread  0x0000000008007c28       0x22 /opt/st/stm32cubeide_1.11.2/plugins/com.st.stm32cube.ide.mcu.externaltools.gnu-tools-for-stm32.10.3-2021.10.linux64_1.0.100.202210260954/tools/bin/../lib/gcc/arm-none-eabi/10.3.1/../../../../arm-none-eabi/lib/thumb/v7e-m+fp/hard/libc_nano.a(lib_a-stdio.o)
                0x0000000008007c28                __sread
 .text.__swrite
                0x0000000008007c4a       0x38 /opt/st/stm32cubeide_1.11.2/plugins/com.st.stm32cube.ide.mcu.externaltools.gnu-tools-for-stm32.10.3-2021.10.linux64_1.0.100.202210260954/tools/bin/../lib/gcc/arm-none-eabi/10.3.1/../../../../arm-none-eabi/lib/thumb/v7e-m+fp/hard/libc_nano.a(lib_a-stdio.o)
                0x0000000008007c4a                __swrite
 .text.__sseek  0x0000000008007c82       0x24 /opt/st/stm32cubeide_1.11.2/plugins/com.st.stm32cube.ide.mcu.externaltools.gnu-tools-for-stm32.10.3-2021.10.linux64_1.0.100.202210260954/tools/bin/../lib/gcc/arm-none-eabi/10.3.1/../../../../arm-none-eabi/lib/thumb/v7e-m+fp/hard/libc_nano.a(lib_a-stdio.o)
                0x0000000008007c82                __sseek
 .text.__sclose
                0x0000000008007ca6        0x8 /opt/st/stm32cubeide_1.11.2/plugins/com.st.stm32cube.ide.mcu.externaltools.gnu-tools-for-stm32.10.3-2021.10.linux64_1.0.100.202210260954/tools/bin/../lib/gcc/arm-none-eabi/10.3.1/../../../../arm-none-eabi/lib/thumb/v7e-m+fp/hard/libc_nano.a(lib_a-stdio.o)
                0x0000000008007ca6                __sclose
 *fill*         0x0000000008007cae        0x2 
 .text.__swbuf_r
                0x0000000008007cb0       0xa4 /opt/st/stm32cubeide_1.11.2/plugins/com.st.stm32cube.ide.mcu.externaltools.gnu-tools-for-stm32.10.3-2021.10.linux64_1.0.100.202210260954/tools/bin/../lib/gcc/arm-none-eabi/10.3.1/../../../../arm-none-eabi/lib/thumb/v7e-m+fp/hard/libc_nano.a(lib_a-wbuf.o)
                0x0000000008007cb0                __swbuf_r
 .text._write_r
                0x0000000008007d54       0x24 /opt/st/stm32cubeide_1.11.2/plugins/com.st.stm32cube.ide.mcu.externaltools.gnu-tools-for-stm32.10.3-2021.10.linux64_1.0.100.202210260954/tools/bin/../lib/gcc/arm-none-eabi/10.3.1/../../../../arm-none-eabi/lib/thumb/v7e-m+fp/hard/libc_nano.a(lib_a-writer.o)
                0x0000000008007d54                _write_r
 .text.__swsetup_r
                0x0000000008007d78       0xdc /opt/st/stm32cubeide_1.11.2/plugins/com.st.stm32cube.ide.mcu.externaltools.gnu-tools-for-stm32.10.3-2021.10.linux64_1.0.100.202210260954/tools/bin/../lib/gcc/arm-none-eabi/10.3.1/../../../../arm-none-eabi/lib/thumb/v7e-m+fp/hard/libc_nano.a(lib_a-wsetup.o)
                0x0000000008007d78                __swsetup_r
 .text.__assert_func
                0x0000000008007e54       0x3c /opt/st/stm32cubeide_1.11.2/plugins/com.st.stm32cube.ide.mcu.externaltools.gnu-tools-for-stm32.10.3-2021.10.linux64_1.0.100.202210260954/tools/bin/../lib/gcc/arm-none-eabi/10.3.1/../../../../arm-none-eabi/lib/thumb/v7e-m+fp/hard/libc_nano.a(lib_a-assert.o)
                0x0000000008007e54                __assert_func
 .text._close_r
                0x0000000008007e90       0x20 /opt/st/stm32cubeide_1.11.2/plugins/com.st.stm32cube.ide.mcu.externaltools.gnu-tools-for-stm32.10.3-2021.10.linux64_1.0.100.202210260954/tools/bin/../lib/gcc/arm-none-eabi/10.3.1/../../../../arm-none-eabi/lib/thumb/v7e-m+fp/hard/libc_nano.a(lib_a-closer.o)
                0x0000000008007e90                _close_r
 .text.__sflush_r
                0x0000000008007eb0      0x10c /opt/st/stm32cubeide_1.11.2/plugins/com.st.stm32cube.ide.mcu.externaltools.gnu-tools-for-stm32.10.3-2021.10.linux64_1.0.100.202210260954/tools/bin/../lib/gcc/arm-none-eabi/10.3.1/../../../../arm-none-eabi/lib/thumb/v7e-m+fp/hard/libc_nano.a(lib_a-fflush.o)
                0x0000000008007eb0                __sflush_r
 .text._fflush_r
                0x0000000008007fbc       0x78 /opt/st/stm32cubeide_1.11.2/plugins/com.st.stm32cube.ide.mcu.externaltools.gnu-tools-for-stm32.10.3-2021.10.linux64_1.0.100.202210260954/tools/bin/../lib/gcc/arm-none-eabi/10.3.1/../../../../arm-none-eabi/lib/thumb/v7e-m+fp/hard/libc_nano.a(lib_a-fflush.o)
                0x0000000008007fbc                _fflush_r
 .text.fprintf  0x0000000008008034       0x24 /opt/st/stm32cubeide_1.11.2/plugins/com.st.stm32cube.ide.mcu.externaltools.gnu-tools-for-stm32.10.3-2021.10.linux64_1.0.100.202210260954/tools/bin/../lib/gcc/arm-none-eabi/10.3.1/../../../../arm-none-eabi/lib/thumb/v7e-m+fp/hard/libc_nano.a(lib_a-fprintf.o)
                0x0000000008008034                fprintf
                0x0000000008008034                fiprintf
 .text._lseek_r
                0x0000000008008058       0x24 /opt/st/stm32cubeide_1.11.2/plugins/com.st.stm32cube.ide.mcu.externaltools.gnu-tools-for-stm32.10.3-2021.10.linux64_1.0.100.202210260954/tools/bin/../lib/gcc/arm-none-eabi/10.3.1/../../../../arm-none-eabi/lib/thumb/v7e-m+fp/hard/libc_nano.a(lib_a-lseekr.o)
                0x0000000008008058                _lseek_r
 .text.__swhatbuf_r
                0x000000000800807c       0x4a /opt/st/stm32cubeide_1.11.2/plugins/com.st.stm32cube.ide.mcu.externaltools.gnu-tools-for-stm32.10.3-2021.10.linux64_1.0.100.202210260954/tools/bin/../lib/gcc/arm-none-eabi/10.3.1/../../../../arm-none-eabi/lib/thumb/v7e-m+fp/hard/libc_nano.a(lib_a-makebuf.o)
                0x000000000800807c                __swhatbuf_r
 *fill*         0x00000000080080c6        0x2 
 .text.__smakebuf_r
                0x00000000080080c8       0x80 /opt/st/stm32cubeide_1.11.2/plugins/com.st.stm32cube.ide.mcu.externaltools.gnu-tools-for-stm32.10.3-2021.10.linux64_1.0.100.202210260954/tools/bin/../lib/gcc/arm-none-eabi/10.3.1/../../../../arm-none-eabi/lib/thumb/v7e-m+fp/hard/libc_nano.a(lib_a-makebuf.o)
                0x00000000080080c8                __smakebuf_r
 .text.__ascii_mbtowc
                0x0000000008008148       0x24 /opt/st/stm32cubeide_1.11.2/plugins/com.st.stm32cube.ide.mcu.externaltools.gnu-tools-for-stm32.10.3-2021.10.linux64_1.0.100.202210260954/tools/bin/../lib/gcc/arm-none-eabi/10.3.1/../../../../arm-none-eabi/lib/thumb/v7e-m+fp/hard/libc_nano.a(lib_a-mbtowc_r.o)
                0x0000000008008148                __ascii_mbtowc
 .text.__malloc_lock
                0x000000000800816c        0xc /opt/st/stm32cubeide_1.11.2/plugins/com.st.stm32cube.ide.mcu.externaltools.gnu-tools-for-stm32.10.3-2021.10.linux64_1.0.100.202210260954/tools/bin/../lib/gcc/arm-none-eabi/10.3.1/../../../../arm-none-eabi/lib/thumb/v7e-m+fp/hard/libc_nano.a(lib_a-mlock.o)
                0x000000000800816c                __malloc_lock
 .text.__malloc_unlock
                0x0000000008008178        0xc /opt/st/stm32cubeide_1.11.2/plugins/com.st.stm32cube.ide.mcu.externaltools.gnu-tools-for-stm32.10.3-2021.10.linux64_1.0.100.202210260954/tools/bin/../lib/gcc/arm-none-eabi/10.3.1/../../../../arm-none-eabi/lib/thumb/v7e-m+fp/hard/libc_nano.a(lib_a-mlock.o)
                0x0000000008008178                __malloc_unlock
 .text._read_r  0x0000000008008184       0x24 /opt/st/stm32cubeide_1.11.2/plugins/com.st.stm32cube.ide.mcu.externaltools.gnu-tools-for-stm32.10.3-2021.10.linux64_1.0.100.202210260954/tools/bin/../lib/gcc/arm-none-eabi/10.3.1/../../../../arm-none-eabi/lib/thumb/v7e-m+fp/hard/libc_nano.a(lib_a-readr.o)
                0x0000000008008184                _read_r
 .text.__ascii_wctomb
                0x00000000080081a8       0x1a /opt/st/stm32cubeide_1.11.2/plugins/com.st.stm32cube.ide.mcu.externaltools.gnu-tools-for-stm32.10.3-2021.10.linux64_1.0.100.202210260954/tools/bin/../lib/gcc/arm-none-eabi/10.3.1/../../../../arm-none-eabi/lib/thumb/v7e-m+fp/hard/libc_nano.a(lib_a-wctomb_r.o)
                0x00000000080081a8                __ascii_wctomb
 .text.abort    0x00000000080081c2        0xe /opt/st/stm32cubeide_1.11.2/plugins/com.st.stm32cube.ide.mcu.externaltools.gnu-tools-for-stm32.10.3-2021.10.linux64_1.0.100.202210260954/tools/bin/../lib/gcc/arm-none-eabi/10.3.1/../../../../arm-none-eabi/lib/thumb/v7e-m+fp/hard/libc_nano.a(lib_a-abort.o)
                0x00000000080081c2                abort
 .text._fstat_r
                0x00000000080081d0       0x24 /opt/st/stm32cubeide_1.11.2/plugins/com.st.stm32cube.ide.mcu.externaltools.gnu-tools-for-stm32.10.3-2021.10.linux64_1.0.100.202210260954/tools/bin/../lib/gcc/arm-none-eabi/10.3.1/../../../../arm-none-eabi/lib/thumb/v7e-m+fp/hard/libc_nano.a(lib_a-fstatr.o)
                0x00000000080081d0                _fstat_r
 .text._isatty_r
                0x00000000080081f4       0x20 /opt/st/stm32cubeide_1.11.2/plugins/com.st.stm32cube.ide.mcu.externaltools.gnu-tools-for-stm32.10.3-2021.10.linux64_1.0.100.202210260954/tools/bin/../lib/gcc/arm-none-eabi/10.3.1/../../../../arm-none-eabi/lib/thumb/v7e-m+fp/hard/libc_nano.a(lib_a-isattyr.o)
                0x00000000080081f4                _isatty_r
 .text._raise_r
                0x0000000008008214       0x50 /opt/st/stm32cubeide_1.11.2/plugins/com.st.stm32cube.ide.mcu.externaltools.gnu-tools-for-stm32.10.3-2021.10.linux64_1.0.100.202210260954/tools/bin/../lib/gcc/arm-none-eabi/10.3.1/../../../../arm-none-eabi/lib/thumb/v7e-m+fp/hard/libc_nano.a(lib_a-signal.o)
                0x0000000008008214                _raise_r
 .text.raise    0x0000000008008264       0x10 /opt/st/stm32cubeide_1.11.2/plugins/com.st.stm32cube.ide.mcu.externaltools.gnu-tools-for-stm32.10.3-2021.10.linux64_1.0.100.202210260954/tools/bin/../lib/gcc/arm-none-eabi/10.3.1/../../../../arm-none-eabi/lib/thumb/v7e-m+fp/hard/libc_nano.a(lib_a-signal.o)
                0x0000000008008264                raise
 .text._kill_r  0x0000000008008274       0x24 /opt/st/stm32cubeide_1.11.2/plugins/com.st.stm32cube.ide.mcu.externaltools.gnu-tools-for-stm32.10.3-2021.10.linux64_1.0.100.202210260954/tools/bin/../lib/gcc/arm-none-eabi/10.3.1/../../../../arm-none-eabi/lib/thumb/v7e-m+fp/hard/libc_nano.a(lib_a-signalr.o)
                0x0000000008008274                _kill_r
 .text._getpid_r
                0x0000000008008298        0x4 /opt/st/stm32cubeide_1.11.2/plugins/com.st.stm32cube.ide.mcu.externaltools.gnu-tools-for-stm32.10.3-2021.10.linux64_1.0.100.202210260954/tools/bin/../lib/gcc/arm-none-eabi/10.3.1/../../../../arm-none-eabi/lib/thumb/v7e-m+fp/hard/libc_nano.a(lib_a-signalr.o)
                0x0000000008008298                _getpid_r
 .text.sqrt     0x000000000800829c       0x58 /opt/st/stm32cubeide_1.11.2/plugins/com.st.stm32cube.ide.mcu.externaltools.gnu-tools-for-stm32.10.3-2021.10.linux64_1.0.100.202210260954/tools/bin/../lib/gcc/arm-none-eabi/10.3.1/../../../../arm-none-eabi/lib/thumb/v7e-m+fp/hard/libm.a(lib_a-w_sqrt.o)
                0x000000000800829c                sqrt
 .text.asinf    0x00000000080082f4       0x58 /opt/st/stm32cubeide_1.11.2/plugins/com.st.stm32cube.ide.mcu.externaltools.gnu-tools-for-stm32.10.3-2021.10.linux64_1.0.100.202210260954/tools/bin/../lib/gcc/arm-none-eabi/10.3.1/../../../../arm-none-eabi/lib/thumb/v7e-m+fp/hard/libm.a(lib_a-wf_asin.o)
                0x00000000080082f4                asinf
 .text.atan2f   0x000000000800834c        0x4 /opt/st/stm32cubeide_1.11.2/plugins/com.st.stm32cube.ide.mcu.externaltools.gnu-tools-for-stm32.10.3-2021.10.linux64_1.0.100.202210260954/tools/bin/../lib/gcc/arm-none-eabi/10.3.1/../../../../arm-none-eabi/lib/thumb/v7e-m+fp/hard/libm.a(lib_a-wf_atan2.o)
                0x000000000800834c                atan2f
 .text.__ieee754_sqrt
                0x0000000008008350      0x164 /opt/st/stm32cubeide_1.11.2/plugins/com.st.stm32cube.ide.mcu.externaltools.gnu-tools-for-stm32.10.3-2021.10.linux64_1.0.100.202210260954/tools/bin/../lib/gcc/arm-none-eabi/10.3.1/../../../../arm-none-eabi/lib/thumb/v7e-m+fp/hard/libm.a(lib_a-e_sqrt.o)
                0x0000000008008350                __ieee754_sqrt
 .text.__ieee754_asinf
                0x00000000080084b4      0x1cc /opt/st/stm32cubeide_1.11.2/plugins/com.st.stm32cube.ide.mcu.externaltools.gnu-tools-for-stm32.10.3-2021.10.linux64_1.0.100.202210260954/tools/bin/../lib/gcc/arm-none-eabi/10.3.1/../../../../arm-none-eabi/lib/thumb/v7e-m+fp/hard/libm.a(lib_a-ef_asin.o)
                0x00000000080084b4                __ieee754_asinf
 .text.__ieee754_atan2f
                0x0000000008008680      0x140 /opt/st/stm32cubeide_1.11.2/plugins/com.st.stm32cube.ide.mcu.externaltools.gnu-tools-for-stm32.10.3-2021.10.linux64_1.0.100.202210260954/tools/bin/../lib/gcc/arm-none-eabi/10.3.1/../../../../arm-none-eabi/lib/thumb/v7e-m+fp/hard/libm.a(lib_a-ef_atan2.o)
                0x0000000008008680                __ieee754_atan2f
 .text.__ieee754_sqrtf
                0x00000000080087c0        0x6 /opt/st/stm32cubeide_1.11.2/plugins/com.st.stm32cube.ide.mcu.externaltools.gnu-tools-for-stm32.10.3-2021.10.linux64_1.0.100.202210260954/tools/bin/../lib/gcc/arm-none-eabi/10.3.1/../../../../arm-none-eabi/lib/thumb/v7e-m+fp/hard/libm.a(lib_a-ef_sqrt.o)
                0x00000000080087c0                __ieee754_sqrtf
 *fill*         0x00000000080087c6        0x2 
 .text.atanf    0x00000000080087c8      0x1a8 /opt/st/stm32cubeide_1.11.2/plugins/com.st.stm32cube.ide.mcu.externaltools.gnu-tools-for-stm32.10.3-2021.10.linux64_1.0.100.202210260954/tools/bin/../lib/gcc/arm-none-eabi/10.3.1/../../../../arm-none-eabi/lib/thumb/v7e-m+fp/hard/libm.a(lib_a-sf_atan.o)
                0x00000000080087c8                atanf
 .text.fabsf    0x0000000008008970        0xe /opt/st/stm32cubeide_1.11.2/plugins/com.st.stm32cube.ide.mcu.externaltools.gnu-tools-for-stm32.10.3-2021.10.linux64_1.0.100.202210260954/tools/bin/../lib/gcc/arm-none-eabi/10.3.1/../../../../arm-none-eabi/lib/thumb/v7e-m+fp/hard/libm.a(lib_a-sf_fabs.o)
                0x0000000008008970                fabsf
 *fill*         0x000000000800897e        0x2 
 .text.nanf     0x0000000008008980        0xc /opt/st/stm32cubeide_1.11.2/plugins/com.st.stm32cube.ide.mcu.externaltools.gnu-tools-for-stm32.10.3-2021.10.linux64_1.0.100.202210260954/tools/bin/../lib/gcc/arm-none-eabi/10.3.1/../../../../arm-none-eabi/lib/thumb/v7e-m+fp/hard/libm.a(lib_a-sf_nan.o)
                0x0000000008008980                nanf
 *(.glue_7)
 .glue_7        0x000000000800898c        0x0 linker stubs
 *(.glue_7t)
 .glue_7t       0x000000000800898c        0x0 linker stubs
 *(.eh_frame)
 .eh_frame      0x000000000800898c        0x0 /opt/st/stm32cubeide_1.11.2/plugins/com.st.stm32cube.ide.mcu.externaltools.gnu-tools-for-stm32.10.3-2021.10.linux64_1.0.100.202210260954/tools/bin/../lib/gcc/arm-none-eabi/10.3.1/thumb/v7e-m+fp/hard/crtbegin.o
 *(.init)
 .init          0x000000000800898c        0x4 /opt/st/stm32cubeide_1.11.2/plugins/com.st.stm32cube.ide.mcu.externaltools.gnu-tools-for-stm32.10.3-2021.10.linux64_1.0.100.202210260954/tools/bin/../lib/gcc/arm-none-eabi/10.3.1/thumb/v7e-m+fp/hard/crti.o
                0x000000000800898c                _init
 .init          0x0000000008008990        0x8 /opt/st/stm32cubeide_1.11.2/plugins/com.st.stm32cube.ide.mcu.externaltools.gnu-tools-for-stm32.10.3-2021.10.linux64_1.0.100.202210260954/tools/bin/../lib/gcc/arm-none-eabi/10.3.1/thumb/v7e-m+fp/hard/crtn.o
 *(.fini)
 .fini          0x0000000008008998        0x4 /opt/st/stm32cubeide_1.11.2/plugins/com.st.stm32cube.ide.mcu.externaltools.gnu-tools-for-stm32.10.3-2021.10.linux64_1.0.100.202210260954/tools/bin/../lib/gcc/arm-none-eabi/10.3.1/thumb/v7e-m+fp/hard/crti.o
                0x0000000008008998                _fini
 .fini          0x000000000800899c        0x8 /opt/st/stm32cubeide_1.11.2/plugins/com.st.stm32cube.ide.mcu.externaltools.gnu-tools-for-stm32.10.3-2021.10.linux64_1.0.100.202210260954/tools/bin/../lib/gcc/arm-none-eabi/10.3.1/thumb/v7e-m+fp/hard/crtn.o
                0x00000000080089a4                . = ALIGN (0x4)
                0x00000000080089a4                _etext = .

.vfp11_veneer   0x00000000080089a4        0x0
 .vfp11_veneer  0x00000000080089a4        0x0 linker stubs

.v4_bx          0x00000000080089a4        0x0
 .v4_bx         0x00000000080089a4        0x0 linker stubs

.iplt           0x00000000080089a4        0x0
 .iplt          0x00000000080089a4        0x0 /opt/st/stm32cubeide_1.11.2/plugins/com.st.stm32cube.ide.mcu.externaltools.gnu-tools-for-stm32.10.3-2021.10.linux64_1.0.100.202210260954/tools/bin/../lib/gcc/arm-none-eabi/10.3.1/thumb/v7e-m+fp/hard/crtbegin.o

.rodata         0x00000000080089a8      0x52c
                0x00000000080089a8                . = ALIGN (0x4)
 *(.rodata)
 .rodata        0x00000000080089a8       0x66 ./Core/Src/ICM20602.o
 *fill*         0x0000000008008a0e        0x2 
 .rodata        0x0000000008008a10       0x66 ./Core/Src/SBUS_Receiver.o
 *(.rodata*)
 *fill*         0x0000000008008a76        0x2 
 .rodata.STREAM_OFFSET_TAB
                0x0000000008008a78        0x8 ./Core/Src/GPS_Receiver.o
 .rodata.STREAM_OFFSET_TAB
                0x0000000008008a80        0x8 ./Core/Src/main.o
 .rodata.STREAM_OFFSET_TAB
                0x0000000008008a88        0x8 ./Core/Src/stm32f4xx_it.o
 .rodata.AHBPrescTable
                0x0000000008008a90       0x10 ./Core/Src/system_stm32f4xx.o
                0x0000000008008a90                AHBPrescTable
 .rodata.APBPrescTable
                0x0000000008008aa0        0x8 ./Core/Src/system_stm32f4xx.o
                0x0000000008008aa0                APBPrescTable
 .rodata.OFFSET_TAB_CCMRx
                0x0000000008008aa8        0x7 ./Core/Src/tim.o
 *fill*         0x0000000008008aaf        0x1 
 .rodata.SHIFT_TAB_OCxx
                0x0000000008008ab0        0x7 ./Core/Src/tim.o
 *fill*         0x0000000008008ab7        0x1 
 .rodata.STREAM_OFFSET_TAB
                0x0000000008008ab8        0x8 ./Core/Src/usart.o
 .rodata._global_impure_ptr
                0x0000000008008ac0        0x4 /opt/st/stm32cubeide_1.11.2/plugins/com.st.stm32cube.ide.mcu.externaltools.gnu-tools-for-stm32.10.3-2021.10.linux64_1.0.100.202210260954/tools/bin/../lib/gcc/arm-none-eabi/10.3.1/../../../../arm-none-eabi/lib/thumb/v7e-m+fp/hard/libc_nano.a(lib_a-impure.o)
                0x0000000008008ac0                _global_impure_ptr
 .rodata._printf_float.str1.1
                0x0000000008008ac4       0x12 /opt/st/stm32cubeide_1.11.2/plugins/com.st.stm32cube.ide.mcu.externaltools.gnu-tools-for-stm32.10.3-2021.10.linux64_1.0.100.202210260954/tools/bin/../lib/gcc/arm-none-eabi/10.3.1/../../../../arm-none-eabi/lib/thumb/v7e-m+fp/hard/libc_nano.a(lib_a-nano-vfprintf_float.o)
 .rodata._printf_i.str1.1
                0x0000000008008ad6       0x22 /opt/st/stm32cubeide_1.11.2/plugins/com.st.stm32cube.ide.mcu.externaltools.gnu-tools-for-stm32.10.3-2021.10.linux64_1.0.100.202210260954/tools/bin/../lib/gcc/arm-none-eabi/10.3.1/../../../../arm-none-eabi/lib/thumb/v7e-m+fp/hard/libc_nano.a(lib_a-nano-vfprintf_i.o)
 .rodata._dtoa_r.str1.1
                0x0000000008008af8       0x90 /opt/st/stm32cubeide_1.11.2/plugins/com.st.stm32cube.ide.mcu.externaltools.gnu-tools-for-stm32.10.3-2021.10.linux64_1.0.100.202210260954/tools/bin/../lib/gcc/arm-none-eabi/10.3.1/../../../../arm-none-eabi/lib/thumb/v7e-m+fp/hard/libc_nano.a(lib_a-dtoa.o)
                                         0x92 (size before relaxing)
 .rodata.__sf_fake_stderr
                0x0000000008008b88       0x20 /opt/st/stm32cubeide_1.11.2/plugins/com.st.stm32cube.ide.mcu.externaltools.gnu-tools-for-stm32.10.3-2021.10.linux64_1.0.100.202210260954/tools/bin/../lib/gcc/arm-none-eabi/10.3.1/../../../../arm-none-eabi/lib/thumb/v7e-m+fp/hard/libc_nano.a(lib_a-findfp.o)
                0x0000000008008b88                __sf_fake_stderr
 .rodata.__sf_fake_stdin
                0x0000000008008ba8       0x20 /opt/st/stm32cubeide_1.11.2/plugins/com.st.stm32cube.ide.mcu.externaltools.gnu-tools-for-stm32.10.3-2021.10.linux64_1.0.100.202210260954/tools/bin/../lib/gcc/arm-none-eabi/10.3.1/../../../../arm-none-eabi/lib/thumb/v7e-m+fp/hard/libc_nano.a(lib_a-findfp.o)
                0x0000000008008ba8                __sf_fake_stdin
 .rodata.__sf_fake_stdout
                0x0000000008008bc8       0x20 /opt/st/stm32cubeide_1.11.2/plugins/com.st.stm32cube.ide.mcu.externaltools.gnu-tools-for-stm32.10.3-2021.10.linux64_1.0.100.202210260954/tools/bin/../lib/gcc/arm-none-eabi/10.3.1/../../../../arm-none-eabi/lib/thumb/v7e-m+fp/hard/libc_nano.a(lib_a-findfp.o)
                0x0000000008008bc8                __sf_fake_stdout
 .rodata._Balloc.str1.1
                0x0000000008008be8       0x5c /opt/st/stm32cubeide_1.11.2/plugins/com.st.stm32cube.ide.mcu.externaltools.gnu-tools-for-stm32.10.3-2021.10.linux64_1.0.100.202210260954/tools/bin/../lib/gcc/arm-none-eabi/10.3.1/../../../../arm-none-eabi/lib/thumb/v7e-m+fp/hard/libc_nano.a(lib_a-mprec.o)
                                         0x73 (size before relaxing)
 .rodata.__multadd.str1.1
                0x0000000008008c44       0x11 /opt/st/stm32cubeide_1.11.2/plugins/com.st.stm32cube.ide.mcu.externaltools.gnu-tools-for-stm32.10.3-2021.10.linux64_1.0.100.202210260954/tools/bin/../lib/gcc/arm-none-eabi/10.3.1/../../../../arm-none-eabi/lib/thumb/v7e-m+fp/hard/libc_nano.a(lib_a-mprec.o)
 *fill*         0x0000000008008c44        0x4 
 .rodata.__mprec_bigtens
                0x0000000008008c48       0x28 /opt/st/stm32cubeide_1.11.2/plugins/com.st.stm32cube.ide.mcu.externaltools.gnu-tools-for-stm32.10.3-2021.10.linux64_1.0.100.202210260954/tools/bin/../lib/gcc/arm-none-eabi/10.3.1/../../../../arm-none-eabi/lib/thumb/v7e-m+fp/hard/libc_nano.a(lib_a-mprec.o)
                0x0000000008008c48                __mprec_bigtens
 .rodata.__mprec_tens
                0x0000000008008c70       0xc8 /opt/st/stm32cubeide_1.11.2/plugins/com.st.stm32cube.ide.mcu.externaltools.gnu-tools-for-stm32.10.3-2021.10.linux64_1.0.100.202210260954/tools/bin/../lib/gcc/arm-none-eabi/10.3.1/../../../../arm-none-eabi/lib/thumb/v7e-m+fp/hard/libc_nano.a(lib_a-mprec.o)
                0x0000000008008c70                __mprec_tens
 .rodata.p05.0  0x0000000008008d38        0xc /opt/st/stm32cubeide_1.11.2/plugins/com.st.stm32cube.ide.mcu.externaltools.gnu-tools-for-stm32.10.3-2021.10.linux64_1.0.100.202210260954/tools/bin/../lib/gcc/arm-none-eabi/10.3.1/../../../../arm-none-eabi/lib/thumb/v7e-m+fp/hard/libc_nano.a(lib_a-mprec.o)
 .rodata._vfprintf_r.str1.1
                0x0000000008008d44       0x11 /opt/st/stm32cubeide_1.11.2/plugins/com.st.stm32cube.ide.mcu.externaltools.gnu-tools-for-stm32.10.3-2021.10.linux64_1.0.100.202210260954/tools/bin/../lib/gcc/arm-none-eabi/10.3.1/../../../../arm-none-eabi/lib/thumb/v7e-m+fp/hard/libc_nano.a(lib_a-nano-vfprintf.o)
 .rodata.__assert_func.str1.1
                0x0000000008008d55       0x3c /opt/st/stm32cubeide_1.11.2/plugins/com.st.stm32cube.ide.mcu.externaltools.gnu-tools-for-stm32.10.3-2021.10.linux64_1.0.100.202210260954/tools/bin/../lib/gcc/arm-none-eabi/10.3.1/../../../../arm-none-eabi/lib/thumb/v7e-m+fp/hard/libc_nano.a(lib_a-assert.o)
                                         0x3d (size before relaxing)
 .rodata._setlocale_r.str1.1
                0x0000000008008d91        0x8 /opt/st/stm32cubeide_1.11.2/plugins/com.st.stm32cube.ide.mcu.externaltools.gnu-tools-for-stm32.10.3-2021.10.linux64_1.0.100.202210260954/tools/bin/../lib/gcc/arm-none-eabi/10.3.1/../../../../arm-none-eabi/lib/thumb/v7e-m+fp/hard/libc_nano.a(lib_a-locale.o)
                                          0x9 (size before relaxing)
 .rodata.str1.1
                0x0000000008008d99        0x2 /opt/st/stm32cubeide_1.11.2/plugins/com.st.stm32cube.ide.mcu.externaltools.gnu-tools-for-stm32.10.3-2021.10.linux64_1.0.100.202210260954/tools/bin/../lib/gcc/arm-none-eabi/10.3.1/../../../../arm-none-eabi/lib/thumb/v7e-m+fp/hard/libc_nano.a(lib_a-locale.o)
 .rodata._ctype_
                0x0000000008008d9b      0x101 /opt/st/stm32cubeide_1.11.2/plugins/com.st.stm32cube.ide.mcu.externaltools.gnu-tools-for-stm32.10.3-2021.10.linux64_1.0.100.202210260954/tools/bin/../lib/gcc/arm-none-eabi/10.3.1/../../../../arm-none-eabi/lib/thumb/v7e-m+fp/hard/libc_nano.a(lib_a-ctype_.o)
                0x0000000008008d9b                _ctype_
 .rodata.asinf.str1.1
                0x0000000008008e9c        0x1 /opt/st/stm32cubeide_1.11.2/plugins/com.st.stm32cube.ide.mcu.externaltools.gnu-tools-for-stm32.10.3-2021.10.linux64_1.0.100.202210260954/tools/bin/../lib/gcc/arm-none-eabi/10.3.1/../../../../arm-none-eabi/lib/thumb/v7e-m+fp/hard/libm.a(lib_a-wf_asin.o)
 .rodata.CSWTCH.8
                0x0000000008008e9c        0xc /opt/st/stm32cubeide_1.11.2/plugins/com.st.stm32cube.ide.mcu.externaltools.gnu-tools-for-stm32.10.3-2021.10.linux64_1.0.100.202210260954/tools/bin/../lib/gcc/arm-none-eabi/10.3.1/../../../../arm-none-eabi/lib/thumb/v7e-m+fp/hard/libm.a(lib_a-ef_atan2.o)
 .rodata.CSWTCH.9
                0x0000000008008ea8        0xc /opt/st/stm32cubeide_1.11.2/plugins/com.st.stm32cube.ide.mcu.externaltools.gnu-tools-for-stm32.10.3-2021.10.linux64_1.0.100.202210260954/tools/bin/../lib/gcc/arm-none-eabi/10.3.1/../../../../arm-none-eabi/lib/thumb/v7e-m+fp/hard/libm.a(lib_a-ef_atan2.o)
 .rodata.atanhi
                0x0000000008008eb4       0x10 /opt/st/stm32cubeide_1.11.2/plugins/com.st.stm32cube.ide.mcu.externaltools.gnu-tools-for-stm32.10.3-2021.10.linux64_1.0.100.202210260954/tools/bin/../lib/gcc/arm-none-eabi/10.3.1/../../../../arm-none-eabi/lib/thumb/v7e-m+fp/hard/libm.a(lib_a-sf_atan.o)
 .rodata.atanlo
                0x0000000008008ec4       0x10 /opt/st/stm32cubeide_1.11.2/plugins/com.st.stm32cube.ide.mcu.externaltools.gnu-tools-for-stm32.10.3-2021.10.linux64_1.0.100.202210260954/tools/bin/../lib/gcc/arm-none-eabi/10.3.1/../../../../arm-none-eabi/lib/thumb/v7e-m+fp/hard/libm.a(lib_a-sf_atan.o)
                0x0000000008008ed4                . = ALIGN (0x4)

.ARM.extab      0x0000000008008ed4        0x0
                0x0000000008008ed4                . = ALIGN (0x4)
 *(.ARM.extab* .gnu.linkonce.armextab.*)
                0x0000000008008ed4                . = ALIGN (0x4)

.ARM            0x0000000008008ed4        0x8
                0x0000000008008ed4                . = ALIGN (0x4)
                0x0000000008008ed4                __exidx_start = .
 *(.ARM.exidx*)
 .ARM.exidx     0x0000000008008ed4        0x8 /opt/st/stm32cubeide_1.11.2/plugins/com.st.stm32cube.ide.mcu.externaltools.gnu-tools-for-stm32.10.3-2021.10.linux64_1.0.100.202210260954/tools/bin/../lib/gcc/arm-none-eabi/10.3.1/thumb/v7e-m+fp/hard/libgcc.a(_udivmoddi4.o)
                0x0000000008008edc                __exidx_end = .
                0x0000000008008edc                . = ALIGN (0x4)

.rel.dyn        0x0000000008008edc        0x0
 .rel.iplt      0x0000000008008edc        0x0 /opt/st/stm32cubeide_1.11.2/plugins/com.st.stm32cube.ide.mcu.externaltools.gnu-tools-for-stm32.10.3-2021.10.linux64_1.0.100.202210260954/tools/bin/../lib/gcc/arm-none-eabi/10.3.1/thumb/v7e-m+fp/hard/crtbegin.o

.preinit_array  0x0000000008008edc        0x0
                0x0000000008008edc                . = ALIGN (0x4)
                0x0000000008008edc                PROVIDE (__preinit_array_start = .)
 *(.preinit_array*)
                0x0000000008008edc                PROVIDE (__preinit_array_end = .)
                0x0000000008008edc                . = ALIGN (0x4)

.init_array     0x0000000008008edc        0x4
                0x0000000008008edc                . = ALIGN (0x4)
                0x0000000008008edc                PROVIDE (__init_array_start = .)
 *(SORT_BY_NAME(.init_array.*))
 *(.init_array*)
 .init_array    0x0000000008008edc        0x4 /opt/st/stm32cubeide_1.11.2/plugins/com.st.stm32cube.ide.mcu.externaltools.gnu-tools-for-stm32.10.3-2021.10.linux64_1.0.100.202210260954/tools/bin/../lib/gcc/arm-none-eabi/10.3.1/thumb/v7e-m+fp/hard/crtbegin.o
                0x0000000008008ee0                PROVIDE (__init_array_end = .)
                0x0000000008008ee0                . = ALIGN (0x4)

.fini_array     0x0000000008008ee0        0x4
                0x0000000008008ee0                . = ALIGN (0x4)
                [!provide]                        PROVIDE (__fini_array_start = .)
 *(SORT_BY_NAME(.fini_array.*))
 *(.fini_array*)
 .fini_array    0x0000000008008ee0        0x4 /opt/st/stm32cubeide_1.11.2/plugins/com.st.stm32cube.ide.mcu.externaltools.gnu-tools-for-stm32.10.3-2021.10.linux64_1.0.100.202210260954/tools/bin/../lib/gcc/arm-none-eabi/10.3.1/thumb/v7e-m+fp/hard/crtbegin.o
                [!provide]                        PROVIDE (__fini_array_end = .)
                0x0000000008008ee4                . = ALIGN (0x4)
                0x0000000008008ee4                _sidata = LOADADDR (.data)

.data           0x0000000020000000      0x1e8 load address 0x0000000008008ee4
                0x0000000020000000                . = ALIGN (0x4)
                0x0000000020000000                _sdata = .
 *(.data)
 *(.data*)
 .data.q        0x0000000020000000       0x10 ./Core/Src/Quaternion.o
                0x0000000020000000                q
 .data.twoKp    0x0000000020000010        0x4 ./Core/Src/Quaternion.o
                0x0000000020000010                twoKp
 .data.SystemCoreClock
                0x0000000020000014        0x4 ./Core/Src/system_stm32f4xx.o
                0x0000000020000014                SystemCoreClock
 .data._impure_ptr
                0x0000000020000018        0x4 /opt/st/stm32cubeide_1.11.2/plugins/com.st.stm32cube.ide.mcu.externaltools.gnu-tools-for-stm32.10.3-2021.10.linux64_1.0.100.202210260954/tools/bin/../lib/gcc/arm-none-eabi/10.3.1/../../../../arm-none-eabi/lib/thumb/v7e-m+fp/hard/libc_nano.a(lib_a-impure.o)
                0x0000000020000018                _impure_ptr
 .data.impure_data
                0x000000002000001c       0x60 /opt/st/stm32cubeide_1.11.2/plugins/com.st.stm32cube.ide.mcu.externaltools.gnu-tools-for-stm32.10.3-2021.10.linux64_1.0.100.202210260954/tools/bin/../lib/gcc/arm-none-eabi/10.3.1/../../../../arm-none-eabi/lib/thumb/v7e-m+fp/hard/libc_nano.a(lib_a-impure.o)
 .data.__global_locale
                0x000000002000007c      0x16c /opt/st/stm32cubeide_1.11.2/plugins/com.st.stm32cube.ide.mcu.externaltools.gnu-tools-for-stm32.10.3-2021.10.linux64_1.0.100.202210260954/tools/bin/../lib/gcc/arm-none-eabi/10.3.1/../../../../arm-none-eabi/lib/thumb/v7e-m+fp/hard/libc_nano.a(lib_a-locale.o)
                0x000000002000007c                __global_locale
 *(.RamFunc)
 *(.RamFunc*)
                0x00000000200001e8                . = ALIGN (0x4)
                0x00000000200001e8                _edata = .
                0x00000000080090cc                _siccmram = LOADADDR (.ccmram)

.igot.plt       0x00000000200001e8        0x0 load address 0x00000000080090cc
 .igot.plt      0x00000000200001e8        0x0 /opt/st/stm32cubeide_1.11.2/plugins/com.st.stm32cube.ide.mcu.externaltools.gnu-tools-for-stm32.10.3-2021.10.linux64_1.0.100.202210260954/tools/bin/../lib/gcc/arm-none-eabi/10.3.1/thumb/v7e-m+fp/hard/crtbegin.o

.ccmram         0x0000000010000000        0x0 load address 0x00000000080090cc
                0x0000000010000000                . = ALIGN (0x4)
                0x0000000010000000                _sccmram = .
 *(.ccmram)
 *(.ccmram*)
                0x0000000010000000                . = ALIGN (0x4)
                0x0000000010000000                _eccmram = .
                0x0000000010000000                . = ALIGN (0x4)

.bss            0x00000000200001e8      0x240
                0x00000000200001e8                _sbss = .
                0x00000000200001e8                __bss_start__ = _sbss
 *(.bss)
 .bss           0x00000000200001e8       0x1c /opt/st/stm32cubeide_1.11.2/plugins/com.st.stm32cube.ide.mcu.externaltools.gnu-tools-for-stm32.10.3-2021.10.linux64_1.0.100.202210260954/tools/bin/../lib/gcc/arm-none-eabi/10.3.1/thumb/v7e-m+fp/hard/crtbegin.o
 *(.bss*)
 .bss.recv_cnt  0x0000000020000204        0x4 ./Core/Src/GPS_Receiver.o
                0x0000000020000204                recv_cnt
 .bss.err_cnt   0x0000000020000208        0x4 ./Core/Src/GPS_Receiver.o
                0x0000000020000208                err_cnt
 .bss.ICM20602  0x000000002000020c       0x28 ./Core/Src/ICM20602.o
                0x000000002000020c                ICM20602
 .bss.Roll      0x0000000020000234        0x4 ./Core/Src/Quaternion.o
                0x0000000020000234                Roll
 .bss.Pitch     0x0000000020000238        0x4 ./Core/Src/Quaternion.o
                0x0000000020000238                Pitch
 .bss.Yaw       0x000000002000023c        0x4 ./Core/Src/Quaternion.o
                0x000000002000023c                Yaw
 .bss.GYROX_RATE
                0x0000000020000240        0x4 ./Core/Src/Quaternion.o
                0x0000000020000240                GYROX_RATE
 .bss.GYROY_RATE
                0x0000000020000244        0x4 ./Core/Src/Quaternion.o
                0x0000000020000244                GYROY_RATE
 .bss.GYROZ_RATE
                0x0000000020000248        0x4 ./Core/Src/Quaternion.o
                0x0000000020000248                GYROZ_RATE
 .bss.ACCX_RATE
                0x000000002000024c        0x4 ./Core/Src/Quaternion.o
                0x000000002000024c                ACCX_RATE
 .bss.ACCY_RATE