Archive member included to satisfy reference by file (symbol)

/opt/st/stm32cubeide_1.11.2/plugins/com.st.stm32cube.ide.mcu.externaltools.gnu-tools-for-stm32.10.3-2021.10.linux64_1.0.100.202210260954/tools/bin/../lib/gcc/arm-none-eabi/10.3.1/../../../../arm-none-eabi/lib/thumb/v7e-m+fp/hard/libc_nano.a(lib_a-atoi.o)
                              ./Core/Src/cli_command.o (atoi)
/opt/st/stm32cubeide_1.11.2/plugins/com.st.stm32cube.ide.mcu.externaltools.gnu-tools-for-stm32.10.3-2021.10.linux64_1.0.100.202210260954/tools/bin/../lib/gcc/arm-none-eabi/10.3.1/../../../../arm-none-eabi/lib/thumb/v7e-m+fp/hard/libc_nano.a(lib_a-errno.o)
                              ./Core/Src/syscalls.o (__errno)
/opt/st/stm32cubeide_1.11.2/plugins/com.st.stm32cube.ide.mcu.externaltools.gnu-tools-for-stm32.10.3-2021.10.linux64_1.0.100.202210260954/tools/bin/../lib/gcc/arm-none-eabi/10.3.1/../../../../arm-none-eabi/lib/thumb/v7e-m+fp/hard/libc_nano.a(lib_a-exit.o)
                              /opt/st/stm32cubeide_1.11.2/plugins/com.st.stm32cube.ide.mcu.externaltools.gnu-tools-for-stm32.10.3-2021.10.linux64_1.0.100.202210260954/tools/bin/../lib/gcc/arm-none-eabi/10.3.1/../../../../arm-none-eabi/lib/thumb/v7e-m+fp/hard/crt0.o (exit)
/opt/st/stm32cubeide_1.11.2/plugins/com.st.stm32cube.ide.mcu.externaltools.gnu-tools-for-stm32.10.3-2021.10.linux64_1.0.100.202210260954/tools/bin/../lib/gcc/arm-none-eabi/10.3.1/../../../../arm-none-eabi/lib/thumb/v7e-m+fp/hard/libc_nano.a(lib_a-impure.o)
                              /opt/st/stm32cubeide_1.11.2/plugins/com.st.stm32cube.ide.mcu.externaltools.gnu-tools-for-stm32.10.3-2021.10.linux64_1.0.100.202210260954/tools/bin/../lib/gcc/arm-none-eabi/10.3.1/../../../../arm-none-eabi/lib/thumb/v7e-m+fp/hard/libc_nano.a(lib_a-exit.o) (_global_impure_ptr)
/opt/st/stm32cubeide_1.11.2/plugins/com.st.stm32cube.ide.mcu.externaltools.gnu-tools-for-stm32.10.3-2021.10.linux64_1.0.100.202210260954/tools/bin/../lib/gcc/arm-none-eabi/10.3.1/../../../../arm-none-eabi/lib/thumb/v7e-m+fp/hard/libc_nano.a(lib_a-init.o)
                              /opt/st/stm32cubeide_1.11.2/plugins/com.st.stm32cube.ide.mcu.externaltools.gnu-tools-for-stm32.10.3-2021.10.linux64_1.0.100.202210260954/tools/bin/../lib/gcc/arm-none-eabi/10.3.1/../../../../arm-none-eabi/lib/thumb/v7e-m+fp/hard/crt0.o (__libc_init_array)
/opt/st/stm32cubeide_1.11.2/plugins/com.st.stm32cube.ide.mcu.externaltools.gnu-tools-for-stm32.10.3-2021.10.linux64_1.0.100.202210260954/tools/bin/../lib/gcc/arm-none-eabi/10.3.1/../../../../arm-none-eabi/lib/thumb/v7e-m+fp/hard/libc_nano.a(lib_a-malloc.o)
                              ./Core/Src/cli_command.o (malloc)
/opt/st/stm32cubeide_1.11.2/plugins/com.st.stm32cube.ide.mcu.externaltools.gnu-tools-for-stm32.10.3-2021.10.linux64_1.0.100.202210260954/tools/bin/../lib/gcc/arm-none-eabi/10.3.1/../../../../arm-none-eabi/lib/thumb/v7e-m+fp/hard/libc_nano.a(lib_a-memcpy-stub.o)
                              ./Core/Src/GPS_Receiver.o (memcpy)
/opt/st/stm32cubeide_1.11.2/plugins/com.st.stm32cube.ide.mcu.externaltools.gnu-tools-for-stm32.10.3-2021.10.linux64_1.0.100.202210260954/tools/bin/../lib/gcc/arm-none-eabi/10.3.1/../../../../arm-none-eabi/lib/thumb/v7e-m+fp/hard/libc_nano.a(lib_a-memset.o)
                              /opt/st/stm32cubeide_1.11.2/plugins/com.st.stm32cube.ide.mcu.externaltools.gnu-tools-for-stm32.10.3-2021.10.linux64_1.0.100.202210260954/tools/bin/../lib/gcc/arm-none-eabi/10.3.1/../../../../arm-none-eabi/lib/thumb/v7e-m+fp/hard/crt0.o (memset)
/opt/st/stm32cubeide_1.11.2/plugins/com.st.stm32cube.ide.mcu.externaltools.gnu-tools-for-stm32.10.3-2021.10.linux64_1.0.100.202210260954/tools/bin/../lib/gcc/arm-none-eabi/10.3.1/../../../../arm-none-eabi/lib/thumb/v7e-m+fp/hard/libc_nano.a(lib_a-nano-freer.o)
                              /opt/st/stm32cubeide_1.11.2/plugins/com.st.stm32cube.ide.mcu.externaltools.gnu-tools-for-stm32.10.3-2021.10.linux64_1.0.100.202210260954/tools/bin/../lib/gcc/arm-none-eabi/10.3.1/../../../../arm-none-eabi/lib/thumb/v7e-m+fp/hard/libc_nano.a(lib_a-malloc.o) (_free_r)
/opt/st/stm32cubeide_1.11.2/plugins/com.st.stm32cube.ide.mcu.externaltools.gnu-tools-for-stm32.10.3-2021.10.linux64_1.0.100.202210260954/tools/bin/../lib/gcc/arm-none-eabi/10.3.1/../../../../arm-none-eabi/lib/thumb/v7e-m+fp/hard/libc_nano.a(lib_a-nano-mallocr.o)
                              /opt/st/stm32cubeide_1.11.2/plugins/com.st.stm32cube.ide.mcu.externaltools.gnu-tools-for-stm32.10.3-2021.10.linux64_1.0.100.202210260954/tools/bin/../lib/gcc/arm-none-eabi/10.3.1/../../../../arm-none-eabi/lib/thumb/v7e-m+fp/hard/libc_nano.a(lib_a-malloc.o) (_malloc_r)
/opt/st/stm32cubeide_1.11.2/plugins/com.st.stm32cube.ide.mcu.externaltools.gnu-tools-for-stm32.10.3-2021.10.linux64_1.0.100.202210260954/tools/bin/../lib/gcc/arm-none-eabi/10.3.1/../../../../arm-none-eabi/lib/thumb/v7e-m+fp/hard/libc_nano.a(lib_a-nano-vfprintf_float.o)
                              (_printf_float)
[...]
Memory Configuration

Name             Origin             Length             Attributes
CCMRAM           0x0000000010000000 0x0000000000010000 xrw
RAM              0x0000000020000000 0x0000000000020000 xrw
FLASH            0x0000000008000000 0x0000000000100000 xr
*default*        0x0000000000000000 0xffffffffffffffff

Linker script and memory map

LOAD /opt/st/stm32cubeide_1.11.2/plugins/com.st.stm32cube.ide.mcu.externaltools.gnu-tools-for-stm32.10.3-2021.10.linux64_1.0.100.202210260954/tools/bin/../lib/gcc/arm-none-eabi/10.3.1/thumb/v7e-m+fp/hard/crti.o
LOAD /opt/st/stm32cubeide_1.11.2/plugins/com.st.stm32cube.ide.mcu.externaltools.gnu-tools-for-stm32.10.3-2021.10.linux64_1.0.100.202210260954/tools/bin/../lib/gcc/arm-none-eabi/10.3.1/thumb/v7e-m+fp/hard/crtbegin.o
LOAD /opt/st/stm32cubeide_1.11.2/plugins/com.st.stm32cube.ide.mcu.externaltools.gnu-tools-for-stm32.10.3-2021.10.linux64_1.0.100.202210260954/tools/bin/../lib/gcc/arm-none-eabi/10.3.1/../../../../arm-none-eabi/lib/thumb/v7e-m+fp/hard/crt0.o
LOAD ./Core/Src/GPS_Receiver.o
LOAD ./Core/Src/ICM20602.o
LOAD ./Core/Src/Quaternion.o
LOAD ./Core/Src/SBUS_Receiver.o
LOAD ./Core/Src/W25Qxx_Flash.o
LOAD ./Core/Src/adc.o
LOAD ./Core/Src/circular_queue.o
LOAD ./Core/Src/cli.o
LOAD ./Core/Src/cli_command.o
LOAD ./Core/Src/cli_uart.o
LOAD ./Core/Src/common.o
LOAD ./Core/Src/dma.o
LOAD ./Core/Src/flash_if.o
LOAD ./Core/Src/gpio.o
LOAD ./Core/Src/main.o
LOAD ./Core/Src/menu.o
LOAD ./Core/Src/spi.o
LOAD ./Core/Src/stm32f4xx_hal_msp.o
LOAD ./Core/Src/stm32f4xx_it.o
LOAD ./Core/Src/syscalls.o
LOAD ./Core/Src/sysmem.o
LOAD ./Core/Src/system_stm32f4xx.o
LOAD ./Core/Src/tim.o
LOAD ./Core/Src/usart.o
LOAD ./Core/Src/ymodem.o
LOAD ./Core/Startup/startup_stm32f405rgtx.o
LOAD ./Drivers/STM32F4xx_HAL_Driver/Src/stm32f4xx_hal.o
LOAD ./Drivers/STM32F4xx_HAL_Driver/Src/stm32f4xx_hal_adc.o
LOAD ./Drivers/STM32F4xx_HAL_Driver/Src/stm32f4xx_hal_adc_ex.o
LOAD ./Drivers/STM32F4xx_HAL_Driver/Src/stm32f4xx_hal_cortex.o
LOAD ./Drivers/STM32F4xx_HAL_Driver/Src/stm32f4xx_hal_dma.o
LOAD ./Drivers/STM32F4xx_HAL_Driver/Src/stm32f4xx_hal_dma_ex.o
LOAD ./Drivers/STM32F4xx_HAL_Driver/Src/stm32f4xx_hal_exti.o
LOAD ./Drivers/STM32F4xx_HAL_Driver/Src/stm32f4xx_hal_flash.o
LOAD ./Drivers/STM32F4xx_HAL_Driver/Src/stm32f4xx_hal_flash_ex.o
LOAD ./Drivers/STM32F4xx_HAL_Driver/Src/stm32f4xx_hal_flash_ramfunc.o
LOAD ./Drivers/STM32F4xx_HAL_Driver/Src/stm32f4xx_hal_gpio.o
LOAD ./Drivers/STM32F4xx_HAL_Driver/Src/stm32f4xx_hal_pwr.o
LOAD ./Drivers/STM32F4xx_HAL_Driver/Src/stm32f4xx_hal_pwr_ex.o
LOAD ./Drivers/STM32F4xx_HAL_Driver/Src/stm32f4xx_hal_rcc.o
LOAD ./Drivers/STM32F4xx_HAL_Driver/Src/stm32f4xx_hal_rcc_ex.o
LOAD ./Drivers/STM32F4xx_HAL_Driver/Src/stm32f4xx_hal_uart.o
LOAD ./Drivers/STM32F4xx_HAL_Driver/Src/stm32f4xx_ll_adc.o
LOAD ./Drivers/STM32F4xx_HAL_Driver/Src/stm32f4xx_ll_dma.o
LOAD ./Drivers/STM32F4xx_HAL_Driver/Src/stm32f4xx_ll_exti.o
LOAD ./Drivers/STM32F4xx_HAL_Driver/Src/stm32f4xx_ll_gpio.o
LOAD ./Drivers/STM32F4xx_HAL_Driver/Src/stm32f4xx_ll_rcc.o
LOAD ./Drivers/STM32F4xx_HAL_Driver/Src/stm32f4xx_ll_spi.o
LOAD ./Drivers/STM32F4xx_HAL_Driver/Src/stm32f4xx_ll_tim.o
LOAD ./Drivers/STM32F4xx_HAL_Driver/Src/stm32f4xx_ll_usart.o
LOAD ./Drivers/STM32F4xx_HAL_Driver/Src/stm32f4xx_ll_utils.o
START GROUP
LOAD /opt/st/stm32cubeide_1.11.2/plugins/com.st.stm32cube.ide.mcu.externaltools.gnu-tools-for-stm32.10.3-2021.10.linux64_1.0.100.202210260954/tools/bin/../lib/gcc/arm-none-eabi/10.3.1/../../../../arm-none-eabi/lib/thumb/v7e-m+fp/hard/libc_nano.a
LOAD /opt/st/stm32cubeide_1.11.2/plugins/com.st.stm32cube.ide.mcu.externaltools.gnu-tools-for-stm32.10.3-2021.10.linux64_1.0.100.202210260954/tools/bin/../lib/gcc/arm-none-eabi/10.3.1/../../../../arm-none-eabi/lib/thumb/v7e-m+fp/hard/libm.a
END GROUP
START GROUP
LOAD /opt/st/stm32cubeide_1.11.2/plugins/com.st.stm32cube.ide.mcu.externaltools.gnu-tools-for-stm32.10.3-2021.10.linux64_1.0.100.202210260954/tools/bin/../lib/gcc/arm-none-eabi/10.3.1/thumb/v7e-m+fp/hard/libgcc.a
LOAD /opt/st/stm32cubeide_1.11.2/plugins/com.st.stm32cube.ide.mcu.externaltools.gnu-tools-for-stm32.10.3-2021.10.linux64_1.0.100.202210260954/tools/bin/../lib/gcc/arm-none-eabi/10.3.1/../../../../arm-none-eabi/lib/thumb/v7e-m+fp/hard/libc_nano.a
END GROUP
START GROUP
LOAD /opt/st/stm32cubeide_1.11.2/plugins/com.st.stm32cube.ide.mcu.externaltools.gnu-tools-for-stm32.10.3-2021.10.linux64_1.0.100.202210260954/tools/bin/../lib/gcc/arm-none-eabi/10.3.1/thumb/v7e-m+fp/hard/libgcc.a
LOAD /opt/st/stm32cubeide_1.11.2/plugins/com.st.stm32cube.ide.mcu.externaltools.gnu-tools-for-stm32.10.3-2021.10.linux64_1.0.100.202210260954/tools/bin/../lib/gcc/arm-none-eabi/10.3.1/../../../../arm-none-eabi/lib/thumb/v7e-m+fp/hard/libc_nano.a
LOAD /opt/st/stm32cubeide_1.11.2/plugins/com.st.stm32cube.ide.mcu.externaltools.gnu-tools-for-stm32.10.3-2021.10.linux64_1.0.100.202210260954/tools/bin/../lib/gcc/arm-none-eabi/10.3.1/../../../../arm-none-eabi/lib/thumb/v7e-m+fp/hard/libnosys.a
END GROUP
START GROUP
LOAD /opt/st/stm32cubeide_1.11.2/plugins/com.st.stm32cube.ide.mcu.externaltools.gnu-tools-for-stm32.10.3-2021.10.linux64_1.0.100.202210260954/tools/bin/../lib/gcc/arm-none-eabi/10.3.1/thumb/v7e-m+fp/hard/libgcc.a
LOAD /opt/st/stm32cubeide_1.11.2/plugins/com.st.stm32cube.ide.mcu.externaltools.gnu-tools-for-stm32.10.3-2021.10.linux64_1.0.100.202210260954/tools/bin/../lib/gcc/arm-none-eabi/10.3.1/../../../../arm-none-eabi/lib/thumb/v7e-m+fp/hard/libc_nano.a
LOAD /opt/st/stm32cubeide_1.11.2/plugins/com.st.stm32cube.ide.mcu.externaltools.gnu-tools-for-stm32.10.3-2021.10.linux64_1.0.100.202210260954/tools/bin/../lib/gcc/arm-none-eabi/10.3.1/../../../../arm-none-eabi/lib/thumb/v7e-m+fp/hard/libnosys.a
END GROUP
LOAD /opt/st/stm32cubeide_1.11.2/plugins/com.st.stm32cube.ide.mcu.externaltools.gnu-tools-for-stm32.10.3-2021.10.linux64_1.0.100.202210260954/tools/bin/../lib/gcc/arm-none-eabi/10.3.1/thumb/v7e-m+fp/hard/crtend.o
LOAD /opt/st/stm32cubeide_1.11.2/plugins/com.st.stm32cube.ide.mcu.externaltools.gnu-tools-for-stm32.10.3-2021.10.linux64_1.0.100.202210260954/tools/bin/../lib/gcc/arm-none-eabi/10.3.1/thumb/v7e-m+fp/hard/crtn.o
                0x0000000020020000                _estack = (ORIGIN (RAM) + LENGTH (RAM))
                0x0000000000000200                _Min_Heap_Size = 0x200
                0x0000000000000400                _Min_Stack_Size = 0x400

.isr_vector     0x0000000008000000      0x188
                0x0000000008000000                . = ALIGN (0x4)
 *(.isr_vector)
 .isr_vector    0x0000000008000000      0x188 ./Core/Startup/startup_stm32f405rgtx.o
                0x0000000008000000                g_pfnVectors
                0x0000000008000188                . = ALIGN (0x4)

.text           0x0000000008000190     0xda0c
                0x0000000008000190                . = ALIGN (0x4)
 *(.text)
 .text          0x0000000008000190       0x40 /opt/st/stm32cubeide_1.11.2/plugins/com.st.stm32cube.ide.mcu.externaltools.gnu-tools-for-stm32.10.3-2021.10.linux64_1.0.100.202210260954/tools/bin/../lib/gcc/arm-none-eabi/10.3.1/thumb/v7e-m+fp/hard/crtbegin.o
 .text          0x00000000080001d0       0x10 /opt/st/stm32cubeide_1.11.2/plugins/com.st.stm32cube.ide.mcu.externaltools.gnu-tools-for-stm32.10.3-2021.10.linux64_1.0.100.202210260954/tools/bin/../lib/gcc/arm-none-eabi/10.3.1/../../../../arm-none-eabi/lib/thumb/v7e-m+fp/hard/libc_nano.a(lib_a-strlen.o)
                0x00000000080001d0                strlen
 .text          0x00000000080001e0       0xa0 /opt/st/stm32cubeide_1.11.2/plugins/com.st.stm32cube.ide.mcu.externaltools.gnu-tools-for-stm32.10.3-2021.10.linux64_1.0.100.202210260954/tools/bin/../lib/gcc/arm-none-eabi/10.3.1/../../../../arm-none-eabi/lib/thumb/v7e-m+fp/hard/libc_nano.a(lib_a-memchr.o)
                0x00000000080001e0                memchr
 .text          0x0000000008000280      0x378 /opt/st/stm32cubeide_1.11.2/plugins/com.st.stm32cube.ide.mcu.externaltools.gnu-tools-for-stm32.10.3-2021.10.linux64_1.0.100.202210260954/tools/bin/../lib/gcc/arm-none-eabi/10.3.1/thumb/v7e-m+fp/hard/libgcc.a(_arm_addsubdf3.o)
                0x0000000008000280                __aeabi_drsub
                0x0000000008000288                __aeabi_dsub
                0x0000000008000288                __subdf3
                0x000000000800028c                __adddf3
                0x000000000800028c                __aeabi_dadd
                0x0000000008000504                __aeabi_ui2d
                0x0000000008000504                __floatunsidf
                0x0000000008000524                __floatsidf
                0x0000000008000524                __aeabi_i2d
                0x0000000008000548                __extendsfdf2
                0x0000000008000548                __aeabi_f2d
                0x000000000800058c                __aeabi_ul2d
                0x000000000800058c                __floatundidf
                0x000000000800059c                __floatdidf
                0x000000000800059c                __aeabi_l2d
 .text          0x00000000080005f8      0x424 /opt/st/stm32cubeide_1.11.2/plugins/com.st.stm32cube.ide.mcu.externaltools.gnu-tools-for-stm32.10.3-2021.10.linux64_1.0.100.202210260954/tools/bin/../lib/gcc/arm-none-eabi/10.3.1/thumb/v7e-m+fp/hard/libgcc.a(_arm_muldivdf3.o)
                0x00000000080005f8                __aeabi_dmul
                0x00000000080005f8                __muldf3
                0x000000000800084c                __aeabi_ddiv
                0x000000000800084c                __divdf3
 .text          0x0000000008000a1c      0x110 /opt/st/stm32cubeide_1.11.2/plugins/com.st.stm32cube.ide.mcu.externaltools.gnu-tools-for-stm32.10.3-2021.10.linux64_1.0.100.202210260954/tools/bin/../lib/gcc/arm-none-eabi/10.3.1/thumb/v7e-m+fp/hard/libgcc.a(_arm_cmpdf2.o)
                0x0000000008000a1c                __gtdf2
                0x0000000008000a1c                __gedf2
                0x0000000008000a24                __ltdf2
                0x0000000008000a24                __ledf2
                0x0000000008000a2c                __cmpdf2
                0x0000000008000a2c                __eqdf2
                0x0000000008000a2c                __nedf2
                0x0000000008000aa8                __aeabi_cdrcmple
                0x0000000008000ab8                __aeabi_cdcmple
                0x0000000008000ab8                __aeabi_cdcmpeq
                0x0000000008000ac8                __aeabi_dcmpeq
                0x0000000008000adc                __aeabi_dcmplt
                0x0000000008000af0                __aeabi_dcmple
                0x0000000008000b04                __aeabi_dcmpge
                0x0000000008000b18                __aeabi_dcmpgt
 .text          0x0000000008000b2c       0x2c /opt/st/stm32cubeide_1.11.2/plugins/com.st.stm32cube.ide.mcu.externaltools.gnu-tools-for-stm32.10.3-2021.10.linux64_1.0.100.202210260954/tools/bin/../lib/gcc/arm-none-eabi/10.3.1/thumb/v7e-m+fp/hard/libgcc.a(_arm_unorddf2.o)
                0x0000000008000b2c                __aeabi_dcmpun
                0x0000000008000b2c                __unorddf2
 .text          0x0000000008000b58       0x50 /opt/st/stm32cubeide_1.11.2/plugins/com.st.stm32cube.ide.mcu.externaltools.gnu-tools-for-stm32.10.3-2021.10.linux64_1.0.100.202210260954/tools/bin/../lib/gcc/arm-none-eabi/10.3.1/thumb/v7e-m+fp/hard/libgcc.a(_arm_fixdfsi.o)
                0x0000000008000b58                __fixdfsi
                0x0000000008000b58                __aeabi_d2iz
 .text          0x0000000008000ba8       0xa0 /opt/st/stm32cubeide_1.11.2/plugins/com.st.stm32cube.ide.mcu.externaltools.gnu-tools-for-stm32.10.3-2021.10.linux64_1.0.100.202210260954/tools/bin/../lib/gcc/arm-none-eabi/10.3.1/thumb/v7e-m+fp/hard/libgcc.a(_arm_truncdfsf2.o)
                0x0000000008000ba8                __aeabi_d2f
                0x0000000008000ba8                __truncdfsf2
 .text          0x0000000008000c48       0x30 /opt/st/stm32cubeide_1.11.2/plugins/com.st.stm32cube.ide.mcu.externaltools.gnu-tools-for-stm32.10.3-2021.10.linux64_1.0.100.202210260954/tools/bin/../lib/gcc/arm-none-eabi/10.3.1/thumb/v7e-m+fp/hard/libgcc.a(_aeabi_uldivmod.o)
                0x0000000008000c48                __aeabi_uldivmod
 .text          0x0000000008000c78      0x2d0 /opt/st/stm32cubeide_1.11.2/plugins/com.st.stm32cube.ide.mcu.externaltools.gnu-tools-for-stm32.10.3-2021.10.linux64_1.0.100.202210260954/tools/bin/../lib/gcc/arm-none-eabi/10.3.1/thumb/v7e-m+fp/hard/libgcc.a(_udivmoddi4.o)
                0x0000000008000c78                __udivmoddi4
 .text          0x0000000008000f48        0x4 /opt/st/stm32cubeide_1.11.2/plugins/com.st.stm32cube.ide.mcu.externaltools.gnu-tools-for-stm32.10.3-2021.10.linux64_1.0.100.202210260954/tools/bin/../lib/gcc/arm-none-eabi/10.3.1/thumb/v7e-m+fp/hard/libgcc.a(_dvmd_tls.o)
                0x0000000008000f48                __aeabi_ldiv0
                0x0000000008000f48                __aeabi_idiv0
 *(.text*)
 .text.LL_DMA_SetDataLength
                0x0000000008000f4c       0x48 ./Core/Src/GPS_Receiver.o
 .text.LL_DMA_SetMemoryAddress
                0x0000000008000f94       0x30 ./Core/Src/GPS_Receiver.o
 .text.LL_DMA_SetPeriphAddress
                0x0000000008000fc4       0x30 ./Core/Src/GPS_Receiver.o
 .text.LL_DMA_EnableIT_TC
                0x0000000008000ff4       0x40 ./Core/Src/GPS_Receiver.o
 .text.LL_USART_EnableDMAReq_RX
                0x0000000008001034       0x46 ./Core/Src/GPS_Receiver.o
 .text.LL_USART_DMA_GetRegAddr
                0x000000000800107a       0x18 ./Core/Src/GPS_Receiver.o
 .text.GPS_DMA_init
                0x0000000008001092       0x4e ./Core/Src/GPS_Receiver.o
                0x0000000008001092                GPS_DMA_init
 .text.GPS_Parsing
                0x00000000080010e0       0xd6 ./Core/Src/GPS_Receiver.o
                0x00000000080010e0                GPS_Parsing
 *fill*         0x00000000080011b6        0x2 
 .text.LL_AHB1_GRP1_EnableClock
                0x00000000080011b8       0x30 ./Core/Src/ICM20602.o
 .text.LL_APB2_GRP1_EnableClock
                0x00000000080011e8       0x30 ./Core/Src/ICM20602.o
 .text.LL_SPI_Enable
                0x0000000008001218       0x20 ./Core/Src/ICM20602.o
 .text.LL_SPI_SetStandard
                0x0000000008001238       0x26 ./Core/Src/ICM20602.o
 .text.LL_SPI_IsActiveFlag_RXNE
                0x000000000800125e       0x26 ./Core/Src/ICM20602.o
 .text.LL_SPI_IsActiveFlag_TXE
                0x0000000008001284       0x26 ./Core/Src/ICM20602.o
 .text.LL_SPI_ReceiveData8
                0x00000000080012aa       0x1c ./Core/Src/ICM20602.o
 .text.LL_SPI_TransmitData8
                0x00000000080012c6       0x24 ./Core/Src/ICM20602.o
 .text.LL_GPIO_IsInputPinSet
                0x00000000080012ea       0x2a ./Core/Src/ICM20602.o
 .text.LL_GPIO_SetOutputPin
                0x0000000008001314       0x1c ./Core/Src/ICM20602.o
 .text.LL_GPIO_ResetOutputPin
                0x0000000008001330       0x1e ./Core/Src/ICM20602.o
 *fill*         0x000000000800134e        0x2 
 .text.ICM20602_GPIO_SPI_Initialization
                0x0000000008001350       0xf8 ./Core/Src/ICM20602.o
                0x0000000008001350                ICM20602_GPIO_SPI_Initialization
 .text.SPI1_SendByte
                0x0000000008001448       0x44 ./Core/Src/ICM20602.o
                0x0000000008001448                SPI1_SendByte
 .text.ICM20602_Readbyte
                0x000000000800148c       0x40 ./Core/Src/ICM20602.o
                0x000000000800148c                ICM20602_Readbyte
 .text.ICM20602_Readbytes
                0x00000000080014cc       0x5c ./Core/Src/ICM20602.o
                0x00000000080014cc                ICM20602_Readbytes
 .text.ICM20602_Writebyte
                0x0000000008001528       0x44 ./Core/Src/ICM20602.o
                0x0000000008001528                ICM20602_Writebyte
 .text.ICM20602_Initialization
                0x000000000800156c      0x110 ./Core/Src/ICM20602.o
                0x000000000800156c                ICM20602_Initialization
 .text.ICM20602_Get6AxisRawData
                0x000000000800167c       0x94 ./Core/Src/ICM20602.o
                0x000000000800167c                ICM20602_Get6AxisRawData
 .text.ICM20602_DataReady
                0x0000000008001710       0x18 ./Core/Src/ICM20602.o
                0x0000000008001710                ICM20602_DataReady
 .text.GetRPY   0x0000000008001728      0x1e8 ./Core/Src/Quaternion.o
                0x0000000008001728                GetRPY
 .text.Quaternion_Update
                0x0000000008001910      0x1ac ./Core/Src/Quaternion.o
                0x0000000008001910                Quaternion_Update
 .text.MahonyAHRSupdateIMU
                0x0000000008001abc      0x59c ./Core/Src/Quaternion.o
                0x0000000008001abc                MahonyAHRSupdateIMU
 .text.SBUS_Parsing
                0x0000000008002058      0x380 ./Core/Src/SBUS_Receiver.o
                0x0000000008002058                SBUS_Parsing
 .text.LL_SPI_Enable
                0x00000000080023d8       0x20 ./Core/Src/W25Qxx_Flash.o
 .text.LL_SPI_IsActiveFlag_RXNE
                0x00000000080023f8       0x26 ./Core/Src/W25Qxx_Flash.o
 .text.LL_SPI_IsActiveFlag_TXE
                0x000000000800241e       0x26 ./Core/Src/W25Qxx_Flash.o
 .text.LL_SPI_ReceiveData8
                0x0000000008002444       0x1c ./Core/Src/W25Qxx_Flash.o
 .text.LL_SPI_TransmitData8
                0x0000000008002460       0x24 ./Core/Src/W25Qxx_Flash.o
 .text.LL_GPIO_SetOutputPin
                0x0000000008002484       0x1c ./Core/Src/W25Qxx_Flash.o
 .text.LL_GPIO_ResetOutputPin
                0x00000000080024a0       0x1e ./Core/Src/W25Qxx_Flash.o
 *fill*         0x00000000080024be        0x2 
 .text.W25QXX_SPI_Initialization
                0x00000000080024c0       0x24 ./Core/Src/W25Qxx_Flash.o
                0x00000000080024c0                W25QXX_SPI_Initialization
 .text.W25qxx_Spi
                0x00000000080024e4       0x44 ./Core/Src/W25Qxx_Flash.o
                0x00000000080024e4                W25qxx_Spi
 .text.W25qxx_Spi_Receive
                0x0000000008002528       0x60 ./Core/Src/W25Qxx_Flash.o
                0x0000000008002528                W25qxx_Spi_Receive
 .text.W25qxx_ReadID
                0x0000000008002588       0x48 ./Core/Src/W25Qxx_Flash.o
                0x0000000008002588                W25qxx_ReadID
 .text.W25qxx_ReadUniqID
                0x00000000080025d0       0x90 ./Core/Src/W25Qxx_Flash.o
                0x00000000080025d0                W25qxx_ReadUniqID
 .text.W25qxx_ReadStatusRegister
                0x0000000008002660       0xc0 ./Core/Src/W25Qxx_Flash.o
                0x0000000008002660                W25qxx_ReadStatusRegister
 .text.W25qxx_Init
                0x0000000008002720      0x27c ./Core/Src/W25Qxx_Flash.o
                0x0000000008002720                W25qxx_Init
 .text.MX_ADC1_Init
                0x000000000800299c       0xa4 ./Core/Src/adc.o
                0x000000000800299c                MX_ADC1_Init
 .text.HAL_ADC_MspInit
                0x0000000008002a40       0xec ./Core/Src/adc.o
                0x0000000008002a40                HAL_ADC_MspInit
 .text.QueueInit
                0x0000000008002b2c       0x34 ./Core/Src/circular_queue.o
                0x0000000008002b2c                QueueInit
 .text.IsEmpty  0x0000000008002b60       0x2a ./Core/Src/circular_queue.o
                0x0000000008002b60                IsEmpty
 *fill*         0x0000000008002b8a        0x2 
 .text.IsFull   0x0000000008002b8c       0x48 ./Core/Src/circular_queue.o
                0x0000000008002b8c                IsFull
 .text.Enqueue  0x0000000008002bd4       0x78 ./Core/Src/circular_queue.o
                0x0000000008002bd4                Enqueue
 .text.Dequeue  0x0000000008002c4c       0x58 ./Core/Src/circular_queue.o
                0x0000000008002c4c                Dequeue
 .text.move_cursor
                0x0000000008002ca4       0xb8 ./Core/Src/circular_queue.o
                0x0000000008002ca4                move_cursor
 .text.print_history
                0x0000000008002d5c      0x104 ./Core/Src/circular_queue.o
                0x0000000008002d5c                print_history
 .text.CliInit  0x0000000008002e60       0x34 ./Core/Src/cli.o
                0x0000000008002e60                CliInit
 .text.CliDisplayInfo
                0x0000000008002e94       0x54 ./Core/Src/cli.o
                0x0000000008002e94                CliDisplayInfo
 .text.CliDo    0x0000000008002ee8       0x50 ./Core/Src/cli.o
                0x0000000008002ee8                CliDo
 .text.CLiParseCmdLine
                0x0000000008002f38       0xa0 ./Core/Src/cli.o
                0x0000000008002f38                CLiParseCmdLine
 .text.CliMatchCommand
                0x0000000008002fd8       0x1e ./Core/Src/cli.o
                0x0000000008002fd8                CliMatchCommand
 *fill*         0x0000000008002ff6        0x2 
 .text.CommandInit
                0x0000000008002ff8       0xc0 ./Core/Src/cli_command.o
                0x0000000008002ff8                CommandInit
 .text.CommnadDo
                0x00000000080030b8       0x70 ./Core/Src/cli_command.o
                0x00000000080030b8                CommnadDo
 .text.CommandHistory
                0x0000000008003128       0x40 ./Core/Src/cli_command.o
                0x0000000008003128                CommandHistory
 .text.CommandHelp
                0x0000000008003168       0x5c ./Core/Src/cli_command.o
                0x0000000008003168                CommandHelp
 .text.CommandMd
                0x00000000080031c4      0x12c ./Core/Src/cli_command.o
                0x00000000080031c4                CommandMd
 .text.CommandFwDownload
                0x00000000080032f0       0x4c ./Core/Src/cli_command.o
                0x00000000080032f0                CommandFwDownload
 .text.CommandRunApplication
                0x000000000800333c       0x1c ./Core/Src/cli_command.o
                0x000000000800333c                CommandRunApplication
 .text.CommandErase
                0x0000000008003358       0x20 ./Core/Src/cli_command.o
                0x0000000008003358                CommandErase
 .text.CommandLed
                0x0000000008003378       0x18 ./Core/Src/cli_command.o
                0x0000000008003378                CommandLed
 .text.FindCommands
                0x0000000008003390      0x11c ./Core/Src/cli_command.o
                0x0000000008003390                FindCommands
 .text.UartInit
                0x00000000080034ac       0x5c ./Core/Src/cli_uart.o
                0x00000000080034ac                UartInit
 .text.UartReceiveBuffer
                0x0000000008003508       0xf0 ./Core/Src/cli_uart.o
                0x0000000008003508                UartReceiveBuffer
 .text.UartWriteCmdBuffer
                0x00000000080035f8      0x17c ./Core/Src/cli_uart.o
                0x00000000080035f8                UartWriteCmdBuffer
 .text.UartWriteSpecialKey
                0x0000000008003774       0x78 ./Core/Src/cli_uart.o
                0x0000000008003774                UartWriteSpecialKey
 .text.UartWriteDirKey
                0x00000000080037ec       0x94 ./Core/Src/cli_uart.o
                0x00000000080037ec                UartWriteDirKey
 .text.UartWriteTabKey
                0x0000000008003880       0xa0 ./Core/Src/cli_uart.o
                0x0000000008003880                UartWriteTabKey
 .text.UartEraseCmdBuffer
                0x0000000008003920       0x84 ./Core/Src/cli_uart.o
                0x0000000008003920                UartEraseCmdBuffer
 .text.UartWriteHistoryOnCmdBuffer
                0x00000000080039a4       0x80 ./Core/Src/cli_uart.o
                0x00000000080039a4                UartWriteHistoryOnCmdBuffer
 .text.RxCpltCallback
                0x0000000008003a24       0x2c ./Core/Src/cli_uart.o
                0x0000000008003a24                RxCpltCallback
 .text.Int2Str  0x0000000008003a50       0xac ./Core/Src/common.o
                0x0000000008003a50                Int2Str
 .text.Str2Int  0x0000000008003afc      0x1e8 ./Core/Src/common.o
                0x0000000008003afc                Str2Int
 .text.Serial_PutString
                0x0000000008003ce4       0x38 ./Core/Src/common.o
                0x0000000008003ce4                Serial_PutString
 .text.Serial_PutByte
                0x0000000008003d1c       0x38 ./Core/Src/common.o
                0x0000000008003d1c                Serial_PutByte
 .text.__NVIC_GetPriorityGrouping
                0x0000000008003d54       0x1c ./Core/Src/dma.o
 .text.__NVIC_EnableIRQ
                0x0000000008003d70       0x3c ./Core/Src/dma.o
 .text.__NVIC_SetPriority
                0x0000000008003dac       0x54 ./Core/Src/dma.o
 .text.NVIC_EncodePriority
                0x0000000008003e00       0x66 ./Core/Src/dma.o
 *fill*         0x0000000008003e66        0x2 
 .text.LL_AHB1_GRP1_EnableClock
                0x0000000008003e68       0x30 ./Core/Src/dma.o
 .text.MX_DMA_Init
                0x0000000008003e98       0x48 ./Core/Src/dma.o
                0x0000000008003e98                MX_DMA_Init
 .text.FLASH_If_Init
                0x0000000008003ee0       0x18 ./Core/Src/flash_if.o
                0x0000000008003ee0                FLASH_If_Init
 .text.FLASH_If_Erase
                0x0000000008003ef8       0x4c ./Core/Src/flash_if.o
                0x0000000008003ef8                FLASH_If_Erase
 .text.FLASH_If_Write
                0x0000000008003f44       0x80 ./Core/Src/flash_if.o
                0x0000000008003f44                FLASH_If_Write
 .text.GetSector
                0x0000000008003fc4       0xd4 ./Core/Src/flash_if.o
 .text.__NVIC_GetPriorityGrouping
                0x0000000008004098       0x1c ./Core/Src/gpio.o
 .text.__NVIC_EnableIRQ
                0x00000000080040b4       0x3c ./Core/Src/gpio.o
 .text.__NVIC_SetPriority
                0x00000000080040f0       0x54 ./Core/Src/gpio.o
 .text.NVIC_EncodePriority
                0x0000000008004144       0x66 ./Core/Src/gpio.o
 *fill*         0x00000000080041aa        0x2 
 .text.LL_AHB1_GRP1_EnableClock
                0x00000000080041ac       0x30 ./Core/Src/gpio.o
 .text.LL_SYSCFG_SetEXTISource
                0x00000000080041dc       0x5c ./Core/Src/gpio.o
 .text.LL_GPIO_SetPinMode
                0x0000000008004238       0x5e ./Core/Src/gpio.o
 .text.LL_GPIO_SetPinPull
                0x0000000008004296       0x5e ./Core/Src/gpio.o
 .text.LL_GPIO_ResetOutputPin
                0x00000000080042f4       0x1e ./Core/Src/gpio.o
 *fill*         0x0000000008004312        0x2 
 .text.MX_GPIO_Init
                0x0000000008004314       0xf4 ./Core/Src/gpio.o
                0x0000000008004314                MX_GPIO_Init
 .text.LL_DMA_EnableStream
                0x0000000008004408       0x40 ./Core/Src/main.o
 .text.LL_DMA_DisableStream
                0x0000000008004448       0x40 ./Core/Src/main.o
 .text.LL_DMA_ClearFlag_TC1
                0x0000000008004488       0x1c ./Core/Src/main.o
 .text.LL_RCC_HSE_Enable
                0x00000000080044a4       0x20 ./Core/Src/main.o
 .text.LL_RCC_HSE_IsReady
                0x00000000080044c4       0x28 ./Core/Src/main.o
 .text.LL_RCC_SetSysClkSource
                0x00000000080044ec       0x28 ./Core/Src/main.o
 .text.LL_RCC_GetSysClkSource
                0x0000000008004514       0x1c ./Core/Src/main.o
 .text.LL_RCC_SetAHBPrescaler
                0x0000000008004530       0x28 ./Core/Src/main.o
 .text.LL_RCC_SetAPB1Prescaler
                0x0000000008004558       0x28 ./Core/Src/main.o
 .text.LL_RCC_SetAPB2Prescaler
                0x0000000008004580       0x28 ./Core/Src/main.o
 .text.LL_RCC_PLL_Enable
                0x00000000080045a8       0x20 ./Core/Src/main.o
 .text.LL_RCC_PLL_IsReady
                0x00000000080045c8       0x28 ./Core/Src/main.o
 .text.LL_RCC_PLL_ConfigDomain_SYS
                0x00000000080045f0       0x4c ./Core/Src/main.o
 .text.LL_FLASH_SetLatency
                0x000000000800463c       0x28 ./Core/Src/main.o
 .text.LL_FLASH_GetLatency
                0x0000000008004664       0x1c ./Core/Src/main.o
 .text.LL_InitTick
                0x0000000008004680       0x34 ./Core/Src/main.o
 .text.LL_PWR_SetRegulVoltageScaling
                0x00000000080046b4       0x28 ./Core/Src/main.o
 .text.LL_TIM_EnableCounter
                0x00000000080046dc       0x20 ./Core/Src/main.o
 .text.LL_TIM_CC_EnableChannel
                0x00000000080046fc       0x22 ./Core/Src/main.o
 .text.LL_USART_EnableIT_IDLE
                0x000000000800471e       0x46 ./Core/Src/main.o
 .text.LL_USART_EnableIT_RXNE
                0x0000000008004764       0x46 ./Core/Src/main.o
 .text.LL_USART_ReceiveData8
                0x00000000080047aa       0x1a ./Core/Src/main.o
 .text.LL_GPIO_TogglePin
                0x00000000080047c4       0x32 ./Core/Src/main.o
 *fill*         0x00000000080047f6        0x2 
 .text.main     0x00000000080047f8      0x3b4 ./Core/Src/main.o
                0x00000000080047f8                main
 .text.SystemClock_Config
                0x0000000008004bac       0x94 ./Core/Src/main.o
                0x0000000008004bac                SystemClock_Config
 .text.usDelay  0x0000000008004c40       0x50 ./Core/Src/main.o
                0x0000000008004c40                usDelay
 .text.Error_Handler
                0x0000000008004c90        0xa ./Core/Src/main.o
                0x0000000008004c90                Error_Handler
 *fill*         0x0000000008004c9a        0x2 
 .text.SerialDownload
                0x0000000008004c9c       0xc8 ./Core/Src/menu.o
                0x0000000008004c9c                SerialDownload
 .text.RunApplication
                0x0000000008004d64       0x50 ./Core/Src/menu.o
                0x0000000008004d64                RunApplication
 .text.__NVIC_GetPriorityGrouping
                0x0000000008004db4       0x1c ./Core/Src/spi.o
 .text.__NVIC_EnableIRQ
                0x0000000008004dd0       0x3c ./Core/Src/spi.o
 .text.__NVIC_SetPriority
                0x0000000008004e0c       0x54 ./Core/Src/spi.o
 .text.NVIC_EncodePriority
                0x0000000008004e60       0x66 ./Core/Src/spi.o
 *fill*         0x0000000008004ec6        0x2 
 .text.LL_AHB1_GRP1_EnableClock
                0x0000000008004ec8       0x30 ./Core/Src/spi.o
 .text.LL_APB1_GRP1_EnableClock
                0x0000000008004ef8       0x30 ./Core/Src/spi.o
 .text.LL_APB2_GRP1_EnableClock
                0x0000000008004f28       0x30 ./Core/Src/spi.o
 .text.LL_SPI_SetStandard
                0x0000000008004f58       0x26 ./Core/Src/spi.o
 *fill*         0x0000000008004f7e        0x2 
 .text.MX_SPI1_Init
                0x0000000008004f80       0xc4 ./Core/Src/spi.o
                0x0000000008004f80                MX_SPI1_Init
 .text.MX_SPI3_Init
                0x0000000008005044       0xc8 ./Core/Src/spi.o
                0x0000000008005044                MX_SPI3_Init
 .text.HAL_MspInit
                0x000000000800510c       0x50 ./Core/Src/stm32f4xx_hal_msp.o
                0x000000000800510c                HAL_MspInit
 .text.LL_DMA_IsActiveFlag_TC1
                0x000000000800515c       0x28 ./Core/Src/stm32f4xx_it.o
 .text.LL_DMA_ClearFlag_TC1
                0x0000000008005184       0x1c ./Core/Src/stm32f4xx_it.o
 .text.LL_DMA_IsEnabledIT_TC
                0x00000000080051a0       0x38 ./Core/Src/stm32f4xx_it.o
 .text.LL_EXTI_IsActiveFlag_0_31
                0x00000000080051d8       0x2c ./Core/Src/stm32f4xx_it.o
 .text.LL_EXTI_ClearFlag_0_31
                0x0000000008005204       0x20 ./Core/Src/stm32f4xx_it.o
 .text.LL_USART_IsActiveFlag_IDLE
                0x0000000008005224       0x26 ./Core/Src/stm32f4xx_it.o
 .text.LL_USART_IsActiveFlag_RXNE
                0x000000000800524a       0x26 ./Core/Src/stm32f4xx_it.o
 .text.LL_USART_ClearFlag_IDLE
                0x0000000008005270       0x24 ./Core/Src/stm32f4xx_it.o
 .text.LL_USART_ClearFlag_RXNE
                0x0000000008005294       0x1c ./Core/Src/stm32f4xx_it.o
 .text.LL_USART_IsEnabledIT_IDLE
                0x00000000080052b0       0x26 ./Core/Src/stm32f4xx_it.o
 .text.LL_USART_IsEnabledIT_RXNE
                0x00000000080052d6       0x26 ./Core/Src/stm32f4xx_it.o
 .text.LL_USART_ReceiveData8
                0x00000000080052fc       0x1a ./Core/Src/stm32f4xx_it.o
 .text.NMI_Handler
                0x0000000008005316        0x6 ./Core/Src/stm32f4xx_it.o
                0x0000000008005316                NMI_Handler
 .text.HardFault_Handler
                0x000000000800531c        0x6 ./Core/Src/stm32f4xx_it.o
                0x000000000800531c                HardFault_Handler
 .text.MemManage_Handler
                0x0000000008005322        0x6 ./Core/Src/stm32f4xx_it.o
                0x0000000008005322                MemManage_Handler
 .text.BusFault_Handler
                0x0000000008005328        0x6 ./Core/Src/stm32f4xx_it.o
                0x0000000008005328                BusFault_Handler
 .text.UsageFault_Handler
                0x000000000800532e        0x6 ./Core/Src/stm32f4xx_it.o
                0x000000000800532e                UsageFault_Handler
 .text.SVC_Handler
                0x0000000008005334        0xe ./Core/Src/stm32f4xx_it.o
                0x0000000008005334                SVC_Handler
 .text.DebugMon_Handler
                0x0000000008005342        0xe ./Core/Src/stm32f4xx_it.o
                0x0000000008005342                DebugMon_Handler
 .text.PendSV_Handler
                0x0000000008005350        0xe ./Core/Src/stm32f4xx_it.o
                0x0000000008005350                PendSV_Handler
 *fill*         0x000000000800535e        0x2 
 .text.SysTick_Handler
                0x0000000008005360       0x24 ./Core/Src/stm32f4xx_it.o
                0x0000000008005360                SysTick_Handler
 .text.EXTI4_IRQHandler
                0x0000000008005384       0x1a ./Core/Src/stm32f4xx_it.o
                0x0000000008005384                EXTI4_IRQHandler
 *fill*         0x000000000800539e        0x2 
 .text.DMA1_Stream1_IRQHandler
                0x00000000080053a0       0x38 ./Core/Src/stm32f4xx_it.o
                0x00000000080053a0                DMA1_Stream1_IRQHandler
 .text.SPI1_IRQHandler
                0x00000000080053d8        0xe ./Core/Src/stm32f4xx_it.o
                0x00000000080053d8                SPI1_IRQHandler
 *fill*         0x00000000080053e6        0x2 
 .text.USART1_IRQHandler
                0x00000000080053e8       0x5c ./Core/Src/stm32f4xx_it.o
                0x00000000080053e8                USART1_IRQHandler
 .text.USART3_IRQHandler
                0x0000000008005444       0x34 ./Core/Src/stm32f4xx_it.o
                0x0000000008005444                USART3_IRQHandler
 .text.SPI3_IRQHandler
                0x0000000008005478        0xe ./Core/Src/stm32f4xx_it.o
                0x0000000008005478                SPI3_IRQHandler
 *fill*         0x0000000008005486        0x2 
 .text.DMA2_Stream0_IRQHandler
                0x0000000008005488       0x14 ./Core/Src/stm32f4xx_it.o
                0x0000000008005488                DMA2_Stream0_IRQHandler
 .text.USART6_IRQHandler
                0x000000000800549c       0x48 ./Core/Src/stm32f4xx_it.o
                0x000000000800549c                USART6_IRQHandler
 .text._getpid  0x00000000080054e4       0x10 ./Core/Src/syscalls.o
                0x00000000080054e4                _getpid
 .text._kill    0x00000000080054f4       0x20 ./Core/Src/syscalls.o
                0x00000000080054f4                _kill
 .text._exit    0x0000000008005514       0x14 ./Core/Src/syscalls.o
                0x0000000008005514                _exit
 .text._read    0x0000000008005528       0x3a ./Core/Src/syscalls.o
                0x0000000008005528                _read
 .text._close   0x0000000008005562       0x18 ./Core/Src/syscalls.o
                0x0000000008005562                _close
 .text._fstat   0x000000000800557a       0x20 ./Core/Src/syscalls.o
                0x000000000800557a                _fstat
 .text._isatty  0x000000000800559a       0x16 ./Core/Src/syscalls.o
                0x000000000800559a                _isatty
 .text._lseek   0x00000000080055b0       0x1a ./Core/Src/syscalls.o
                0x00000000080055b0                _lseek
 *fill*         0x00000000080055ca        0x2 
 .text._sbrk    0x00000000080055cc       0x6c ./Core/Src/sysmem.o
                0x00000000080055cc                _sbrk
 .text.SystemInit
                0x0000000008005638       0x24 ./Core/Src/system_stm32f4xx.o
                0x0000000008005638                SystemInit
 .text.LL_AHB1_GRP1_EnableClock
                0x000000000800565c       0x30 ./Core/Src/tim.o
 .text.LL_APB1_GRP1_EnableClock
                0x000000000800568c       0x30 ./Core/Src/tim.o
 .text.LL_TIM_EnableARRPreload
                0x00000000080056bc       0x20 ./Core/Src/tim.o
 .text.LL_TIM_OC_EnableFast
                0x00000000080056dc       0x88 ./Core/Src/tim.o
 .text.LL_TIM_OC_EnablePreload
                0x0000000008005764       0x88 ./Core/Src/tim.o
 .text.LL_TIM_SetClockSource
                0x00000000080057ec       0x2a ./Core/Src/tim.o
 .text.LL_TIM_SetTriggerOutput
                0x0000000008005816       0x26 ./Core/Src/tim.o
 .text.LL_TIM_DisableMasterSlaveMode
                0x000000000800583c       0x20 ./Core/Src/tim.o
 .text.MX_TIM3_Init
                0x000000000800585c      0x128 ./Core/Src/tim.o
                0x000000000800585c                MX_TIM3_Init
 .text.MX_TIM5_Init
                0x0000000008005984      0x108 ./Core/Src/tim.o
                0x0000000008005984                MX_TIM5_Init
 .text.__NVIC_GetPriorityGrouping
                0x0000000008005a8c       0x1c ./Core/Src/usart.o
 .text.__NVIC_EnableIRQ
                0x0000000008005aa8       0x3c ./Core/Src/usart.o
 .text.__NVIC_SetPriority
                0x0000000008005ae4       0x54 ./Core/Src/usart.o
 .text.NVIC_EncodePriority
                0x0000000008005b38       0x66 ./Core/Src/usart.o
 *fill*         0x0000000008005b9e        0x2 
 .text.LL_DMA_SetDataTransferDirection
                0x0000000008005ba0       0x48 ./Core/Src/usart.o
 .text.LL_DMA_SetMode
                0x0000000008005be8       0x48 ./Core/Src/usart.o
 .text.LL_DMA_SetPeriphIncMode
                0x0000000008005c30       0x48 ./Core/Src/usart.o
 .text.LL_DMA_SetMemoryIncMode
                0x0000000008005c78       0x48 ./Core/Src/usart.o
 .text.LL_DMA_SetPeriphSize
                0x0000000008005cc0       0x48 ./Core/Src/usart.o
 .text.LL_DMA_SetMemorySize
                0x0000000008005d08       0x48 ./Core/Src/usart.o
 .text.LL_DMA_SetStreamPriorityLevel
                0x0000000008005d50       0x48 ./Core/Src/usart.o
 .text.LL_DMA_SetChannelSelection
                0x0000000008005d98       0x48 ./Core/Src/usart.o
 .text.LL_DMA_DisableFifoMode
                0x0000000008005de0       0x40 ./Core/Src/usart.o
 .text.LL_AHB1_GRP1_EnableClock
                0x0000000008005e20       0x30 ./Core/Src/usart.o
 .text.LL_APB1_GRP1_EnableClock
                0x0000000008005e50       0x30 ./Core/Src/usart.o
 .text.LL_APB2_GRP1_EnableClock
                0x0000000008005e80       0x30 ./Core/Src/usart.o
 .text.LL_USART_Enable
                0x0000000008005eb0       0x20 ./Core/Src/usart.o
 .text.LL_USART_ConfigAsyncMode
                0x0000000008005ed0       0x2c ./Core/Src/usart.o
 .text.LL_USART_ConfigHalfDuplexMode
                0x0000000008005efc       0x38 ./Core/Src/usart.o
 .text.LL_USART_IsActiveFlag_TXE
                0x0000000008005f34       0x26 ./Core/Src/usart.o
 .text.LL_USART_TransmitData8
                0x0000000008005f5a       0x1e ./Core/Src/usart.o
 .text.MX_USART1_UART_Init
                0x0000000008005f78       0xc0 ./Core/Src/usart.o
                0x0000000008005f78                MX_USART1_UART_Init
 .text.MX_USART3_UART_Init
                0x0000000008006038      0x124 ./Core/Src/usart.o
                0x0000000008006038                MX_USART3_UART_Init
 .text.MX_USART6_UART_Init
                0x000000000800615c       0x54 ./Core/Src/usart.o
                0x000000000800615c                MX_USART6_UART_Init
 .text.HAL_UART_MspInit
                0x00000000080061b0       0xa0 ./Core/Src/usart.o
                0x00000000080061b0                HAL_UART_MspInit
 .text._write   0x0000000008006250       0x4c ./Core/Src/usart.o
                0x0000000008006250                _write
 .text.USART_Transmit
                0x000000000800629c       0x4e ./Core/Src/usart.o
                0x000000000800629c                USART_Transmit
 *fill*         0x00000000080062ea        0x2 
 .text.ReceivePacket
                0x00000000080062ec      0x1a0 ./Core/Src/ymodem.o
 .text.UpdateCRC16
                0x000000000800648c       0x68 ./Core/Src/ymodem.o
                0x000000000800648c                UpdateCRC16
 .text.Cal_CRC16
                0x00000000080064f4       0x62 ./Core/Src/ymodem.o
                0x00000000080064f4                Cal_CRC16
 *fill*         0x0000000008006556        0x2 
 .text.Ymodem_Receive
                0x0000000008006558      0x254 ./Core/Src/ymodem.o
                0x0000000008006558                Ymodem_Receive
 .text.Reset_Handler
                0x00000000080067ac       0x50 ./Core/Startup/startup_stm32f405rgtx.o
                0x00000000080067ac                Reset_Handler
 .text.Default_Handler
                0x00000000080067fc        0x2 ./Core/Startup/startup_stm32f405rgtx.o
                0x00000000080067fc                RTC_Alarm_IRQHandler
                0x00000000080067fc                HASH_RNG_IRQHandler
                0x00000000080067fc                EXTI2_IRQHandler
                0x00000000080067fc                TIM8_CC_IRQHandler
                0x00000000080067fc                TIM1_CC_IRQHandler
                0x00000000080067fc                DMA2_Stream5_IRQHandler
                0x00000000080067fc                DMA1_Stream5_IRQHandler
                0x00000000080067fc                PVD_IRQHandler
                0x00000000080067fc                SDIO_IRQHandler
                0x00000000080067fc                TAMP_STAMP_IRQHandler
                0x00000000080067fc                CAN2_RX1_IRQHandler
                0x00000000080067fc                EXTI3_IRQHandler
                0x00000000080067fc                TIM8_TRG_COM_TIM14_IRQHandler
                0x00000000080067fc                TIM1_UP_TIM10_IRQHandler
                0x00000000080067fc                TIM8_UP_TIM13_IRQHandler
                0x00000000080067fc                I2C3_ER_IRQHandler
                0x00000000080067fc                EXTI0_IRQHandler
                0x00000000080067fc                I2C2_EV_IRQHandler
                0x00000000080067fc                DMA1_Stream2_IRQHandler
                0x00000000080067fc                CAN1_RX0_IRQHandler
                0x00000000080067fc                FPU_IRQHandler
                0x00000000080067fc                OTG_HS_WKUP_IRQHandler
                0x00000000080067fc                CAN2_SCE_IRQHandler
                0x00000000080067fc                DMA2_Stream2_IRQHandler
                0x00000000080067fc                TIM6_DAC_IRQHandler
                0x00000000080067fc                TIM1_BRK_TIM9_IRQHandler
                0x00000000080067fc                CAN2_RX0_IRQHandler
                0x00000000080067fc                DMA2_Stream3_IRQHandler
                0x00000000080067fc                CAN1_RX1_IRQHandler
                0x00000000080067fc                UART5_IRQHandler
                0x00000000080067fc                TIM4_IRQHandler
                0x00000000080067fc                I2C1_EV_IRQHandler
                0x00000000080067fc                DMA1_Stream6_IRQHandler
                0x00000000080067fc                UART4_IRQHandler
                0x00000000080067fc                TIM3_IRQHandler
                0x00000000080067fc                RCC_IRQHandler
                0x00000000080067fc                TIM8_BRK_TIM12_IRQHandler
                0x00000000080067fc                Default_Handler
                0x00000000080067fc                EXTI15_10_IRQHandler
                0x00000000080067fc                ADC_IRQHandler
                0x00000000080067fc                DMA1_Stream7_IRQHandler
                0x00000000080067fc                TIM7_IRQHandler
                0x00000000080067fc                CAN2_TX_IRQHandler
                0x00000000080067fc                TIM5_IRQHandler
                0x00000000080067fc                DMA2_Stream7_IRQHandler
                0x00000000080067fc                I2C3_EV_IRQHandler
                0x00000000080067fc                EXTI9_5_IRQHandler
                0x00000000080067fc                RTC_WKUP_IRQHandler
                0x00000000080067fc                SPI2_IRQHandler
                0x00000000080067fc                OTG_HS_EP1_IN_IRQHandler
                0x00000000080067fc                DMA1_Stream0_IRQHandler
                0x00000000080067fc                CAN1_TX_IRQHandler
                0x00000000080067fc                FSMC_IRQHandler
                0x00000000080067fc                OTG_HS_EP1_OUT_IRQHandler
                0x00000000080067fc                WWDG_IRQHandler
                0x00000000080067fc                TIM2_IRQHandler
                0x00000000080067fc                OTG_FS_WKUP_IRQHandler
                0x00000000080067fc                TIM1_TRG_COM_TIM11_IRQHandler
                0x00000000080067fc                OTG_HS_IRQHandler
                0x00000000080067fc                EXTI1_IRQHandler
                0x00000000080067fc                USART2_IRQHandler
                0x00000000080067fc                I2C2_ER_IRQHandler
                0x00000000080067fc                DMA2_Stream1_IRQHandler
                0x00000000080067fc                CAN1_SCE_IRQHandler
                0x00000000080067fc                FLASH_IRQHandler
                0x00000000080067fc                DMA2_Stream4_IRQHandler
                0x00000000080067fc                OTG_FS_IRQHandler
                0x00000000080067fc                DMA1_Stream4_IRQHandler
                0x00000000080067fc                I2C1_ER_IRQHandler
                0x00000000080067fc                DMA2_Stream6_IRQHandler
                0x00000000080067fc                DMA1_Stream3_IRQHandler
 *fill*         0x00000000080067fe        0x2 
 .text.HAL_Init
                0x0000000008006800       0x44 ./Drivers/STM32F4xx_HAL_Driver/Src/stm32f4xx_hal.o
                0x0000000008006800                HAL_Init
 .text.HAL_DeInit
                0x0000000008006844       0x58 ./Drivers/STM32F4xx_HAL_Driver/Src/stm32f4xx_hal.o
                0x0000000008006844                HAL_DeInit
 .text.HAL_MspDeInit
                0x000000000800689c        0xe ./Drivers/STM32F4xx_HAL_Driver/Src/stm32f4xx_hal.o
                0x000000000800689c                HAL_MspDeInit
 *fill*         0x00000000080068aa        0x2 
 .text.HAL_InitTick
                0x00000000080068ac       0x60 ./Drivers/STM32F4xx_HAL_Driver/Src/stm32f4xx_hal.o
                0x00000000080068ac                HAL_InitTick
 .text.HAL_IncTick
                0x000000000800690c       0x28 ./Drivers/STM32F4xx_HAL_Driver/Src/stm32f4xx_hal.o
                0x000000000800690c                HAL_IncTick
 .text.HAL_GetTick
                0x0000000008006934       0x18 ./Drivers/STM32F4xx_HAL_Driver/Src/stm32f4xx_hal.o
                0x0000000008006934                HAL_GetTick
 .text.HAL_ADC_Init
                0x000000000800694c       0x86 ./Drivers/STM32F4xx_HAL_Driver/Src/stm32f4xx_hal_adc.o
                0x000000000800694c                HAL_ADC_Init
 *fill*         0x00000000080069d2        0x2 
 .text.HAL_ADC_Start_DMA
                0x00000000080069d4      0x220 ./Drivers/STM32F4xx_HAL_Driver/Src/stm32f4xx_hal_adc.o
                0x00000000080069d4                HAL_ADC_Start_DMA
 .text.HAL_ADC_ConvCpltCallback
                0x0000000008006bf4       0x14 ./Drivers/STM32F4xx_HAL_Driver/Src/stm32f4xx_hal_adc.o
                0x0000000008006bf4                HAL_ADC_ConvCpltCallback
 .text.HAL_ADC_ConvHalfCpltCallback
                0x0000000008006c08       0x14 ./Drivers/STM32F4xx_HAL_Driver/Src/stm32f4xx_hal_adc.o
                0x0000000008006c08                HAL_ADC_ConvHalfCpltCallback
 .text.HAL_ADC_ErrorCallback
                0x0000000008006c1c       0x14 ./Drivers/STM32F4xx_HAL_Driver/Src/stm32f4xx_hal_adc.o
                0x0000000008006c1c                HAL_ADC_ErrorCallback
 .text.HAL_ADC_ConfigChannel
                0x0000000008006c30      0x244 ./Drivers/STM32F4xx_HAL_Driver/Src/stm32f4xx_hal_adc.o
                0x0000000008006c30                HAL_ADC_ConfigChannel
 .text.ADC_Init
                0x0000000008006e74      0x1f8 ./Drivers/STM32F4xx_HAL_Driver/Src/stm32f4xx_hal_adc.o
 .text.ADC_DMAConvCplt
                0x000000000800706c       0xba ./Drivers/STM32F4xx_HAL_Driver/Src/stm32f4xx_hal_adc.o
 .text.ADC_DMAHalfConvCplt
                0x0000000008007126       0x1c ./Drivers/STM32F4xx_HAL_Driver/Src/stm32f4xx_hal_adc.o
 .text.ADC_DMAError
                0x0000000008007142       0x2e ./Drivers/STM32F4xx_HAL_Driver/Src/stm32f4xx_hal_adc.o
 .text.__NVIC_SetPriorityGrouping
                0x0000000008007170       0x48 ./Drivers/STM32F4xx_HAL_Driver/Src/stm32f4xx_hal_cortex.o
 .text.__NVIC_GetPriorityGrouping
                0x00000000080071b8       0x1c ./Drivers/STM32F4xx_HAL_Driver/Src/stm32f4xx_hal_cortex.o
 .text.__NVIC_EnableIRQ
                0x00000000080071d4       0x3c ./Drivers/STM32F4xx_HAL_Driver/Src/stm32f4xx_hal_cortex.o
 .text.__NVIC_SetPriority
                0x0000000008007210       0x54 ./Drivers/STM32F4xx_HAL_Driver/Src/stm32f4xx_hal_cortex.o
 .text.NVIC_EncodePriority
                0x0000000008007264       0x66 ./Drivers/STM32F4xx_HAL_Driver/Src/stm32f4xx_hal_cortex.o
 *fill*         0x00000000080072ca        0x2 
 .text.SysTick_Config
                0x00000000080072cc       0x44 ./Drivers/STM32F4xx_HAL_Driver/Src/stm32f4xx_hal_cortex.o
 .text.HAL_NVIC_SetPriorityGrouping
                0x0000000008007310       0x16 ./Drivers/STM32F4xx_HAL_Driver/Src/stm32f4xx_hal_cortex.o
                0x0000000008007310                HAL_NVIC_SetPriorityGrouping
 .text.HAL_NVIC_SetPriority
                0x0000000008007326       0x38 ./Drivers/STM32F4xx_HAL_Driver/Src/stm32f4xx_hal_cortex.o
                0x0000000008007326                HAL_NVIC_SetPriority
 .text.HAL_NVIC_EnableIRQ
                0x000000000800735e       0x1c ./Drivers/STM32F4xx_HAL_Driver/Src/stm32f4xx_hal_cortex.o
                0x000000000800735e                HAL_NVIC_EnableIRQ
 .text.HAL_SYSTICK_Config
                0x000000000800737a       0x18 ./Drivers/STM32F4xx_HAL_Driver/Src/stm32f4xx_hal_cortex.o
                0x000000000800737a                HAL_SYSTICK_Config
 *fill*         0x0000000008007392        0x2 
 .text.HAL_DMA_Init
                0x0000000008007394      0x15c ./Drivers/STM32F4xx_HAL_Driver/Src/stm32f4xx_hal_dma.o
                0x0000000008007394                HAL_DMA_Init
 .text.HAL_DMA_Start_IT
                0x00000000080074f0       0xb0 ./Drivers/STM32F4xx_HAL_Driver/Src/stm32f4xx_hal_dma.o
                0x00000000080074f0                HAL_DMA_Start_IT
 .text.HAL_DMA_IRQHandler
                0x00000000080075a0      0x314 ./Drivers/STM32F4xx_HAL_Driver/Src/stm32f4xx_hal_dma.o
                0x00000000080075a0                HAL_DMA_IRQHandler
 .text.DMA_SetConfig
                0x00000000080078b4       0x5c ./Drivers/STM32F4xx_HAL_Driver/Src/stm32f4xx_hal_dma.o
 .text.DMA_CalcBaseAndBitshift
                0x0000000008007910       0x6c ./Drivers/STM32F4xx_HAL_Driver/Src/stm32f4xx_hal_dma.o
 .text.DMA_CheckFifoParam
                0x000000000800797c       0xf8 ./Drivers/STM32F4xx_HAL_Driver/Src/stm32f4xx_hal_dma.o
 .text.HAL_FLASH_Program
                0x0000000008007a74       0xa8 ./Drivers/STM32F4xx_HAL_Driver/Src/stm32f4xx_hal_flash.o
                0x0000000008007a74                HAL_FLASH_Program
 .text.HAL_FLASH_Unlock
                0x0000000008007b1c       0x44 ./Drivers/STM32F4xx_HAL_Driver/Src/stm32f4xx_hal_flash.o
                0x0000000008007b1c                HAL_FLASH_Unlock
 .text.FLASH_WaitForLastOperation
                0x0000000008007b60       0x80 ./Drivers/STM32F4xx_HAL_Driver/Src/stm32f4xx_hal_flash.o
                0x0000000008007b60                FLASH_WaitForLastOperation
 .text.FLASH_Program_DoubleWord
                0x0000000008007be0       0x64 ./Drivers/STM32F4xx_HAL_Driver/Src/stm32f4xx_hal_flash.o
 .text.FLASH_Program_Word
                0x0000000008007c44       0x44 ./Drivers/STM32F4xx_HAL_Driver/Src/stm32f4xx_hal_flash.o
 .text.FLASH_Program_HalfWord
                0x0000000008007c88       0x48 ./Drivers/STM32F4xx_HAL_Driver/Src/stm32f4xx_hal_flash.o
 .text.FLASH_Program_Byte
                0x0000000008007cd0       0x44 ./Drivers/STM32F4xx_HAL_Driver/Src/stm32f4xx_hal_flash.o
 .text.FLASH_SetErrorCode
                0x0000000008007d14       0xac ./Drivers/STM32F4xx_HAL_Driver/Src/stm32f4xx_hal_flash.o
 .text.HAL_FLASHEx_Erase
                0x0000000008007dc0       0xe0 ./Drivers/STM32F4xx_HAL_Driver/Src/stm32f4xx_hal_flash_ex.o
                0x0000000008007dc0                HAL_FLASHEx_Erase
 .text.FLASH_MassErase
                0x0000000008007ea0       0x48 ./Drivers/STM32F4xx_HAL_Driver/Src/stm32f4xx_hal_flash_ex.o
 .text.FLASH_Erase_Sector
                0x0000000008007ee8       0x90 ./Drivers/STM32F4xx_HAL_Driver/Src/stm32f4xx_hal_flash_ex.o
                0x0000000008007ee8                FLASH_Erase_Sector
 .text.FLASH_FlushCaches
                0x0000000008007f78       0x8c ./Drivers/STM32F4xx_HAL_Driver/Src/stm32f4xx_hal_flash_ex.o
                0x0000000008007f78                FLASH_FlushCaches
 .text.HAL_GPIO_Init
                0x0000000008008004      0x338 ./Drivers/STM32F4xx_HAL_Driver/Src/stm32f4xx_hal_gpio.o
                0x0000000008008004                HAL_GPIO_Init
 .text.HAL_RCC_GetHCLKFreq
                0x000000000800833c       0x18 ./Drivers/STM32F4xx_HAL_Driver/Src/stm32f4xx_hal_rcc.o
                0x000000000800833c                HAL_RCC_GetHCLKFreq
 .text.HAL_RCC_GetPCLK1Freq
                0x0000000008008354       0x28 ./Drivers/STM32F4xx_HAL_Driver/Src/stm32f4xx_hal_rcc.o
                0x0000000008008354                HAL_RCC_GetPCLK1Freq
 .text.HAL_RCC_GetPCLK2Freq
                0x000000000800837c       0x28 ./Drivers/STM32F4xx_HAL_Driver/Src/stm32f4xx_hal_rcc.o
                0x000000000800837c                HAL_RCC_GetPCLK2Freq
 .text.HAL_UART_Init
                0x00000000080083a4       0x9a ./Drivers/STM32F4xx_HAL_Driver/Src/stm32f4xx_hal_uart.o
                0x00000000080083a4                HAL_UART_Init
 .text.HAL_UART_Transmit
                0x000000000800843e      0x124 ./Drivers/STM32F4xx_HAL_Driver/Src/stm32f4xx_hal_uart.o
                0x000000000800843e                HAL_UART_Transmit
 .text.HAL_UART_Receive
                0x0000000008008562      0x144 ./Drivers/STM32F4xx_HAL_Driver/Src/stm32f4xx_hal_uart.o
                0x0000000008008562                HAL_UART_Receive
 .text.HAL_UART_Receive_IT
                0x00000000080086a6       0x60 ./Drivers/STM32F4xx_HAL_Driver/Src/stm32f4xx_hal_uart.o
                0x00000000080086a6                HAL_UART_Receive_IT
 .text.UART_WaitOnFlagUntilTimeout
                0x0000000008008706       0xdc ./Drivers/STM32F4xx_HAL_Driver/Src/stm32f4xx_hal_uart.o
 .text.UART_Start_Receive_IT
                0x00000000080087e2       0x7c ./Drivers/STM32F4xx_HAL_Driver/Src/stm32f4xx_hal_uart.o
                0x00000000080087e2                UART_Start_Receive_IT
 *fill*         0x000000000800885e        0x2 
 .text.UART_SetConfig
                0x0000000008008860      0x4e8 ./Drivers/STM32F4xx_HAL_Driver/Src/stm32f4xx_hal_uart.o
 .text.LL_EXTI_EnableIT_0_31
                0x0000000008008d48       0x24 ./Drivers/STM32F4xx_HAL_Driver/Src/stm32f4xx_ll_exti.o
 .text.LL_EXTI_DisableIT_0_31
                0x0000000008008d6c       0x28 ./Drivers/STM32F4xx_HAL_Driver/Src/stm32f4xx_ll_exti.o
 .text.LL_EXTI_EnableEvent_0_31
                0x0000000008008d94       0x24 ./Drivers/STM32F4xx_HAL_Driver/Src/stm32f4xx_ll_exti.o
 .text.LL_EXTI_DisableEvent_0_31
                0x0000000008008db8       0x28 ./Drivers/STM32F4xx_HAL_Driver/Src/stm32f4xx_ll_exti.o
 .text.LL_EXTI_EnableRisingTrig_0_31
                0x0000000008008de0       0x24 ./Drivers/STM32F4xx_HAL_Driver/Src/stm32f4xx_ll_exti.o
 .text.LL_EXTI_DisableRisingTrig_0_31
                0x0000000008008e04       0x28 ./Drivers/STM32F4xx_HAL_Driver/Src/stm32f4xx_ll_exti.o
 .text.LL_EXTI_EnableFallingTrig_0_31
                0x0000000008008e2c       0x24 ./Drivers/STM32F4xx_HAL_Driver/Src/stm32f4xx_ll_exti.o
 .text.LL_EXTI_DisableFallingTrig_0_31
                0x0000000008008e50       0x28 ./Drivers/STM32F4xx_HAL_Driver/Src/stm32f4xx_ll_exti.o
 .text.LL_EXTI_Init
                0x0000000008008e78      0x102 ./Drivers/STM32F4xx_HAL_Driver/Src/stm32f4xx_ll_exti.o
                0x0000000008008e78                LL_EXTI_Init
 .text.LL_GPIO_SetPinMode
                0x0000000008008f7a       0x5e ./Drivers/STM32F4xx_HAL_Driver/Src/stm32f4xx_ll_gpio.o
 .text.LL_GPIO_SetPinOutputType
                0x0000000008008fd8       0x30 ./Drivers/STM32F4xx_HAL_Driver/Src/stm32f4xx_ll_gpio.o
 .text.LL_GPIO_SetPinSpeed
                0x0000000008009008       0x5e ./Drivers/STM32F4xx_HAL_Driver/Src/stm32f4xx_ll_gpio.o
 .text.LL_GPIO_SetPinPull
                0x0000000008009066       0x5e ./Drivers/STM32F4xx_HAL_Driver/Src/stm32f4xx_ll_gpio.o
 .text.LL_GPIO_SetAFPin_0_7
                0x00000000080090c4       0x5e ./Drivers/STM32F4xx_HAL_Driver/Src/stm32f4xx_ll_gpio.o
 .text.LL_GPIO_SetAFPin_8_15
                0x0000000008009122       0x62 ./Drivers/STM32F4xx_HAL_Driver/Src/stm32f4xx_ll_gpio.o
 .text.LL_GPIO_Init
                0x0000000008009184       0xe6 ./Drivers/STM32F4xx_HAL_Driver/Src/stm32f4xx_ll_gpio.o
                0x0000000008009184                LL_GPIO_Init
 *fill*         0x000000000800926a        0x2 
 .text.LL_RCC_GetSysClkSource
                0x000000000800926c       0x1c ./Drivers/STM32F4xx_HAL_Driver/Src/stm32f4xx_ll_rcc.o
 .text.LL_RCC_GetAHBPrescaler
                0x0000000008009288       0x1c ./Drivers/STM32F4xx_HAL_Driver/Src/stm32f4xx_ll_rcc.o
 .text.LL_RCC_GetAPB1Prescaler
                0x00000000080092a4       0x1c ./Drivers/STM32F4xx_HAL_Driver/Src/stm32f4xx_ll_rcc.o
 .text.LL_RCC_GetAPB2Prescaler
                0x00000000080092c0       0x1c ./Drivers/STM32F4xx_HAL_Driver/Src/stm32f4xx_ll_rcc.o
 .text.LL_RCC_PLL_GetMainSource
                0x00000000080092dc       0x1c ./Drivers/STM32F4xx_HAL_Driver/Src/stm32f4xx_ll_rcc.o
 .text.LL_RCC_PLL_GetN
                0x00000000080092f8       0x1c ./Drivers/STM32F4xx_HAL_Driver/Src/stm32f4xx_ll_rcc.o
 .text.LL_RCC_PLL_GetP
                0x0000000008009314       0x1c ./Drivers/STM32F4xx_HAL_Driver/Src/stm32f4xx_ll_rcc.o
 .text.LL_RCC_PLL_GetDivider
                0x0000000008009330       0x1c ./Drivers/STM32F4xx_HAL_Driver/Src/stm32f4xx_ll_rcc.o
 .text.LL_RCC_GetSystemClocksFreq
                0x000000000800934c       0x4a ./Drivers/STM32F4xx_HAL_Driver/Src/stm32f4xx_ll_rcc.o
                0x000000000800934c                LL_RCC_GetSystemClocksFreq
 *fill*         0x0000000008009396        0x2 
 .text.RCC_GetSystemClockFreq
                0x0000000008009398       0x50 ./Drivers/STM32F4xx_HAL_Driver/Src/stm32f4xx_ll_rcc.o
                0x0000000008009398                RCC_GetSystemClockFreq
 .text.RCC_GetHCLKClockFreq
                0x00000000080093e8       0x2c ./Drivers/STM32F4xx_HAL_Driver/Src/stm32f4xx_ll_rcc.o
                0x00000000080093e8                RCC_GetHCLKClockFreq
 .text.RCC_GetPCLK1ClockFreq
                0x0000000008009414       0x28 ./Drivers/STM32F4xx_HAL_Driver/Src/stm32f4xx_ll_rcc.o
                0x0000000008009414                RCC_GetPCLK1ClockFreq
 .text.RCC_GetPCLK2ClockFreq
                0x000000000800943c       0x28 ./Drivers/STM32F4xx_HAL_Driver/Src/stm32f4xx_ll_rcc.o
                0x000000000800943c                RCC_GetPCLK2ClockFreq
 .text.RCC_PLL_GetFreqDomain_SYS
                0x0000000008009464       0x7c ./Drivers/STM32F4xx_HAL_Driver/Src/stm32f4xx_ll_rcc.o
                0x0000000008009464                RCC_PLL_GetFreqDomain_SYS
 .text.LL_SPI_IsEnabled
                0x00000000080094e0       0x26 ./Drivers/STM32F4xx_HAL_Driver/Src/stm32f4xx_ll_spi.o
 .text.LL_SPI_SetCRCPolynomial
                0x0000000008009506       0x20 ./Drivers/STM32F4xx_HAL_Driver/Src/stm32f4xx_ll_spi.o
 .text.LL_SPI_Init
                0x0000000008009526       0xa4 ./Drivers/STM32F4xx_HAL_Driver/Src/stm32f4xx_ll_spi.o
                0x0000000008009526                LL_SPI_Init
 .text.LL_TIM_SetPrescaler
                0x00000000080095ca       0x1c ./Drivers/STM32F4xx_HAL_Driver/Src/stm32f4xx_ll_tim.o
 .text.LL_TIM_SetAutoReload
                0x00000000080095e6       0x1c ./Drivers/STM32F4xx_HAL_Driver/Src/stm32f4xx_ll_tim.o
 .text.LL_TIM_SetRepetitionCounter
                0x0000000008009602       0x1c ./Drivers/STM32F4xx_HAL_Driver/Src/stm32f4xx_ll_tim.o
 .text.LL_TIM_OC_SetCompareCH1
                0x000000000800961e       0x1c ./Drivers/STM32F4xx_HAL_Driver/Src/stm32f4xx_ll_tim.o
 .text.LL_TIM_OC_SetCompareCH2
                0x000000000800963a       0x1c ./Drivers/STM32F4xx_HAL_Driver/Src/stm32f4xx_ll_tim.o
 .text.LL_TIM_OC_SetCompareCH3
                0x0000000008009656       0x1c ./Drivers/STM32F4xx_HAL_Driver/Src/stm32f4xx_ll_tim.o
 .text.LL_TIM_OC_SetCompareCH4
                0x0000000008009672       0x1c ./Drivers/STM32F4xx_HAL_Driver/Src/stm32f4xx_ll_tim.o
 .text.LL_TIM_GenerateEvent_UPDATE
                0x000000000800968e       0x20 ./Drivers/STM32F4xx_HAL_Driver/Src/stm32f4xx_ll_tim.o
 *fill*         0x00000000080096ae        0x2 
 .text.LL_TIM_Init
                0x00000000080096b0      0x134 ./Drivers/STM32F4xx_HAL_Driver/Src/stm32f4xx_ll_tim.o
                0x00000000080096b0                LL_TIM_Init
 .text.LL_TIM_OC_Init
                0x00000000080097e4       0x82 ./Drivers/STM32F4xx_HAL_Driver/Src/stm32f4xx_ll_tim.o
                0x00000000080097e4                LL_TIM_OC_Init
 *fill*         0x0000000008009866        0x2 
 .text.OC1Config
                0x0000000008009868       0xd8 ./Drivers/STM32F4xx_HAL_Driver/Src/stm32f4xx_ll_tim.o
 .text.OC2Config
                0x0000000008009940       0xe0 ./Drivers/STM32F4xx_HAL_Driver/Src/stm32f4xx_ll_tim.o
 .text.OC3Config
                0x0000000008009a20       0xe0 ./Drivers/STM32F4xx_HAL_Driver/Src/stm32f4xx_ll_tim.o
 .text.OC4Config
                0x0000000008009b00       0xb0 ./Drivers/STM32F4xx_HAL_Driver/Src/stm32f4xx_ll_tim.o
 .text.LL_USART_IsEnabled
                0x0000000008009bb0       0x28 ./Drivers/STM32F4xx_HAL_Driver/Src/stm32f4xx_ll_usart.o
 .text.LL_USART_SetStopBitsLength
                0x0000000008009bd8       0x26 ./Drivers/STM32F4xx_HAL_Driver/Src/stm32f4xx_ll_usart.o
 .text.LL_USART_SetHWFlowCtrl
                0x0000000008009bfe       0x26 ./Drivers/STM32F4xx_HAL_Driver/Src/stm32f4xx_ll_usart.o
 .text.LL_USART_SetBaudRate
                0x0000000008009c24      0x458 ./Drivers/STM32F4xx_HAL_Driver/Src/stm32f4xx_ll_usart.o
 .text.LL_USART_Init
                0x000000000800a07c      0x100 ./Drivers/STM32F4xx_HAL_Driver/Src/stm32f4xx_ll_usart.o
                0x000000000800a07c                LL_USART_Init
 .text.LL_SetSystemCoreClock
                0x000000000800a17c       0x20 ./Drivers/STM32F4xx_HAL_Driver/Src/stm32f4xx_ll_utils.o
                0x000000000800a17c                LL_SetSystemCoreClock
 .text.atoi     0x000000000800a19c        0x8 /opt/st/stm32cubeide_1.11.2/plugins/com.st.stm32cube.ide.mcu.externaltools.gnu-tools-for-stm32.10.3-2021.10.linux64_1.0.100.202210260954/tools/bin/../lib/gcc/arm-none-eabi/10.3.1/../../../../arm-none-eabi/lib/thumb/v7e-m+fp/hard/libc_nano.a(lib_a-atoi.o)
                0x000000000800a19c                atoi
 .text.__errno  0x000000000800a1a4        0xc /opt/st/stm32cubeide_1.11.2/plugins/com.st.stm32cube.ide.mcu.externaltools.gnu-tools-for-stm32.10.3-2021.10.linux64_1.0.100.202210260954/tools/bin/../lib/gcc/arm-none-eabi/10.3.1/../../../../arm-none-eabi/lib/thumb/v7e-m+fp/hard/libc_nano.a(lib_a-errno.o)
                0x000000000800a1a4                __errno
 .text.__libc_init_array
                0x000000000800a1b0       0x48 /opt/st/stm32cubeide_1.11.2/plugins/com.st.stm32cube.ide.mcu.externaltools.gnu-tools-for-stm32.10.3-2021.10.linux64_1.0.100.202210260954/tools/bin/../lib/gcc/arm-none-eabi/10.3.1/../../../../arm-none-eabi/lib/thumb/v7e-m+fp/hard/libc_nano.a(lib_a-init.o)
                0x000000000800a1b0                __libc_init_array
 .text.malloc   0x000000000800a1f8       0x10 /opt/st/stm32cubeide_1.11.2/plugins/com.st.stm32cube.ide.mcu.externaltools.gnu-tools-for-stm32.10.3-2021.10.linux64_1.0.100.202210260954/tools/bin/../lib/gcc/arm-none-eabi/10.3.1/../../../../arm-none-eabi/lib/thumb/v7e-m+fp/hard/libc_nano.a(lib_a-malloc.o)
                0x000000000800a1f8                malloc
 .text.free     0x000000000800a208       0x10 /opt/st/stm32cubeide_1.11.2/plugins/com.st.stm32cube.ide.mcu.externaltools.gnu-tools-for-stm32.10.3-2021.10.linux64_1.0.100.202210260954/tools/bin/../lib/gcc/arm-none-eabi/10.3.1/../../../../arm-none-eabi/lib/thumb/v7e-m+fp/hard/libc_nano.a(lib_a-malloc.o)
                0x000000000800a208                free
 .text.memcpy   0x000000000800a218       0x1c /opt/st/stm32cubeide_1.11.2/plugins/com.st.stm32cube.ide.mcu.externaltools.gnu-tools-for-stm32.10.3-2021.10.linux64_1.0.100.202210260954/tools/bin/../lib/gcc/arm-none-eabi/10.3.1/../../../../arm-none-eabi/lib/thumb/v7e-m+fp/hard/libc_nano.a(lib_a-memcpy-stub.o)
                0x000000000800a218                memcpy
 .text.memset   0x000000000800a234       0x10 /opt/st/stm32cubeide_1.11.2/plugins/com.st.stm32cube.ide.mcu.externaltools.gnu-tools-for-stm32.10.3-2021.10.linux64_1.0.100.202210260954/tools/bin/../lib/gcc/arm-none-eabi/10.3.1/../../../../arm-none-eabi/lib/thumb/v7e-m+fp/hard/libc_nano.a(lib_a-memset.o)
                0x000000000800a234                memset
 .text._free_r  0x000000000800a244       0x98 /opt/st/stm32cubeide_1.11.2/plugins/com.st.stm32cube.ide.mcu.externaltools.gnu-tools-for-stm32.10.3-2021.10.linux64_1.0.100.202210260954/tools/bin/../lib/gcc/arm-none-eabi/10.3.1/../../../../arm-none-eabi/lib/thumb/v7e-m+fp/hard/libc_nano.a(lib_a-nano-freer.o)
                0x000000000800a244                _free_r
 .text.sbrk_aligned
                0x000000000800a2dc       0x40 /opt/st/stm32cubeide_1.11.2/plugins/com.st.stm32cube.ide.mcu.externaltools.gnu-tools-for-stm32.10.3-2021.10.linux64_1.0.100.202210260954/tools/bin/../lib/gcc/arm-none-eabi/10.3.1/../../../../arm-none-eabi/lib/thumb/v7e-m+fp/hard/libc_nano.a(lib_a-nano-mallocr.o)
 .text._malloc_r
                0x000000000800a31c       0xe8 /opt/st/stm32cubeide_1.11.2/plugins/com.st.stm32cube.ide.mcu.externaltools.gnu-tools-for-stm32.10.3-2021.10.linux64_1.0.100.202210260954/tools/bin/../lib/gcc/arm-none-eabi/10.3.1/../../../../arm-none-eabi/lib/thumb/v7e-m+fp/hard/libc_nano.a(lib_a-nano-mallocr.o)
                0x000000000800a31c                _malloc_r
 .text.__cvt    0x000000000800a404       0xc4 /opt/st/stm32cubeide_1.11.2/plugins/com.st.stm32cube.ide.mcu.externaltools.gnu-tools-for-stm32.10.3-2021.10.linux64_1.0.100.202210260954/tools/bin/../lib/gcc/arm-none-eabi/10.3.1/../../../../arm-none-eabi/lib/thumb/v7e-m+fp/hard/libc_nano.a(lib_a-nano-vfprintf_float.o)
                0x000000000800a404                __cvt
 .text.__exponent
                0x000000000800a4c8       0x7c /opt/st/stm32cubeide_1.11.2/plugins/com.st.stm32cube.ide.mcu.externaltools.gnu-tools-for-stm32.10.3-2021.10.linux64_1.0.100.202210260954/tools/bin/../lib/gcc/arm-none-eabi/10.3.1/../../../../arm-none-eabi/lib/thumb/v7e-m+fp/hard/libc_nano.a(lib_a-nano-vfprintf_float.o)
                0x000000000800a4c8                __exponent
 .text._printf_float
                0x000000000800a544      0x46c /opt/st/stm32cubeide_1.11.2/plugins/com.st.stm32cube.ide.mcu.externaltools.gnu-tools-for-stm32.10.3-2021.10.linux64_1.0.100.202210260954/tools/bin/../lib/gcc/arm-none-eabi/10.3.1/../../../../arm-none-eabi/lib/thumb/v7e-m+fp/hard/libc_nano.a(lib_a-nano-vfprintf_float.o)
                0x000000000800a544                _printf_float
 .text._printf_common
                0x000000000800a9b0       0xda /opt/st/stm32cubeide_1.11.2/plugins/com.st.stm32cube.ide.mcu.externaltools.gnu-tools-for-stm32.10.3-2021.10.linux64_1.0.100.202210260954/tools/bin/../lib/gcc/arm-none-eabi/10.3.1/../../../../arm-none-eabi/lib/thumb/v7e-m+fp/hard/libc_nano.a(lib_a-nano-vfprintf_i.o)
                0x000000000800a9b0                _printf_common
 *fill*         0x000000000800aa8a        0x2 
 .text._printf_i
                0x000000000800aa8c      0x24c /opt/st/stm32cubeide_1.11.2/plugins/com.st.stm32cube.ide.mcu.externaltools.gnu-tools-for-stm32.10.3-2021.10.linux64_1.0.100.202210260954/tools/bin/../lib/gcc/arm-none-eabi/10.3.1/../../../../arm-none-eabi/lib/thumb/v7e-m+fp/hard/libc_nano.a(lib_a-nano-vfprintf_i.o)
                0x000000000800aa8c                _printf_i
 .text.printf   0x000000000800acd8       0x30 /opt/st/stm32cubeide_1.11.2/plugins/com.st.stm32cube.ide.mcu.externaltools.gnu-tools-for-stm32.10.3-2021.10.linux64_1.0.100.202210260954/tools/bin/../lib/gcc/arm-none-eabi/10.3.1/../../../../arm-none-eabi/lib/thumb/v7e-m+fp/hard/libc_nano.a(lib_a-printf.o)
                0x000000000800acd8                printf
                0x000000000800acd8                iprintf
 .text.putchar  0x000000000800ad08       0x2c /opt/st/stm32cubeide_1.11.2/plugins/com.st.stm32cube.ide.mcu.externaltools.gnu-tools-for-stm32.10.3-2021.10.linux64_1.0.100.202210260954/tools/bin/../lib/gcc/arm-none-eabi/10.3.1/../../../../arm-none-eabi/lib/thumb/v7e-m+fp/hard/libc_nano.a(lib_a-putchar.o)
                0x000000000800ad08                putchar
 .text._puts_r  0x000000000800ad34       0xdc /opt/st/stm32cubeide_1.11.2/plugins/com.st.stm32cube.ide.mcu.externaltools.gnu-tools-for-stm32.10.3-2021.10.linux64_1.0.100.202210260954/tools/bin/../lib/gcc/arm-none-eabi/10.3.1/../../../../arm-none-eabi/lib/thumb/v7e-m+fp/hard/libc_nano.a(lib_a-puts.o)
                0x000000000800ad34                _puts_r
 .text.puts     0x000000000800ae10       0x10 /opt/st/stm32cubeide_1.11.2/plugins/com.st.stm32cube.ide.mcu.externaltools.gnu-tools-for-stm32.10.3-2021.10.linux64_1.0.100.202210260954/tools/bin/../lib/gcc/arm-none-eabi/10.3.1/../../../../arm-none-eabi/lib/thumb/v7e-m+fp/hard/libc_nano.a(lib_a-puts.o)
                0x000000000800ae10                puts
 .text._sbrk_r  0x000000000800ae20       0x20 /opt/st/stm32cubeide_1.11.2/plugins/com.st.stm32cube.ide.mcu.externaltools.gnu-tools-for-stm32.10.3-2021.10.linux64_1.0.100.202210260954/tools/bin/../lib/gcc/arm-none-eabi/10.3.1/../../../../arm-none-eabi/lib/thumb/v7e-m+fp/hard/libc_nano.a(lib_a-sbrkr.o)
                0x000000000800ae20                _sbrk_r
 .text.sprintf  0x000000000800ae40       0x40 /opt/st/stm32cubeide_1.11.2/plugins/com.st.stm32cube.ide.mcu.externaltools.gnu-tools-for-stm32.10.3-2021.10.linux64_1.0.100.202210260954/tools/bin/../lib/gcc/arm-none-eabi/10.3.1/../../../../arm-none-eabi/lib/thumb/v7e-m+fp/hard/libc_nano.a(lib_a-sprintf.o)
                0x000000000800ae40                sprintf
                0x000000000800ae40                siprintf
 .text.strcasecmp
                0x000000000800ae80       0x34 /opt/st/stm32cubeide_1.11.2/plugins/com.st.stm32cube.ide.mcu.externaltools.gnu-tools-for-stm32.10.3-2021.10.linux64_1.0.100.202210260954/tools/bin/../lib/gcc/arm-none-eabi/10.3.1/../../../../arm-none-eabi/lib/thumb/v7e-m+fp/hard/libc_nano.a(lib_a-strcasecmp.o)
                0x000000000800ae80                strcasecmp
 .text.strncasecmp
                0x000000000800aeb4       0x44 /opt/st/stm32cubeide_1.11.2/plugins/com.st.stm32cube.ide.mcu.externaltools.gnu-tools-for-stm32.10.3-2021.10.linux64_1.0.100.202210260954/tools/bin/../lib/gcc/arm-none-eabi/10.3.1/../../../../arm-none-eabi/lib/thumb/v7e-m+fp/hard/libc_nano.a(lib_a-strncasecmp.o)
                0x000000000800aeb4                strncasecmp
 .text.__strtok_r
                0x000000000800aef8       0x50 /opt/st/stm32cubeide_1.11.2/plugins/com.st.stm32cube.ide.mcu.externaltools.gnu-tools-for-stm32.10.3-2021.10.linux64_1.0.100.202210260954/tools/bin/../lib/gcc/arm-none-eabi/10.3.1/../../../../arm-none-eabi/lib/thumb/v7e-m+fp/hard/libc_nano.a(lib_a-strtok_r.o)
                0x000000000800aef8                __strtok_r
 .text.strtok_r
                0x000000000800af48        0x6 /opt/st/stm32cubeide_1.11.2/plugins/com.st.stm32cube.ide.mcu.externaltools.gnu-tools-for-stm32.10.3-2021.10.linux64_1.0.100.202210260954/tools/bin/../lib/gcc/arm-none-eabi/10.3.1/../../../../arm-none-eabi/lib/thumb/v7e-m+fp/hard/libc_nano.a(lib_a-strtok_r.o)
                0x000000000800af48                strtok_r
 *fill*         0x000000000800af4e        0x2 
 .text._strtol_l.constprop.0
                0x000000000800af50      0x104 /opt/st/stm32cubeide_1.11.2/plugins/com.st.stm32cube.ide.mcu.externaltools.gnu-tools-for-stm32.10.3-2021.10.linux64_1.0.100.202210260954/tools/bin/../lib/gcc/arm-none-eabi/10.3.1/../../../../arm-none-eabi/lib/thumb/v7e-m+fp/hard/libc_nano.a(lib_a-strtol.o)
 .text.strtol   0x000000000800b054       0x14 /opt/st/stm32cubeide_1.11.2/plugins/com.st.stm32cube.ide.mcu.externaltools.gnu-tools-for-stm32.10.3-2021.10.linux64_1.0.100.202210260954/tools/bin/../lib/gcc/arm-none-eabi/10.3.1/../../../../arm-none-eabi/lib/thumb/v7e-m+fp/hard/libc_nano.a(lib_a-strtol.o)
                0x000000000800b054                strtol
 .text._strtoul_l.constprop.0
                0x000000000800b068       0xe4 /opt/st/stm32cubeide_1.11.2/plugins/com.st.stm32cube.ide.mcu.externaltools.gnu-tools-for-stm32.10.3-2021.10.linux64_1.0.100.202210260954/tools/bin/../lib/gcc/arm-none-eabi/10.3.1/../../../../arm-none-eabi/lib/thumb/v7e-m+fp/hard/libc_nano.a(lib_a-strtoul.o)
 .text.strtoul  0x000000000800b14c       0x14 /opt/st/stm32cubeide_1.11.2/plugins/com.st.stm32cube.ide.mcu.externaltools.gnu-tools-for-stm32.10.3-2021.10.linux64_1.0.100.202210260954/tools/bin/../lib/gcc/arm-none-eabi/10.3.1/../../../../arm-none-eabi/lib/thumb/v7e-m+fp/hard/libc_nano.a(lib_a-strtoul.o)
                0x000000000800b14c                strtoul
 .text.__swbuf_r
                0x000000000800b160       0xa4 /opt/st/stm32cubeide_1.11.2/plugins/com.st.stm32cube.ide.mcu.externaltools.gnu-tools-for-stm32.10.3-2021.10.linux64_1.0.100.202210260954/tools/bin/../lib/gcc/arm-none-eabi/10.3.1/../../../../arm-none-eabi/lib/thumb/v7e-m+fp/hard/libc_nano.a(lib_a-wbuf.o)
                0x000000000800b160                __swbuf_r
 .text.__swsetup_r
                0x000000000800b204       0xdc /opt/st/stm32cubeide_1.11.2/plugins/com.st.stm32cube.ide.mcu.externaltools.gnu-tools-for-stm32.10.3-2021.10.linux64_1.0.100.202210260954/tools/bin/../lib/gcc/arm-none-eabi/10.3.1/../../../../arm-none-eabi/lib/thumb/v7e-m+fp/hard/libc_nano.a(lib_a-wsetup.o)
                0x000000000800b204                __swsetup_r
 .text.quorem   0x000000000800b2e0      0x116 /opt/st/stm32cubeide_1.11.2/plugins/com.st.stm32cube.ide.mcu.externaltools.gnu-tools-for-stm32.10.3-2021.10.linux64_1.0.100.202210260954/tools/bin/../lib/gcc/arm-none-eabi/10.3.1/../../../../arm-none-eabi/lib/thumb/v7e-m+fp/hard/libc_nano.a(lib_a-dtoa.o)
 *fill*         0x000000000800b3f6        0x2 
 .text._dtoa_r  0x000000000800b3f8      0xbdc /opt/st/stm32cubeide_1.11.2/plugins/com.st.stm32cube.ide.mcu.externaltools.gnu-tools-for-stm32.10.3-2021.10.linux64_1.0.100.202210260954/tools/bin/../lib/gcc/arm-none-eabi/10.3.1/../../../../arm-none-eabi/lib/thumb/v7e-m+fp/hard/libc_nano.a(lib_a-dtoa.o)
                0x000000000800b3f8                _dtoa_r
 .text.__sflush_r
                0x000000000800bfd4      0x10c /opt/st/stm32cubeide_1.11.2/plugins/com.st.stm32cube.ide.mcu.externaltools.gnu-tools-for-stm32.10.3-2021.10.linux64_1.0.100.202210260954/tools/bin/../lib/gcc/arm-none-eabi/10.3.1/../../../../arm-none-eabi/lib/thumb/v7e-m+fp/hard/libc_nano.a(lib_a-fflush.o)
                0x000000000800bfd4                __sflush_r
 .text._fflush_r
                0x000000000800c0e0       0x78 /opt/st/stm32cubeide_1.11.2/plugins/com.st.stm32cube.ide.mcu.externaltools.gnu-tools-for-stm32.10.3-2021.10.linux64_1.0.100.202210260954/tools/bin/../lib/gcc/arm-none-eabi/10.3.1/../../../../arm-none-eabi/lib/thumb/v7e-m+fp/hard/libc_nano.a(lib_a-fflush.o)
                0x000000000800c0e0                _fflush_r
 .text.std      0x000000000800c158       0x48 /opt/st/stm32cubeide_1.11.2/plugins/com.st.stm32cube.ide.mcu.externaltools.gnu-tools-for-stm32.10.3-2021.10.linux64_1.0.100.202210260954/tools/bin/../lib/gcc/arm-none-eabi/10.3.1/../../../../arm-none-eabi/lib/thumb/v7e-m+fp/hard/libc_nano.a(lib_a-findfp.o)
 .text._cleanup_r
                0x000000000800c1a0        0xc /opt/st/stm32cubeide_1.11.2/plugins/com.st.stm32cube.ide.mcu.externaltools.gnu-tools-for-stm32.10.3-2021.10.linux64_1.0.100.202210260954/tools/bin/../lib/gcc/arm-none-eabi/10.3.1/../../../../arm-none-eabi/lib/thumb/v7e-m+fp/hard/libc_nano.a(lib_a-findfp.o)
                0x000000000800c1a0                _cleanup_r
 .text.__sfmoreglue
                0x000000000800c1ac       0x2c /opt/st/stm32cubeide_1.11.2/plugins/com.st.stm32cube.ide.mcu.externaltools.gnu-tools-for-stm32.10.3-2021.10.linux64_1.0.100.202210260954/tools/bin/../lib/gcc/arm-none-eabi/10.3.1/../../../../arm-none-eabi/lib/thumb/v7e-m+fp/hard/libc_nano.a(lib_a-findfp.o)
                0x000000000800c1ac                __sfmoreglue
 .text.__sfp_lock_acquire
                0x000000000800c1d8        0xc /opt/st/stm32cubeide_1.11.2/plugins/com.st.stm32cube.ide.mcu.externaltools.gnu-tools-for-stm32.10.3-2021.10.linux64_1.0.100.202210260954/tools/bin/../lib/gcc/arm-none-eabi/10.3.1/../../../../arm-none-eabi/lib/thumb/v7e-m+fp/hard/libc_nano.a(lib_a-findfp.o)
                0x000000000800c1d8                __sfp_lock_acquire
 .text.__sfp_lock_release
                0x000000000800c1e4        0xc /opt/st/stm32cubeide_1.11.2/plugins/com.st.stm32cube.ide.mcu.externaltools.gnu-tools-for-stm32.10.3-2021.10.linux64_1.0.100.202210260954/tools/bin/../lib/gcc/arm-none-eabi/10.3.1/../../../../arm-none-eabi/lib/thumb/v7e-m+fp/hard/libc_nano.a(lib_a-findfp.o)
                0x000000000800c1e4                __sfp_lock_release
 .text.__sinit_lock_acquire
                0x000000000800c1f0        0xc /opt/st/stm32cubeide_1.11.2/plugins/com.st.stm32cube.ide.mcu.externaltools.gnu-tools-for-stm32.10.3-2021.10.linux64_1.0.100.202210260954/tools/bin/../lib/gcc/arm-none-eabi/10.3.1/../../../../arm-none-eabi/lib/thumb/v7e-m+fp/hard/libc_nano.a(lib_a-findfp.o)
                0x000000000800c1f0                __sinit_lock_acquire
 .text.__sinit_lock_release
                0x000000000800c1fc        0xc /opt/st/stm32cubeide_1.11.2/plugins/com.st.stm32cube.ide.mcu.externaltools.gnu-tools-for-stm32.10.3-2021.10.linux64_1.0.100.202210260954/tools/bin/../lib/gcc/arm-none-eabi/10.3.1/../../../../arm-none-eabi/lib/thumb/v7e-m+fp/hard/libc_nano.a(lib_a-findfp.o)
                0x000000000800c1fc                __sinit_lock_release
 .text.__sinit  0x000000000800c208       0x70 /opt/st/stm32cubeide_1.11.2/plugins/com.st.stm32cube.ide.mcu.externaltools.gnu-tools-for-stm32.10.3-2021.10.linux64_1.0.100.202210260954/tools/bin/../lib/gcc/arm-none-eabi/10.3.1/../../../../arm-none-eabi/lib/thumb/v7e-m+fp/hard/libc_nano.a(lib_a-findfp.o)
                0x000000000800c208                __sinit
 .text.__sfp    0x000000000800c278       0x8c /opt/st/stm32cubeide_1.11.2/plugins/com.st.stm32cube.ide.mcu.externaltools.gnu-tools-for-stm32.10.3-2021.10.linux64_1.0.100.202210260954/tools/bin/../lib/gcc/arm-none-eabi/10.3.1/../../../../arm-none-eabi/lib/thumb/v7e-m+fp/hard/libc_nano.a(lib_a-findfp.o)
                0x000000000800c278                __sfp
 .text._fwalk_reent
                0x000000000800c304       0x3e /opt/st/stm32cubeide_1.11.2/plugins/com.st.stm32cube.ide.mcu.externaltools.gnu-tools-for-stm32.10.3-2021.10.linux64_1.0.100.202210260954/tools/bin/../lib/gcc/arm-none-eabi/10.3.1/../../../../arm-none-eabi/lib/thumb/v7e-m+fp/hard/libc_nano.a(lib_a-fwalk.o)
                0x000000000800c304                _fwalk_reent
 *fill*         0x000000000800c342        0x2 
 .text._localeconv_r
                0x000000000800c344        0x8 /opt/st/stm32cubeide_1.11.2/plugins/com.st.stm32cube.ide.mcu.externaltools.gnu-tools-for-stm32.10.3-2021.10.linux64_1.0.100.202210260954/tools/bin/../lib/gcc/arm-none-eabi/10.3.1/../../../../arm-none-eabi/lib/thumb/v7e-m+fp/hard/libc_nano.a(lib_a-localeconv.o)
                0x000000000800c344                _localeconv_r
 .text.__retarget_lock_init_recursive
                0x000000000800c34c        0x2 /opt/st/stm32cubeide_1.11.2/plugins/com.st.stm32cube.ide.mcu.externaltools.gnu-tools-for-stm32.10.3-2021.10.linux64_1.0.100.202210260954/tools/bin/../lib/gcc/arm-none-eabi/10.3.1/../../../../arm-none-eabi/lib/thumb/v7e-m+fp/hard/libc_nano.a(lib_a-lock.o)
                0x000000000800c34c                __retarget_lock_init_recursive
 .text.__retarget_lock_acquire_recursive
                0x000000000800c34e        0x2 /opt/st/stm32cubeide_1.11.2/plugins/com.st.stm32cube.ide.mcu.externaltools.gnu-tools-for-stm32.10.3-2021.10.linux64_1.0.100.202210260954/tools/bin/../lib/gcc/arm-none-eabi/10.3.1/../../../../arm-none-eabi/lib/thumb/v7e-m+fp/hard/libc_nano.a(lib_a-lock.o)
                0x000000000800c34e                __retarget_lock_acquire_recursive
 .text.__retarget_lock_release_recursive
                0x000000000800c350        0x2 /opt/st/stm32cubeide_1.11.2/plugins/com.st.stm32cube.ide.mcu.externaltools.gnu-tools-for-stm32.10.3-2021.10.linux64_1.0.100.202210260954/tools/bin/../lib/gcc/arm-none-eabi/10.3.1/../../../../arm-none-eabi/lib/thumb/v7e-m+fp/hard/libc_nano.a(lib_a-lock.o)
                0x000000000800c350                __retarget_lock_release_recursive
 .text.__swhatbuf_r
                0x000000000800c352       0x4a /opt/st/stm32cubeide_1.11.2/plugins/com.st.stm32cube.ide.mcu.externaltools.gnu-tools-for-stm32.10.3-2021.10.linux64_1.0.100.202210260954/tools/bin/../lib/gcc/arm-none-eabi/10.3.1/../../../../arm-none-eabi/lib/thumb/v7e-m+fp/hard/libc_nano.a(lib_a-makebuf.o)
                0x000000000800c352                __swhatbuf_r
 .text.__smakebuf_r
                0x000000000800c39c       0x80 /opt/st/stm32cubeide_1.11.2/plugins/com.st.stm32cube.ide.mcu.externaltools.gnu-tools-for-stm32.10.3-2021.10.linux64_1.0.100.202210260954/tools/bin/../lib/gcc/arm-none-eabi/10.3.1/../../../../arm-none-eabi/lib/thumb/v7e-m+fp/hard/libc_nano.a(lib_a-makebuf.o)
                0x000000000800c39c                __smakebuf_r
 .text.__malloc_lock
                0x000000000800c41c        0xc /opt/st/stm32cubeide_1.11.2/plugins/com.st.stm32cube.ide.mcu.externaltools.gnu-tools-for-stm32.10.3-2021.10.linux64_1.0.100.202210260954/tools/bin/../lib/gcc/arm-none-eabi/10.3.1/../../../../arm-none-eabi/lib/thumb/v7e-m+fp/hard/libc_nano.a(lib_a-mlock.o)
                0x000000000800c41c                __malloc_lock
 .text.__malloc_unlock
                0x000000000800c428        0xc /opt/st/stm32cubeide_1.11.2/plugins/com.st.stm32cube.ide.mcu.externaltools.gnu-tools-for-stm32.10.3-2021.10.linux64_1.0.100.202210260954/tools/bin/../lib/gcc/arm-none-eabi/10.3.1/../../../../arm-none-eabi/lib/thumb/v7e-m+fp/hard/libc_nano.a(lib_a-mlock.o)
                0x000000000800c428                __malloc_unlock
 .text._Balloc  0x000000000800c434       0x80 /opt/st/stm32cubeide_1.11.2/plugins/com.st.stm32cube.ide.mcu.externaltools.gnu-tools-for-stm32.10.3-2021.10.linux64_1.0.100.202210260954/tools/bin/../lib/gcc/arm-none-eabi/10.3.1/../../../../arm-none-eabi/lib/thumb/v7e-m+fp/hard/libc_nano.a(lib_a-mprec.o)
                0x000000000800c434                _Balloc
 .text._Bfree   0x000000000800c4b4       0x44 /opt/st/stm32cubeide_1.11.2/plugins/com.st.stm32cube.ide.mcu.externaltools.gnu-tools-for-stm32.10.3-2021.10.linux64_1.0.100.202210260954/tools/bin/../lib/gcc/arm-none-eabi/10.3.1/../../../../arm-none-eabi/lib/thumb/v7e-m+fp/hard/libc_nano.a(lib_a-mprec.o)
                0x000000000800c4b4                _Bfree
 .text.__multadd
                0x000000000800c4f8       0x8c /opt/st/stm32cubeide_1.11.2/plugins/com.st.stm32cube.ide.mcu.externaltools.gnu-tools-for-stm32.10.3-2021.10.linux64_1.0.100.202210260954/tools/bin/../lib/gcc/arm-none-eabi/10.3.1/../../../../arm-none-eabi/lib/thumb/v7e-m+fp/hard/libc_nano.a(lib_a-mprec.o)
                0x000000000800c4f8                __multadd
 .text.__hi0bits
                0x000000000800c584       0x40 /opt/st/stm32cubeide_1.11.2/plugins/com.st.stm32cube.ide.mcu.externaltools.gnu-tools-for-stm32.10.3-2021.10.linux64_1.0.100.202210260954/tools/bin/../lib/gcc/arm-none-eabi/10.3.1/../../../../arm-none-eabi/lib/thumb/v7e-m+fp/hard/libc_nano.a(lib_a-mprec.o)
                0x000000000800c584                __hi0bits
 .text.__lo0bits
                0x000000000800c5c4       0x5e /opt/st/stm32cubeide_1.11.2/plugins/com.st.stm32cube.ide.mcu.externaltools.gnu-tools-for-stm32.10.3-2021.10.linux64_1.0.100.202210260954/tools/bin/../lib/gcc/arm-none-eabi/10.3.1/../../../../arm-none-eabi/lib/thumb/v7e-m+fp/hard/libc_nano.a(lib_a-mprec.o)
                0x000000000800c5c4                __lo0bits
 *fill*         0x000000000800c622        0x2 
 .text.__i2b    0x000000000800c624       0x2c /opt/st/stm32cubeide_1.11.2/plugins/com.st.stm32cube.ide.mcu.externaltools.gnu-tools-for-stm32.10.3-2021.10.linux64_1.0.100.202210260954/tools/bin/../lib/gcc/arm-none-eabi/10.3.1/../../../../arm-none-eabi/lib/thumb/v7e-m+fp/hard/libc_nano.a(lib_a-mprec.o)
                0x000000000800c624                __i2b
 .text.__multiply
                0x000000000800c650      0x154 /opt/st/stm32cubeide_1.11.2/plugins/com.st.stm32cube.ide.mcu.externaltools.gnu-tools-for-stm32.10.3-2021.10.linux64_1.0.100.202210260954/tools/bin/../lib/gcc/arm-none-eabi/10.3.1/../../../../arm-none-eabi/lib/thumb/v7e-m+fp/hard/libc_nano.a(lib_a-mprec.o)
                0x000000000800c650                __multiply
 .text.__pow5mult
                0x000000000800c7a4       0xb4 /opt/st/stm32cubeide_1.11.2/plugins/com.st.stm32cube.ide.mcu.externaltools.gnu-tools-for-stm32.10.3-2021.10.linux64_1.0.100.202210260954/tools/bin/../lib/gcc/arm-none-eabi/10.3.1/../../../../arm-none-eabi/lib/thumb/v7e-m+fp/hard/libc_nano.a(lib_a-mprec.o)
                0x000000000800c7a4                __pow5mult
 .text.__lshift
                0x000000000800c858       0xe0 /opt/st/stm32cubeide_1.11.2/plugins/com.st.stm32cube.ide.mcu.externaltools.gnu-tools-for-stm32.10.3-2021.10.linux64_1.0.100.202210260954/tools/bin/../lib/gcc/arm-none-eabi/10.3.1/../../../../arm-none-eabi/lib/thumb/v7e-m+fp/hard/libc_nano.a(lib_a-mprec.o)
                0x000000000800c858                __lshift
 .text.__mcmp   0x000000000800c938       0x38 /opt/st/stm32cubeide_1.11.2/plugins/com.st.stm32cube.ide.mcu.externaltools.gnu-tools-for-stm32.10.3-2021.10.linux64_1.0.100.202210260954/tools/bin/../lib/gcc/arm-none-eabi/10.3.1/../../../../arm-none-eabi/lib/thumb/v7e-m+fp/hard/libc_nano.a(lib_a-mprec.o)
                0x000000000800c938                __mcmp
 .text.__mdiff  0x000000000800c970      0x114 /opt/st/stm32cubeide_1.11.2/plugins/com.st.stm32cube.ide.mcu.externaltools.gnu-tools-for-stm32.10.3-2021.10.linux64_1.0.100.202210260954/tools/bin/../lib/gcc/arm-none-eabi/10.3.1/../../../../arm-none-eabi/lib/thumb/v7e-m+fp/hard/libc_nano.a(lib_a-mprec.o)
                0x000000000800c970                __mdiff
 .text.__d2b    0x000000000800ca84       0xb8 /opt/st/stm32cubeide_1.11.2/plugins/com.st.stm32cube.ide.mcu.externaltools.gnu-tools-for-stm32.10.3-2021.10.linux64_1.0.100.202210260954/tools/bin/../lib/gcc/arm-none-eabi/10.3.1/../../../../arm-none-eabi/lib/thumb/v7e-m+fp/hard/libc_nano.a(lib_a-mprec.o)
                0x000000000800ca84                __d2b
 .text._calloc_r
                0x000000000800cb3c       0x2c /opt/st/stm32cubeide_1.11.2/plugins/com.st.stm32cube.ide.mcu.externaltools.gnu-tools-for-stm32.10.3-2021.10.linux64_1.0.100.202210260954/tools/bin/../lib/gcc/arm-none-eabi/10.3.1/../../../../arm-none-eabi/lib/thumb/v7e-m+fp/hard/libc_nano.a(lib_a-nano-callocr.o)
                0x000000000800cb3c                _calloc_r
 .text.__ssputs_r
                0x000000000800cb68       0xb6 /opt/st/stm32cubeide_1.11.2/plugins/com.st.stm32cube.ide.mcu.externaltools.gnu-tools-for-stm32.10.3-2021.10.linux64_1.0.100.202210260954/tools/bin/../lib/gcc/arm-none-eabi/10.3.1/../../../../arm-none-eabi/lib/thumb/v7e-m+fp/hard/libc_nano.a(lib_a-nano-svfprintf.o)
                0x000000000800cb68                __ssputs_r
 *fill*         0x000000000800cc1e        0x2 
 .text._svfprintf_r
                0x000000000800cc20      0x200 /opt/st/stm32cubeide_1.11.2/plugins/com.st.stm32cube.ide.mcu.externaltools.gnu-tools-for-stm32.10.3-2021.10.linux64_1.0.100.202210260954/tools/bin/../lib/gcc/arm-none-eabi/10.3.1/../../../../arm-none-eabi/lib/thumb/v7e-m+fp/hard/libc_nano.a(lib_a-nano-svfprintf.o)
                0x000000000800cc20                _svfprintf_r
                0x000000000800cc20                _svfiprintf_r
 .text.__sfputc_r
                0x000000000800ce20       0x2e /opt/st/stm32cubeide_1.11.2/plugins/com.st.stm32cube.ide.mcu.externaltools.gnu-tools-for-stm32.10.3-2021.10.linux64_1.0.100.202210260954/tools/bin/../lib/gcc/arm-none-eabi/10.3.1/../../../../arm-none-eabi/lib/thumb/v7e-m+fp/hard/libc_nano.a(lib_a-nano-vfprintf.o)
 .text.__sfputs_r
                0x000000000800ce4e       0x24 /opt/st/stm32cubeide_1.11.2/plugins/com.st.stm32cube.ide.mcu.externaltools.gnu-tools-for-stm32.10.3-2021.10.linux64_1.0.100.202210260954/tools/bin/../lib/gcc/arm-none-eabi/10.3.1/../../../../arm-none-eabi/lib/thumb/v7e-m+fp/hard/libc_nano.a(lib_a-nano-vfprintf.o)
                0x000000000800ce4e                __sfputs_r
 *fill*         0x000000000800ce72        0x2 
 .text._vfprintf_r
                0x000000000800ce74      0x260 /opt/st/stm32cubeide_1.11.2/plugins/com.st.stm32cube.ide.mcu.externaltools.gnu-tools-for-stm32.10.3-2021.10.linux64_1.0.100.202210260954/tools/bin/../lib/gcc/arm-none-eabi/10.3.1/../../../../arm-none-eabi/lib/thumb/v7e-m+fp/hard/libc_nano.a(lib_a-nano-vfprintf.o)
                0x000000000800ce74                _vfiprintf_r
                0x000000000800ce74                _vfprintf_r
 .text._putc_r  0x000000000800d0d4       0x90 /opt/st/stm32cubeide_1.11.2/plugins/com.st.stm32cube.ide.mcu.externaltools.gnu-tools-for-stm32.10.3-2021.10.linux64_1.0.100.202210260954/tools/bin/../lib/gcc/arm-none-eabi/10.3.1/../../../../arm-none-eabi/lib/thumb/v7e-m+fp/hard/libc_nano.a(lib_a-putc.o)
                0x000000000800d0d4                _putc_r
 .text.__sread  0x000000000800d164       0x22 /opt/st/stm32cubeide_1.11.2/plugins/com.st.stm32cube.ide.mcu.externaltools.gnu-tools-for-stm32.10.3-2021.10.linux64_1.0.100.202210260954/tools/bin/../lib/gcc/arm-none-eabi/10.3.1/../../../../arm-none-eabi/lib/thumb/v7e-m+fp/hard/libc_nano.a(lib_a-stdio.o)
                0x000000000800d164                __sread
 .text.__swrite
                0x000000000800d186       0x38 /opt/st/stm32cubeide_1.11.2/plugins/com.st.stm32cube.ide.mcu.externaltools.gnu-tools-for-stm32.10.3-2021.10.linux64_1.0.100.202210260954/tools/bin/../lib/gcc/arm-none-eabi/10.3.1/../../../../arm-none-eabi/lib/thumb/v7e-m+fp/hard/libc_nano.a(lib_a-stdio.o)
                0x000000000800d186                __swrite
 .text.__sseek  0x000000000800d1be       0x24 /opt/st/stm32cubeide_1.11.2/plugins/com.st.stm32cube.ide.mcu.externaltools.gnu-tools-for-stm32.10.3-2021.10.linux64_1.0.100.202210260954/tools/bin/../lib/gcc/arm-none-eabi/10.3.1/../../../../arm-none-eabi/lib/thumb/v7e-m+fp/hard/libc_nano.a(lib_a-stdio.o)
                0x000000000800d1be                __sseek
 .text.__sclose
                0x000000000800d1e2        0x8 /opt/st/stm32cubeide_1.11.2/plugins/com.st.stm32cube.ide.mcu.externaltools.gnu-tools-for-stm32.10.3-2021.10.linux64_1.0.100.202210260954/tools/bin/../lib/gcc/arm-none-eabi/10.3.1/../../../../arm-none-eabi/lib/thumb/v7e-m+fp/hard/libc_nano.a(lib_a-stdio.o)
                0x000000000800d1e2                __sclose
 *fill*         0x000000000800d1ea        0x2 
 .text._write_r
                0x000000000800d1ec       0x24 /opt/st/stm32cubeide_1.11.2/plugins/com.st.stm32cube.ide.mcu.externaltools.gnu-tools-for-stm32.10.3-2021.10.linux64_1.0.100.202210260954/tools/bin/../lib/gcc/arm-none-eabi/10.3.1/../../../../arm-none-eabi/lib/thumb/v7e-m+fp/hard/libc_nano.a(lib_a-writer.o)
                0x000000000800d1ec                _write_r
 .text.__assert_func
                0x000000000800d210       0x3c /opt/st/stm32cubeide_1.11.2/plugins/com.st.stm32cube.ide.mcu.externaltools.gnu-tools-for-stm32.10.3-2021.10.linux64_1.0.100.202210260954/tools/bin/../lib/gcc/arm-none-eabi/10.3.1/../../../../arm-none-eabi/lib/thumb/v7e-m+fp/hard/libc_nano.a(lib_a-assert.o)
                0x000000000800d210                __assert_func
 .text._close_r
                0x000000000800d24c       0x20 /opt/st/stm32cubeide_1.11.2/plugins/com.st.stm32cube.ide.mcu.externaltools.gnu-tools-for-stm32.10.3-2021.10.linux64_1.0.100.202210260954/tools/bin/../lib/gcc/arm-none-eabi/10.3.1/../../../../arm-none-eabi/lib/thumb/v7e-m+fp/hard/libc_nano.a(lib_a-closer.o)
                0x000000000800d24c                _close_r
 .text.fprintf  0x000000000800d26c       0x24 /opt/st/stm32cubeide_1.11.2/plugins/com.st.stm32cube.ide.mcu.externaltools.gnu-tools-for-stm32.10.3-2021.10.linux64_1.0.100.202210260954/tools/bin/../lib/gcc/arm-none-eabi/10.3.1/../../../../arm-none-eabi/lib/thumb/v7e-m+fp/hard/libc_nano.a(lib_a-fprintf.o)
                0x000000000800d26c                fprintf
                0x000000000800d26c                fiprintf
 .text._fstat_r