../Drivers/STM32F4xx_HAL_Driver/Inc/stm32f4xx_ll_dma.h:1748:26:LL_DMA_IsActiveFlag_TC1	16	static
../Drivers/STM32F4xx_HAL_Driver/Inc/stm32f4xx_ll_dma.h:2188:22:LL_DMA_ClearFlag_TC1	16	static
../Drivers/STM32F4xx_HAL_Driver/Inc/stm32f4xx_ll_dma.h:2786:26:LL_DMA_IsEnabledIT_TC	16	static
../Drivers/STM32F4xx_HAL_Driver/Inc/stm32f4xx_ll_exti.h:834:26:LL_EXTI_IsActiveFlag_0_31	16	static
../Drivers/STM32F4xx_HAL_Driver/Inc/stm32f4xx_ll_exti.h:910:22:LL_EXTI_ClearFlag_0_31	16	static
../Drivers/STM32F4xx_HAL_Driver/Inc/stm32f4xx_ll_usart.h:1781:26:LL_USART_IsActiveFlag_IDLE	16	static
../Drivers/STM32F4xx_HAL_Driver/Inc/stm32f4xx_ll_usart.h:1792:26:LL_USART_IsActiveFlag_RXNE	16	static
../Drivers/STM32F4xx_HAL_Driver/Inc/stm32f4xx_ll_usart.h:1953:22:LL_USART_ClearFlag_IDLE	24	static
../Drivers/STM32F4xx_HAL_Driver/Inc/stm32f4xx_ll_usart.h:1979:22:LL_USART_ClearFlag_RXNE	16	static
../Drivers/STM32F4xx_HAL_Driver/Inc/stm32f4xx_ll_usart.h:2216:26:LL_USART_IsEnabledIT_IDLE	16	static
../Drivers/STM32F4xx_HAL_Driver/Inc/stm32f4xx_ll_usart.h:2227:26:LL_USART_IsEnabledIT_RXNE	16	static
../Drivers/STM32F4xx_HAL_Driver/Inc/stm32f4xx_ll_usart.h:2403:25:LL_USART_ReceiveData8	16	static
../Core/Src/stm32f4xx_it.c:74:6:NMI_Handler	4	static
../Core/Src/stm32f4xx_it.c:89:6:HardFault_Handler	4	static
../Core/Src/stm32f4xx_it.c:104:6:MemManage_Handler	4	static
../Core/Src/stm32f4xx_it.c:119:6:BusFault_Handler	4	static
../Core/Src/stm32f4xx_it.c:134:6:UsageFault_Handler	4	static
../Core/Src/stm32f4xx_it.c:149:6:SVC_Handler	4	static
../Core/Src/stm32f4xx_it.c:162:6:DebugMon_Handler	4	static
../Core/Src/stm32f4xx_it.c:175:6:PendSV_Handler	4	static
../Core/Src/stm32f4xx_it.c:188:6:SysTick_Handler	4	static
../Core/Src/stm32f4xx_it.c:212:6:EXTI4_IRQHandler	8	static
../Core/Src/stm32f4xx_it.c:232:6:DMA1_Stream1_IRQHandler	8	static
../Core/Src/stm32f4xx_it.c:253:6:SPI1_IRQHandler	4	static
../Core/Src/stm32f4xx_it.c:266:6:USART1_IRQHandler	8	static
../Core/Src/stm32f4xx_it.c:294:6:USART3_IRQHandler	8	static
../Core/Src/stm32f4xx_it.c:323:6:SPI3_IRQHandler	4	static
../Core/Src/stm32f4xx_it.c:336:6:USART6_IRQHandler	8	static
