../Drivers/STM32F4xx_HAL_Driver/Inc/stm32f4xx_ll_spi.h:297:22:LL_SPI_Enable	16	static
../Drivers/STM32F4xx_HAL_Driver/Inc/stm32f4xx_ll_spi.h:731:26:LL_SPI_IsActiveFlag_RXNE	16	static
../Drivers/STM32F4xx_HAL_Driver/Inc/stm32f4xx_ll_spi.h:742:26:LL_SPI_IsActiveFlag_TXE	16	static
../Drivers/STM32F4xx_HAL_Driver/Inc/stm32f4xx_ll_spi.h:1075:25:LL_SPI_ReceiveData8	16	static
../Drivers/STM32F4xx_HAL_Driver/Inc/stm32f4xx_ll_spi.h:1098:22:LL_SPI_TransmitData8	24	static
../Drivers/STM32F4xx_HAL_Driver/Inc/stm32f4xx_ll_gpio.h:881:22:LL_GPIO_SetOutputPin	16	static
../Drivers/STM32F4xx_HAL_Driver/Inc/stm32f4xx_ll_gpio.h:910:22:LL_GPIO_ResetOutputPin	16	static
../Core/Src/W25Qxx_Flash.c:25:6:W25QXX_SPI_Initialization	8	static
../Core/Src/W25Qxx_Flash.c:39:15:W25qxx_Spi	16	static
../Core/Src/W25Qxx_Flash.c:49:6:W25qxx_Spi_Receive	32	static
../Core/Src/W25Qxx_Flash.c:64:6:W25qxx_Spi_Transmit	24	static
../Core/Src/W25Qxx_Flash.c:81:10:W25qxx_ReadID	16	static
../Core/Src/W25Qxx_Flash.c:94:6:W25qxx_ReadUniqID	24	static
../Core/Src/W25Qxx_Flash.c:113:6:W25qxx_WriteEnable	8	static
../Core/Src/W25Qxx_Flash.c:124:6:W25qxx_WriteDisable	8	static
../Core/Src/W25Qxx_Flash.c:135:9:W25qxx_ReadStatusRegister	24	static
../Core/Src/W25Qxx_Flash.c:168:6:W25qxx_WriteStatusRegister	16	static
../Core/Src/W25Qxx_Flash.c:191:6:W25qxx_WaitForWriteEnd	8	static
../Core/Src/W25Qxx_Flash.c:205:6:W25qxx_Init	16	static
../Core/Src/W25Qxx_Flash.c:321:6:W25qxx_EraseChip	16	static
../Core/Src/W25Qxx_Flash.c:342:6:W25qxx_EraseSector	24	static
../Core/Src/W25Qxx_Flash.c:377:6:W25qxx_EraseBlock	24	static
../Core/Src/W25Qxx_Flash.c:413:10:W25qxx_PageToSector	16	static
../Core/Src/W25Qxx_Flash.c:418:10:W25qxx_PageToBlock	16	static
../Core/Src/W25Qxx_Flash.c:423:10:W25qxx_SectorToBlock	16	static
../Core/Src/W25Qxx_Flash.c:428:10:W25qxx_SectorToPage	16	static
../Core/Src/W25Qxx_Flash.c:433:10:W25qxx_BlockToPage	16	static
../Core/Src/W25Qxx_Flash.c:440:6:W25qxx_IsEmptyPage	72	static
../Core/Src/W25Qxx_Flash.c:524:6:W25qxx_IsEmptySector	72	static
../Core/Src/W25Qxx_Flash.c:607:6:W25qxx_IsEmptyBlock	72	static
../Core/Src/W25Qxx_Flash.c:692:6:W25qxx_WriteByte	24	static
../Core/Src/W25Qxx_Flash.c:728:6:W25qxx_WritePage	32	static
../Core/Src/W25Qxx_Flash.c:780:6:W25qxx_WriteSector	40	static
../Core/Src/W25Qxx_Flash.c:819:6:W25qxx_WriteBlock	40	static
../Core/Src/W25Qxx_Flash.c:859:6:W25qxx_ReadBytes	32	static
../Core/Src/W25Qxx_Flash.c:904:6:W25qxx_ReadPage	32	static
../Core/Src/W25Qxx_Flash.c:954:6:W25qxx_ReadSector	40	static
../Core/Src/W25Qxx_Flash.c:993:6:W25qxx_ReadBlock	40	static
